Archive member included because of file (symbol)

/opt/gcc-arm-none-eabi-4_7-2013q2/bin/../lib/gcc/arm-none-eabi/4.7.4/armv7e-m/softfp/libgcc.a(_arm_addsubdf3.o)
                              build/components/libc/minilibc/math.o (__aeabi_dsub)
/opt/gcc-arm-none-eabi-4_7-2013q2/bin/../lib/gcc/arm-none-eabi/4.7.4/armv7e-m/softfp/libgcc.a(_arm_muldivdf3.o)
                              build/components/libc/minilibc/math.o (__aeabi_dmul)
/opt/gcc-arm-none-eabi-4_7-2013q2/bin/../lib/gcc/arm-none-eabi/4.7.4/armv7e-m/softfp/libgcc.a(_arm_fixdfsi.o)
                              build/components/libc/minilibc/math.o (__aeabi_d2iz)
/opt/gcc-arm-none-eabi-4_7-2013q2/bin/../lib/gcc/arm-none-eabi/4.7.4/../../../../arm-none-eabi/lib/armv7e-m/softfp/libc.a(lib_a-__atexit.o)
                              /opt/gcc-arm-none-eabi-4_7-2013q2/bin/../lib/gcc/arm-none-eabi/4.7.4/../../../../arm-none-eabi/lib/armv7e-m/softfp/crt0.o (__register_exitproc)
/opt/gcc-arm-none-eabi-4_7-2013q2/bin/../lib/gcc/arm-none-eabi/4.7.4/../../../../arm-none-eabi/lib/armv7e-m/softfp/libc.a(lib_a-exit.o)
                              /opt/gcc-arm-none-eabi-4_7-2013q2/bin/../lib/gcc/arm-none-eabi/4.7.4/../../../../arm-none-eabi/lib/armv7e-m/softfp/crt0.o (exit)
/opt/gcc-arm-none-eabi-4_7-2013q2/bin/../lib/gcc/arm-none-eabi/4.7.4/../../../../arm-none-eabi/lib/armv7e-m/softfp/libc.a(lib_a-fini.o)
                              /opt/gcc-arm-none-eabi-4_7-2013q2/bin/../lib/gcc/arm-none-eabi/4.7.4/../../../../arm-none-eabi/lib/armv7e-m/softfp/crt0.o (__libc_fini_array)
/opt/gcc-arm-none-eabi-4_7-2013q2/bin/../lib/gcc/arm-none-eabi/4.7.4/../../../../arm-none-eabi/lib/armv7e-m/softfp/libc.a(lib_a-impure.o)
                              /opt/gcc-arm-none-eabi-4_7-2013q2/bin/../lib/gcc/arm-none-eabi/4.7.4/../../../../arm-none-eabi/lib/armv7e-m/softfp/libc.a(lib_a-__atexit.o) (_global_impure_ptr)
/opt/gcc-arm-none-eabi-4_7-2013q2/bin/../lib/gcc/arm-none-eabi/4.7.4/../../../../arm-none-eabi/lib/armv7e-m/softfp/libc.a(lib_a-init.o)
                              /opt/gcc-arm-none-eabi-4_7-2013q2/bin/../lib/gcc/arm-none-eabi/4.7.4/../../../../arm-none-eabi/lib/armv7e-m/softfp/crt0.o (__libc_init_array)
/opt/gcc-arm-none-eabi-4_7-2013q2/bin/../lib/gcc/arm-none-eabi/4.7.4/../../../../arm-none-eabi/lib/armv7e-m/softfp/libc.a(lib_a-__call_atexit.o)
                              /opt/gcc-arm-none-eabi-4_7-2013q2/bin/../lib/gcc/arm-none-eabi/4.7.4/../../../../arm-none-eabi/lib/armv7e-m/softfp/libc.a(lib_a-exit.o) (__call_exitprocs)
/opt/gcc-arm-none-eabi-4_7-2013q2/bin/../lib/gcc/arm-none-eabi/4.7.4/../../../../arm-none-eabi/lib/armv7e-m/softfp/libc.a(lib_a-atexit.o)
                              /opt/gcc-arm-none-eabi-4_7-2013q2/bin/../lib/gcc/arm-none-eabi/4.7.4/../../../../arm-none-eabi/lib/armv7e-m/softfp/libc.a(lib_a-__call_atexit.o) (atexit)

Allocating common symbols
Common symbol       size              file

current_iphdr_src   0x4               build/components/net/lwip-1.4.1/src/core/ipv4/ip.o
netif_list          0x4               build/components/net/lwip-1.4.1/src/core/netif.o
SDIO_CmdInitStructure
                    0x14              /home/simpleon/tmp/VM-temp/rt-thread/drivers/stm32f4xx_sd.o
rt_interrupt_to_thread
                    0x4               build/libcpu/arm/cortex-m4/cpuport.o
DMAPTPRxDescToGet   0x4               /home/simpleon/tmp/VM-temp/rt-thread/drivers/stm32f4xx_eth.o
rt_interrupt_from_thread
                    0x4               build/libcpu/arm/cortex-m4/cpuport.o
global_sysvar_list  0x4               build/components/finsh/finsh_var.o
finsh_heap          0x80              build/components/finsh/finsh_heap.o
tcp_active_pcbs_changed
                    0x1               build/components/net/lwip-1.4.1/src/core/tcp.o
tcp_active_pcbs     0x4               build/components/net/lwip-1.4.1/src/core/tcp.o
udp_pcbs            0x4               build/components/net/lwip-1.4.1/src/core/udp.o
current_netif       0x4               build/components/net/lwip-1.4.1/src/core/ipv4/ip.o
shell               0x4               build/components/finsh/shell.o
tcp_ticks           0x4               build/components/net/lwip-1.4.1/src/core/tcp.o
tcp_listen_pcbs     0x4               build/components/net/lwip-1.4.1/src/core/tcp.o
DMARxDescToGet      0x4               /home/simpleon/tmp/VM-temp/rt-thread/drivers/stm32f4xx_eth.o
current_iphdr_dest  0x4               build/components/net/lwip-1.4.1/src/core/ipv4/ip.o
rt_thread_switch_interrupt_flag
                    0x4               build/libcpu/arm/cortex-m4/cpuport.o
text_segment        0x80              build/components/finsh/finsh_vm.o
finsh_compile_pc    0x4               build/components/finsh/finsh_compiler.o
fd_table            0x80              build/components/dfs/src/dfs.o
DMATxDescToSet      0x4               /home/simpleon/tmp/VM-temp/rt-thread/drivers/stm32f4xx_eth.o
tcp_tmp_pcb         0x4               build/components/net/lwip-1.4.1/src/core/tcp.o
[...]
Memory Configuration

Name             Origin             Length             Attributes
CODE             0x08000000         0x00100000         xr
DATA             0x20000000         0x00020000         rw
*default*        0x00000000         0xffffffff

Linker script and memory map

LOAD /opt/gcc-arm-none-eabi-4_7-2013q2/bin/../lib/gcc/arm-none-eabi/4.7.4/armv7e-m/softfp/crti.o
LOAD /opt/gcc-arm-none-eabi-4_7-2013q2/bin/../lib/gcc/arm-none-eabi/4.7.4/armv7e-m/softfp/crtbegin.o
LOAD /opt/gcc-arm-none-eabi-4_7-2013q2/bin/../lib/gcc/arm-none-eabi/4.7.4/../../../../arm-none-eabi/lib/armv7e-m/softfp/crt0.o
LOAD /home/simpleon/tmp/VM-temp/rt-thread/STM32F4xx_Libraries/CMSIS/ST/STM32F4xx/Source/Templates/system_stm32f4xx.o
LOAD /home/simpleon/tmp/VM-temp/rt-thread/STM32F4xx_Libraries/STM32F4xx_StdPeriph_Driver/src/misc.o
LOAD /home/simpleon/tmp/VM-temp/rt-thread/STM32F4xx_Libraries/STM32F4xx_StdPeriph_Driver/src/stm32f4xx_adc.o
LOAD /home/simpleon/tmp/VM-temp/rt-thread/STM32F4xx_Libraries/STM32F4xx_StdPeriph_Driver/src/stm32f4xx_can.o
LOAD /home/simpleon/tmp/VM-temp/rt-thread/STM32F4xx_Libraries/STM32F4xx_StdPeriph_Driver/src/stm32f4xx_crc.o
LOAD /home/simpleon/tmp/VM-temp/rt-thread/STM32F4xx_Libraries/STM32F4xx_StdPeriph_Driver/src/stm32f4xx_cryp.o
LOAD /home/simpleon/tmp/VM-temp/rt-thread/STM32F4xx_Libraries/STM32F4xx_StdPeriph_Driver/src/stm32f4xx_cryp_aes.o
LOAD /home/simpleon/tmp/VM-temp/rt-thread/STM32F4xx_Libraries/STM32F4xx_StdPeriph_Driver/src/stm32f4xx_cryp_des.o
LOAD /home/simpleon/tmp/VM-temp/rt-thread/STM32F4xx_Libraries/STM32F4xx_StdPeriph_Driver/src/stm32f4xx_cryp_tdes.o
LOAD /home/simpleon/tmp/VM-temp/rt-thread/STM32F4xx_Libraries/STM32F4xx_StdPeriph_Driver/src/stm32f4xx_dac.o
LOAD /home/simpleon/tmp/VM-temp/rt-thread/STM32F4xx_Libraries/STM32F4xx_StdPeriph_Driver/src/stm32f4xx_dbgmcu.o
LOAD /home/simpleon/tmp/VM-temp/rt-thread/STM32F4xx_Libraries/STM32F4xx_StdPeriph_Driver/src/stm32f4xx_dcmi.o
LOAD /home/simpleon/tmp/VM-temp/rt-thread/STM32F4xx_Libraries/STM32F4xx_StdPeriph_Driver/src/stm32f4xx_dma.o
LOAD /home/simpleon/tmp/VM-temp/rt-thread/STM32F4xx_Libraries/STM32F4xx_StdPeriph_Driver/src/stm32f4xx_exti.o
LOAD /home/simpleon/tmp/VM-temp/rt-thread/STM32F4xx_Libraries/STM32F4xx_StdPeriph_Driver/src/stm32f4xx_flash.o
LOAD /home/simpleon/tmp/VM-temp/rt-thread/STM32F4xx_Libraries/STM32F4xx_StdPeriph_Driver/src/stm32f4xx_fsmc.o
LOAD /home/simpleon/tmp/VM-temp/rt-thread/STM32F4xx_Libraries/STM32F4xx_StdPeriph_Driver/src/stm32f4xx_gpio.o
LOAD /home/simpleon/tmp/VM-temp/rt-thread/STM32F4xx_Libraries/STM32F4xx_StdPeriph_Driver/src/stm32f4xx_hash.o
LOAD /home/simpleon/tmp/VM-temp/rt-thread/STM32F4xx_Libraries/STM32F4xx_StdPeriph_Driver/src/stm32f4xx_hash_md5.o
LOAD /home/simpleon/tmp/VM-temp/rt-thread/STM32F4xx_Libraries/STM32F4xx_StdPeriph_Driver/src/stm32f4xx_hash_sha1.o
LOAD /home/simpleon/tmp/VM-temp/rt-thread/STM32F4xx_Libraries/STM32F4xx_StdPeriph_Driver/src/stm32f4xx_i2c.o
LOAD /home/simpleon/tmp/VM-temp/rt-thread/STM32F4xx_Libraries/STM32F4xx_StdPeriph_Driver/src/stm32f4xx_iwdg.o
LOAD /home/simpleon/tmp/VM-temp/rt-thread/STM32F4xx_Libraries/STM32F4xx_StdPeriph_Driver/src/stm32f4xx_pwr.o
LOAD /home/simpleon/tmp/VM-temp/rt-thread/STM32F4xx_Libraries/STM32F4xx_StdPeriph_Driver/src/stm32f4xx_rcc.o
LOAD /home/simpleon/tmp/VM-temp/rt-thread/STM32F4xx_Libraries/STM32F4xx_StdPeriph_Driver/src/stm32f4xx_rng.o
LOAD /home/simpleon/tmp/VM-temp/rt-thread/STM32F4xx_Libraries/STM32F4xx_StdPeriph_Driver/src/stm32f4xx_rtc.o
LOAD /home/simpleon/tmp/VM-temp/rt-thread/STM32F4xx_Libraries/STM32F4xx_StdPeriph_Driver/src/stm32f4xx_sdio.o
LOAD /home/simpleon/tmp/VM-temp/rt-thread/STM32F4xx_Libraries/STM32F4xx_StdPeriph_Driver/src/stm32f4xx_spi.o
LOAD /home/simpleon/tmp/VM-temp/rt-thread/STM32F4xx_Libraries/STM32F4xx_StdPeriph_Driver/src/stm32f4xx_syscfg.o
LOAD /home/simpleon/tmp/VM-temp/rt-thread/STM32F4xx_Libraries/STM32F4xx_StdPeriph_Driver/src/stm32f4xx_tim.o
LOAD /home/simpleon/tmp/VM-temp/rt-thread/STM32F4xx_Libraries/STM32F4xx_StdPeriph_Driver/src/stm32f4xx_usart.o
LOAD /home/simpleon/tmp/VM-temp/rt-thread/STM32F4xx_Libraries/STM32F4xx_StdPeriph_Driver/src/stm32f4xx_wwdg.o
LOAD /home/simpleon/tmp/VM-temp/rt-thread/STM32F4xx_Libraries/CMSIS/ST/STM32F4xx/Source/Templates/gcc_ride7/startup_stm32f4xx.o
LOAD /home/simpleon/tmp/VM-temp/rt-thread/drivers/board.o
LOAD /home/simpleon/tmp/VM-temp/rt-thread/drivers/platform.o
LOAD /home/simpleon/tmp/VM-temp/rt-thread/drivers/usart.o
LOAD /home/simpleon/tmp/VM-temp/rt-thread/drivers/ext_sram.o
LOAD /home/simpleon/tmp/VM-temp/rt-thread/drivers/stm32f4xx_it.o
LOAD /home/simpleon/tmp/VM-temp/rt-thread/drivers/stm32f4xx_exit.o
LOAD /home/simpleon/tmp/VM-temp/rt-thread/drivers/stm32f4xx_sd.o
LOAD /home/simpleon/tmp/VM-temp/rt-thread/drivers/stm32f4xx_eth.o
LOAD build/applications/application.o
LOAD build/applications/exit.o
LOAD build/applications/startup.o
LOAD build/applications/tcpclient.o
LOAD build/src/clock.o
LOAD build/src/device.o
LOAD build/src/idle.o
LOAD build/src/ipc.o
LOAD build/src/irq.o
LOAD build/src/kservice.o
LOAD build/src/mem.o
LOAD build/src/mempool.o
LOAD build/src/object.o
LOAD build/src/scheduler.o
LOAD build/src/thread.o
LOAD build/src/timer.o
LOAD build/libcpu/arm/cortex-m4/cpuport.o
LOAD build/libcpu/arm/cortex-m4/context_gcc.o
LOAD build/libcpu/arm/common/backtrace.o
LOAD build/libcpu/arm/common/div0.o
LOAD build/libcpu/arm/common/showmem.o
LOAD build/components/drivers/sdio/block_dev.o
LOAD build/components/drivers/sdio/mmcsd_core.o
LOAD build/components/drivers/sdio/sd.o
LOAD build/components/drivers/sdio/sdio.o
LOAD build/components/drivers/serial/serial.o
LOAD build/components/drivers/src/completion.o
LOAD build/components/drivers/src/dataqueue.o
LOAD build/components/drivers/src/pipe.o
LOAD build/components/drivers/src/portal.o
LOAD build/components/drivers/src/ringbuffer.o
LOAD build/components/finsh/shell.o
LOAD build/components/finsh/symbol.o
LOAD build/components/finsh/cmd.o
LOAD build/components/finsh/finsh_compiler.o
LOAD build/components/finsh/finsh_error.o
LOAD build/components/finsh/finsh_heap.o
LOAD build/components/finsh/finsh_init.o
LOAD build/components/finsh/finsh_node.o
LOAD build/components/finsh/finsh_ops.o
LOAD build/components/finsh/finsh_parser.o
LOAD build/components/finsh/finsh_var.o
LOAD build/components/finsh/finsh_vm.o
LOAD build/components/finsh/finsh_token.o
LOAD build/components/dfs/src/dfs.o
LOAD build/components/dfs/src/dfs_fs.o
LOAD build/components/dfs/src/dfs_file.o
LOAD build/components/dfs/src/dfs_posix.o
LOAD build/components/dfs/filesystems/elmfat/dfs_elm.o
LOAD build/components/dfs/filesystems/elmfat/ff.o
LOAD build/components/net/lwip-1.4.1/src/api/api_lib.o
LOAD build/components/net/lwip-1.4.1/src/api/api_msg.o
LOAD build/components/net/lwip-1.4.1/src/api/err.o
LOAD build/components/net/lwip-1.4.1/src/api/netbuf.o
LOAD build/components/net/lwip-1.4.1/src/api/netdb.o
LOAD build/components/net/lwip-1.4.1/src/api/netifapi.o
LOAD build/components/net/lwip-1.4.1/src/api/sockets.o
LOAD build/components/net/lwip-1.4.1/src/api/tcpip.o
LOAD build/components/net/lwip-1.4.1/src/arch/sys_arch.o
LOAD build/components/net/lwip-1.4.1/src/core/def.o
LOAD build/components/net/lwip-1.4.1/src/core/dhcp.o
LOAD build/components/net/lwip-1.4.1/src/core/dns.o
LOAD build/components/net/lwip-1.4.1/src/core/init.o
LOAD build/components/net/lwip-1.4.1/src/core/memp.o
LOAD build/components/net/lwip-1.4.1/src/core/netif.o
LOAD build/components/net/lwip-1.4.1/src/core/pbuf.o
LOAD build/components/net/lwip-1.4.1/src/core/raw.o
LOAD build/components/net/lwip-1.4.1/src/core/stats.o
LOAD build/components/net/lwip-1.4.1/src/core/sys.o
LOAD build/components/net/lwip-1.4.1/src/core/tcp.o
LOAD build/components/net/lwip-1.4.1/src/core/tcp_in.o
LOAD build/components/net/lwip-1.4.1/src/core/tcp_out.o
LOAD build/components/net/lwip-1.4.1/src/core/timers.o
LOAD build/components/net/lwip-1.4.1/src/core/udp.o
LOAD build/components/net/lwip-1.4.1/src/core/ipv4/autoip.o
LOAD build/components/net/lwip-1.4.1/src/core/ipv4/icmp.o
LOAD build/components/net/lwip-1.4.1/src/core/ipv4/igmp.o
LOAD build/components/net/lwip-1.4.1/src/core/ipv4/inet.o
LOAD build/components/net/lwip-1.4.1/src/core/ipv4/inet_chksum.o
LOAD build/components/net/lwip-1.4.1/src/core/ipv4/ip.o
LOAD build/components/net/lwip-1.4.1/src/core/ipv4/ip_addr.o
LOAD build/components/net/lwip-1.4.1/src/core/ipv4/ip_frag.o
LOAD build/components/net/lwip-1.4.1/src/netif/etharp.o
LOAD build/components/net/lwip-1.4.1/src/netif/ethernetif.o
LOAD build/components/net/lwip-1.4.1/src/netif/slipif.o
LOAD build/components/libc/minilibc/ctype.o
LOAD build/components/libc/minilibc/math.o
LOAD build/components/libc/minilibc/qsort.o
LOAD build/components/libc/minilibc/rand.o
LOAD build/components/libc/minilibc/stdlib.o
LOAD build/components/libc/minilibc/string.o
LOAD build/components/libc/minilibc/time.o
LOAD build/components/init/components.o
START GROUP
LOAD /opt/gcc-arm-none-eabi-4_7-2013q2/bin/../lib/gcc/arm-none-eabi/4.7.4/armv7e-m/softfp/libgcc.a
LOAD /opt/gcc-arm-none-eabi-4_7-2013q2/bin/../lib/gcc/arm-none-eabi/4.7.4/../../../../arm-none-eabi/lib/armv7e-m/softfp/libc.a
END GROUP
LOAD /opt/gcc-arm-none-eabi-4_7-2013q2/bin/../lib/gcc/arm-none-eabi/4.7.4/armv7e-m/softfp/crtend.o
LOAD /opt/gcc-arm-none-eabi-4_7-2013q2/bin/../lib/gcc/arm-none-eabi/4.7.4/armv7e-m/softfp/crtn.o
                0x00000200                _system_stack_size = 0x200

.text           0x08000000    0x2909c
                0x08000000                . = ALIGN (0x4)
 *(.isr_vector)
 .isr_vector    0x08000000      0x188 /home/simpleon/tmp/VM-temp/rt-thread/STM32F4xx_Libraries/CMSIS/ST/STM32F4xx/Source/Templates/gcc_ride7/startup_stm32f4xx.o
                0x08000000                g_pfnVectors
                0x08000188                . = ALIGN (0x4)
 *(.text)
 .text          0x08000188      0x114 build/libcpu/arm/cortex-m4/context_gcc.o
                0x08000188                rt_hw_interrupt_disable
                0x08000190                rt_hw_interrupt_enable
                0x08000196                rt_hw_context_switch_interrupt
                0x08000196                rt_hw_context_switch
                0x080001b6                PendSV_Handler
                0x08000222                rt_hw_context_switch_to
                0x08000264                rt_hw_interrupt_thread_switch
                0x08000268                HardFault_Handler
 *(.text.*)
 .text.SystemInit
                0x0800029c       0xb0 /home/simpleon/tmp/VM-temp/rt-thread/STM32F4xx_Libraries/CMSIS/ST/STM32F4xx/Source/Templates/system_stm32f4xx.o
                0x0800029c                SystemInit
 .text.SetSysClock
                0x0800034c      0x188 /home/simpleon/tmp/VM-temp/rt-thread/STM32F4xx_Libraries/CMSIS/ST/STM32F4xx/Source/Templates/system_stm32f4xx.o
 .text.NVIC_PriorityGroupConfig
                0x080004d4       0x5c /home/simpleon/tmp/VM-temp/rt-thread/STM32F4xx_Libraries/STM32F4xx_StdPeriph_Driver/src/misc.o
                0x080004d4                NVIC_PriorityGroupConfig
 .text.NVIC_Init
                0x08000530      0x130 /home/simpleon/tmp/VM-temp/rt-thread/STM32F4xx_Libraries/STM32F4xx_StdPeriph_Driver/src/misc.o
                0x08000530                NVIC_Init
 .text.NVIC_SetVectorTable
                0x08000660       0x68 /home/simpleon/tmp/VM-temp/rt-thread/STM32F4xx_Libraries/STM32F4xx_StdPeriph_Driver/src/misc.o
                0x08000660                NVIC_SetVectorTable
 .text.DMA_DeInit
                0x080006c8      0x334 /home/simpleon/tmp/VM-temp/rt-thread/STM32F4xx_Libraries/STM32F4xx_StdPeriph_Driver/src/stm32f4xx_dma.o
                0x080006c8                DMA_DeInit
 .text.DMA_Init
                0x080009fc      0x3f8 /home/simpleon/tmp/VM-temp/rt-thread/STM32F4xx_Libraries/STM32F4xx_StdPeriph_Driver/src/stm32f4xx_dma.o
                0x080009fc                DMA_Init
 .text.DMA_Cmd  0x08000df4      0x140 /home/simpleon/tmp/VM-temp/rt-thread/STM32F4xx_Libraries/STM32F4xx_StdPeriph_Driver/src/stm32f4xx_dma.o
                0x08000df4                DMA_Cmd
 .text.DMA_FlowControllerConfig
                0x08000f34      0x140 /home/simpleon/tmp/VM-temp/rt-thread/STM32F4xx_Libraries/STM32F4xx_StdPeriph_Driver/src/stm32f4xx_dma.o
                0x08000f34                DMA_FlowControllerConfig
 .text.DMA_ClearFlag
                0x08001074      0x18c /home/simpleon/tmp/VM-temp/rt-thread/STM32F4xx_Libraries/STM32F4xx_StdPeriph_Driver/src/stm32f4xx_dma.o
                0x08001074                DMA_ClearFlag
 .text.EXTI_GetITStatus
                0x08001200      0x110 /home/simpleon/tmp/VM-temp/rt-thread/STM32F4xx_Libraries/STM32F4xx_StdPeriph_Driver/src/stm32f4xx_exti.o
                0x08001200                EXTI_GetITStatus
 .text.EXTI_ClearITPendingBit
                0x08001310       0x40 /home/simpleon/tmp/VM-temp/rt-thread/STM32F4xx_Libraries/STM32F4xx_StdPeriph_Driver/src/stm32f4xx_exti.o
                0x08001310                EXTI_ClearITPendingBit
 .text.GPIO_Init
                0x08001350      0x294 /home/simpleon/tmp/VM-temp/rt-thread/STM32F4xx_Libraries/STM32F4xx_StdPeriph_Driver/src/stm32f4xx_gpio.o
                0x08001350                GPIO_Init
 .text.GPIO_ReadInputDataBit
                0x080015e4      0x148 /home/simpleon/tmp/VM-temp/rt-thread/STM32F4xx_Libraries/STM32F4xx_StdPeriph_Driver/src/stm32f4xx_gpio.o
                0x080015e4                GPIO_ReadInputDataBit
 .text.GPIO_SetBits
                0x0800172c       0xc0 /home/simpleon/tmp/VM-temp/rt-thread/STM32F4xx_Libraries/STM32F4xx_StdPeriph_Driver/src/stm32f4xx_gpio.o
                0x0800172c                GPIO_SetBits
 .text.GPIO_ResetBits
                0x080017ec       0xc0 /home/simpleon/tmp/VM-temp/rt-thread/STM32F4xx_Libraries/STM32F4xx_StdPeriph_Driver/src/stm32f4xx_gpio.o
                0x080017ec                GPIO_ResetBits
 .text.GPIO_PinAFConfig
                0x080018ac      0x28c /home/simpleon/tmp/VM-temp/rt-thread/STM32F4xx_Libraries/STM32F4xx_StdPeriph_Driver/src/stm32f4xx_gpio.o
                0x080018ac                GPIO_PinAFConfig
 .text.RCC_MCO1Config
                0x08001b38       0xa8 /home/simpleon/tmp/VM-temp/rt-thread/STM32F4xx_Libraries/STM32F4xx_StdPeriph_Driver/src/stm32f4xx_rcc.o
                0x08001b38                RCC_MCO1Config
 .text.RCC_GetClocksFreq
                0x08001be0      0x1cc /home/simpleon/tmp/VM-temp/rt-thread/STM32F4xx_Libraries/STM32F4xx_StdPeriph_Driver/src/stm32f4xx_rcc.o
                0x08001be0                RCC_GetClocksFreq
 .text.RCC_AHB1PeriphClockCmd
                0x08001dac       0x94 /home/simpleon/tmp/VM-temp/rt-thread/STM32F4xx_Libraries/STM32F4xx_StdPeriph_Driver/src/stm32f4xx_rcc.o
                0x08001dac                RCC_AHB1PeriphClockCmd
 .text.RCC_AHB3PeriphClockCmd
                0x08001e40       0x8c /home/simpleon/tmp/VM-temp/rt-thread/STM32F4xx_Libraries/STM32F4xx_StdPeriph_Driver/src/stm32f4xx_rcc.o
                0x08001e40                RCC_AHB3PeriphClockCmd
 .text.RCC_APB2PeriphClockCmd
                0x08001ecc       0x94 /home/simpleon/tmp/VM-temp/rt-thread/STM32F4xx_Libraries/STM32F4xx_StdPeriph_Driver/src/stm32f4xx_rcc.o
                0x08001ecc                RCC_APB2PeriphClockCmd
 .text.RCC_AHB1PeriphResetCmd
                0x08001f60       0x94 /home/simpleon/tmp/VM-temp/rt-thread/STM32F4xx_Libraries/STM32F4xx_StdPeriph_Driver/src/stm32f4xx_rcc.o
                0x08001f60                RCC_AHB1PeriphResetCmd
 .text.SDIO_Init
                0x08001ff4      0x118 /home/simpleon/tmp/VM-temp/rt-thread/STM32F4xx_Libraries/STM32F4xx_StdPeriph_Driver/src/stm32f4xx_sdio.o
                0x08001ff4                SDIO_Init
 .text.SDIO_StructInit
                0x0800210c       0x44 /home/simpleon/tmp/VM-temp/rt-thread/STM32F4xx_Libraries/STM32F4xx_StdPeriph_Driver/src/stm32f4xx_sdio.o
                0x0800210c                SDIO_StructInit
 .text.SDIO_ClockCmd
                0x08002150       0x3c /home/simpleon/tmp/VM-temp/rt-thread/STM32F4xx_Libraries/STM32F4xx_StdPeriph_Driver/src/stm32f4xx_sdio.o
                0x08002150                SDIO_ClockCmd
 .text.SDIO_SetPowerState
                0x0800218c       0x38 /home/simpleon/tmp/VM-temp/rt-thread/STM32F4xx_Libraries/STM32F4xx_StdPeriph_Driver/src/stm32f4xx_sdio.o
                0x0800218c                SDIO_SetPowerState
 .text.SDIO_SendCommand
                0x080021c4       0xf4 /home/simpleon/tmp/VM-temp/rt-thread/STM32F4xx_Libraries/STM32F4xx_StdPeriph_Driver/src/stm32f4xx_sdio.o
                0x080021c4                SDIO_SendCommand
 .text.SDIO_GetResponse
                0x080022b8       0x54 /home/simpleon/tmp/VM-temp/rt-thread/STM32F4xx_Libraries/STM32F4xx_StdPeriph_Driver/src/stm32f4xx_sdio.o
                0x080022b8                SDIO_GetResponse
 .text.SDIO_DataConfig
                0x0800230c      0x174 /home/simpleon/tmp/VM-temp/rt-thread/STM32F4xx_Libraries/STM32F4xx_StdPeriph_Driver/src/stm32f4xx_sdio.o
                0x0800230c                SDIO_DataConfig
 .text.SDIO_DMACmd
                0x08002480       0x3c /home/simpleon/tmp/VM-temp/rt-thread/STM32F4xx_Libraries/STM32F4xx_StdPeriph_Driver/src/stm32f4xx_sdio.o
                0x08002480                SDIO_DMACmd
 .text.SDIO_ITConfig
                0x080024bc       0x8c /home/simpleon/tmp/VM-temp/rt-thread/STM32F4xx_Libraries/STM32F4xx_StdPeriph_Driver/src/stm32f4xx_sdio.o
                0x080024bc                SDIO_ITConfig
 .text.SDIO_GetITStatus
                0x08002548       0xfc /home/simpleon/tmp/VM-temp/rt-thread/STM32F4xx_Libraries/STM32F4xx_StdPeriph_Driver/src/stm32f4xx_sdio.o
                0x08002548                SDIO_GetITStatus
 .text.SDIO_ClearITPendingBit
                0x08002644       0x44 /home/simpleon/tmp/VM-temp/rt-thread/STM32F4xx_Libraries/STM32F4xx_StdPeriph_Driver/src/stm32f4xx_sdio.o
                0x08002644                SDIO_ClearITPendingBit
 .text.SYSCFG_ETH_MediaInterfaceConfig
                0x08002688       0x38 /home/simpleon/tmp/VM-temp/rt-thread/STM32F4xx_Libraries/STM32F4xx_StdPeriph_Driver/src/stm32f4xx_syscfg.o
                0x08002688                SYSCFG_ETH_MediaInterfaceConfig
 .text.USART_Init
                0x080026c0      0x36c /home/simpleon/tmp/VM-temp/rt-thread/STM32F4xx_Libraries/STM32F4xx_StdPeriph_Driver/src/stm32f4xx_usart.o
                0x080026c0                USART_Init
 .text.USART_Cmd
                0x08002a2c       0xbc /home/simpleon/tmp/VM-temp/rt-thread/STM32F4xx_Libraries/STM32F4xx_StdPeriph_Driver/src/stm32f4xx_usart.o
                0x08002a2c                USART_Cmd
 .text.USART_ITConfig
                0x08002ae8      0x1cc /home/simpleon/tmp/VM-temp/rt-thread/STM32F4xx_Libraries/STM32F4xx_StdPeriph_Driver/src/stm32f4xx_usart.o
                0x08002ae8                USART_ITConfig
 .text.USART_GetITStatus
                0x08002cb4      0x1f4 /home/simpleon/tmp/VM-temp/rt-thread/STM32F4xx_Libraries/STM32F4xx_StdPeriph_Driver/src/stm32f4xx_usart.o
                0x08002cb4                USART_GetITStatus
 .text.USART_ClearITPendingBit
                0x08002ea8      0x130 /home/simpleon/tmp/VM-temp/rt-thread/STM32F4xx_Libraries/STM32F4xx_StdPeriph_Driver/src/stm32f4xx_usart.o
                0x08002ea8                USART_ClearITPendingBit
 .text.Reset_Handler
                0x08002fd8       0x4c /home/simpleon/tmp/VM-temp/rt-thread/STM32F4xx_Libraries/CMSIS/ST/STM32F4xx/Source/Templates/gcc_ride7/startup_stm32f4xx.o
                0x08002fd8                Reset_Handler
 .text.Default_Handler
                0x08003024        0x4 /home/simpleon/tmp/VM-temp/rt-thread/STM32F4xx_Libraries/CMSIS/ST/STM32F4xx/Source/Templates/gcc_ride7/startup_stm32f4xx.o
                0x08003024                RTC_Alarm_IRQHandler
                0x08003024                HASH_RNG_IRQHandler
                0x08003024                EXTI2_IRQHandler
                0x08003024                TIM8_CC_IRQHandler
                0x08003024                TIM1_CC_IRQHandler
                0x08003024                DMA2_Stream5_IRQHandler
                0x08003024                DMA1_Stream5_IRQHandler
                0x08003024                PVD_IRQHandler
                0x08003024                TAMP_STAMP_IRQHandler
                0x08003024                CAN2_RX1_IRQHandler
                0x08003024                EXTI3_IRQHandler
                0x08003024                TIM8_TRG_COM_TIM14_IRQHandler
                0x08003024                TIM1_UP_TIM10_IRQHandler
                0x08003024                TIM8_UP_TIM13_IRQHandler
                0x08003024                I2C3_ER_IRQHandler
                0x08003024                EXTI0_IRQHandler
                0x08003024                I2C2_EV_IRQHandler
                0x08003024                DMA1_Stream2_IRQHandler
                0x08003024                CAN1_RX0_IRQHandler
                0x08003024                FPU_IRQHandler
                0x08003024                OTG_HS_WKUP_IRQHandler
                0x08003024                CAN2_SCE_IRQHandler
                0x08003024                DMA2_Stream2_IRQHandler
                0x08003024                SPI1_IRQHandler
                0x08003024                TIM6_DAC_IRQHandler
                0x08003024                TIM1_BRK_TIM9_IRQHandler
                0x08003024                DCMI_IRQHandler
                0x08003024                CAN2_RX0_IRQHandler
                0x08003024                DMA2_Stream3_IRQHandler
                0x08003024                USART6_IRQHandler
                0x08003024                USART3_IRQHandler
                0x08003024                CRYP_IRQHandler
                0x08003024                CAN1_RX1_IRQHandler
                0x08003024                UART5_IRQHandler
                0x08003024                DMA2_Stream0_IRQHandler
                0x08003024                TIM4_IRQHandler
                0x08003024                I2C1_EV_IRQHandler
                0x08003024                DMA1_Stream6_IRQHandler
                0x08003024                DMA1_Stream1_IRQHandler
                0x08003024                UART4_IRQHandler
                0x08003024                TIM3_IRQHandler
                0x08003024                RCC_IRQHandler
                0x08003024                TIM8_BRK_TIM12_IRQHandler
                0x08003024                Default_Handler
                0x08003024                ADC_IRQHandler
                0x08003024                DMA1_Stream7_IRQHandler
                0x08003024                TIM7_IRQHandler
                0x08003024                CAN2_TX_IRQHandler
                0x08003024                TIM5_IRQHandler
                0x08003024                DMA2_Stream7_IRQHandler
                0x08003024                I2C3_EV_IRQHandler
                0x08003024                EXTI9_5_IRQHandler
                0x08003024                RTC_WKUP_IRQHandler
                0x08003024                ETH_WKUP_IRQHandler
                0x08003024                SPI2_IRQHandler
                0x08003024                OTG_HS_EP1_IN_IRQHandler
                0x08003024                DMA1_Stream0_IRQHandler
                0x08003024                CAN1_TX_IRQHandler
                0x08003024                EXTI4_IRQHandler
                0x08003024                FSMC_IRQHandler
                0x08003024                OTG_HS_EP1_OUT_IRQHandler
                0x08003024                WWDG_IRQHandler
                0x08003024                TIM2_IRQHandler
                0x08003024                OTG_FS_WKUP_IRQHandler
                0x08003024                TIM1_TRG_COM_TIM11_IRQHandler
                0x08003024                OTG_HS_IRQHandler
                0x08003024                EXTI1_IRQHandler
                0x08003024                USART2_IRQHandler
                0x08003024                I2C2_ER_IRQHandler
                0x08003024                DMA2_Stream1_IRQHandler
                0x08003024                CAN1_SCE_IRQHandler
                0x08003024                FLASH_IRQHandler
                0x08003024                DMA2_Stream4_IRQHandler
                0x08003024                OTG_FS_IRQHandler
                0x08003024                SPI3_IRQHandler
                0x08003024                DMA1_Stream4_IRQHandler
                0x08003024                I2C1_ER_IRQHandler
                0x08003024                DMA2_Stream6_IRQHandler
                0x08003024                DMA1_Stream3_IRQHandler
 .text.NVIC_SetPriority
                0x08003028       0x5c /home/simpleon/tmp/VM-temp/rt-thread/drivers/board.o
 .text.NVIC_SystemReset
                0x08003084       0x30 /home/simpleon/tmp/VM-temp/rt-thread/drivers/board.o
 .text.SysTick_Config
                0x080030b4       0x64 /home/simpleon/tmp/VM-temp/rt-thread/drivers/board.o
 .text.NVIC_Configuration
                0x08003118       0x1c /home/simpleon/tmp/VM-temp/rt-thread/drivers/board.o
                0x08003118                NVIC_Configuration
 .text.SysTick_Handler
                0x08003134       0x14 /home/simpleon/tmp/VM-temp/rt-thread/drivers/board.o
                0x08003134                SysTick_Handler
 .text.fsmc_gpio_init
                0x08003148      0x408 /home/simpleon/tmp/VM-temp/rt-thread/drivers/board.o
                0x08003148                fsmc_gpio_init
 .text.mco_config
                0x08003550       0x74 /home/simpleon/tmp/VM-temp/rt-thread/drivers/board.o
 .text.rt_hw_board_init
                0x080035c4       0x44 /home/simpleon/tmp/VM-temp/rt-thread/drivers/board.o
                0x080035c4                rt_hw_board_init
 .text.reset    0x08003608        0xc /home/simpleon/tmp/VM-temp/rt-thread/drivers/board.o
 .text.rt_platform_init
                0x08003614       0x28 /home/simpleon/tmp/VM-temp/rt-thread/drivers/platform.o
                0x08003614                rt_platform_init
 .text.NVIC_EnableIRQ
                0x0800363c       0x38 /home/simpleon/tmp/VM-temp/rt-thread/drivers/usart.o
 .text.NVIC_DisableIRQ
                0x08003674       0x3c /home/simpleon/tmp/VM-temp/rt-thread/drivers/usart.o
 .text.stm32_configure
                0x080036b0      0x128 /home/simpleon/tmp/VM-temp/rt-thread/drivers/usart.o
 .text.stm32_control
                0x080037d8       0x7c /home/simpleon/tmp/VM-temp/rt-thread/drivers/usart.o
 .text.stm32_putc
                0x08003854       0x70 /home/simpleon/tmp/VM-temp/rt-thread/drivers/usart.o
 .text.stm32_getc
                0x080038c4       0x70 /home/simpleon/tmp/VM-temp/rt-thread/drivers/usart.o
 .text.USART1_IRQHandler
                0x08003934       0x70 /home/simpleon/tmp/VM-temp/rt-thread/drivers/usart.o
                0x08003934                USART1_IRQHandler
 .text.RCC_Configuration
                0x080039a4       0x20 /home/simpleon/tmp/VM-temp/rt-thread/drivers/usart.o
 .text.GPIO_Configuration
                0x080039c4       0x64 /home/simpleon/tmp/VM-temp/rt-thread/drivers/usart.o
 .text.NVIC_Configuration
                0x08003a28       0x34 /home/simpleon/tmp/VM-temp/rt-thread/drivers/usart.o
 .text.rt_hw_usart_init
                0x08003a5c       0xb4 /home/simpleon/tmp/VM-temp/rt-thread/drivers/usart.o
                0x08003a5c                rt_hw_usart_init
 .text.NMI_Handler
                0x08003b10        0xc /home/simpleon/tmp/VM-temp/rt-thread/drivers/stm32f4xx_it.o
                0x08003b10                NMI_Handler
 .text.MemManage_Handler
                0x08003b1c        0x8 /home/simpleon/tmp/VM-temp/rt-thread/drivers/stm32f4xx_it.o
                0x08003b1c                MemManage_Handler
 .text.BusFault_Handler
                0x08003b24        0x8 /home/simpleon/tmp/VM-temp/rt-thread/drivers/stm32f4xx_it.o
                0x08003b24                BusFault_Handler
 .text.UsageFault_Handler
                0x08003b2c        0x8 /home/simpleon/tmp/VM-temp/rt-thread/drivers/stm32f4xx_it.o
                0x08003b2c                UsageFault_Handler
 .text.SVC_Handler
                0x08003b34        0xc /home/simpleon/tmp/VM-temp/rt-thread/drivers/stm32f4xx_it.o
                0x08003b34                SVC_Handler
 .text.DebugMon_Handler
                0x08003b40        0xc /home/simpleon/tmp/VM-temp/rt-thread/drivers/stm32f4xx_it.o
                0x08003b40                DebugMon_Handler
 .text.key_handler
                0x08003b4c        0xc /home/simpleon/tmp/VM-temp/rt-thread/drivers/stm32f4xx_it.o
                0x08003b4c                key_handler
 .text.EXTI15_10_IRQHandler
                0x08003b58       0x90 /home/simpleon/tmp/VM-temp/rt-thread/drivers/stm32f4xx_it.o
                0x08003b58                EXTI15_10_IRQHandler
 .text.SD_LowLevel_Init
                0x08003be8      0x12c /home/simpleon/tmp/VM-temp/rt-thread/drivers/stm32f4xx_sd.o
                0x08003be8                SD_LowLevel_Init
 .text.SD_LowLevel_DMA_TxConfig
                0x08003d14       0xcc /home/simpleon/tmp/VM-temp/rt-thread/drivers/stm32f4xx_sd.o
                0x08003d14                SD_LowLevel_DMA_TxConfig
 .text.SD_LowLevel_DMA_RxConfig
                0x08003de0       0xcc /home/simpleon/tmp/VM-temp/rt-thread/drivers/stm32f4xx_sd.o
                0x08003de0                SD_LowLevel_DMA_RxConfig
 .text.stm32f4xx_sdio_completed_command
                0x08003eac      0x124 /home/simpleon/tmp/VM-temp/rt-thread/drivers/stm32f4xx_sd.o
 .text.SD_ProcessIRQSrc
                0x08003fd0       0xf0 /home/simpleon/tmp/VM-temp/rt-thread/drivers/stm32f4xx_sd.o
                0x08003fd0                SD_ProcessIRQSrc
 .text.get_order
                0x080040c0       0x38 /home/simpleon/tmp/VM-temp/rt-thread/drivers/stm32f4xx_sd.o
                0x080040c0                get_order
 .text.stm32f4xx_sdio_send_command
                0x080040f8      0x1dc /home/simpleon/tmp/VM-temp/rt-thread/drivers/stm32f4xx_sd.o
 .text.stm32f4xx_sdio_process_next
                0x080042d4       0x64 /home/simpleon/tmp/VM-temp/rt-thread/drivers/stm32f4xx_sd.o
 .text.stm32f4xx_sdio_request
                0x08004338       0x30 /home/simpleon/tmp/VM-temp/rt-thread/drivers/stm32f4xx_sd.o
 .text.stm32f4xx_sdio_set_iocfg
                0x08004368       0xe0 /home/simpleon/tmp/VM-temp/rt-thread/drivers/stm32f4xx_sd.o
 .text.stm32f4xx_sdio_enable_sdio_irq
                0x08004448       0x34 /home/simpleon/tmp/VM-temp/rt-thread/drivers/stm32f4xx_sd.o
 .text.stm32f4xx_SD_Detect
                0x0800447c       0x38 /home/simpleon/tmp/VM-temp/rt-thread/drivers/stm32f4xx_sd.o
                0x0800447c                stm32f4xx_SD_Detect
 .text.stm32f4xx_sdio_init
                0x080044b4      0x124 /home/simpleon/tmp/VM-temp/rt-thread/drivers/stm32f4xx_sd.o
                0x080044b4                stm32f4xx_sdio_init
 .text.SDIO_IRQHandler
                0x080045d8       0x14 /home/simpleon/tmp/VM-temp/rt-thread/drivers/stm32f4xx_sd.o
                0x080045d8                SDIO_IRQHandler
 .text.ETH_DeInit
                0x080045ec       0x20 /home/simpleon/tmp/VM-temp/rt-thread/drivers/stm32f4xx_eth.o
                0x080045ec                ETH_DeInit
 .text.ETH_Init
                0x0800460c      0xb04 /home/simpleon/tmp/VM-temp/rt-thread/drivers/stm32f4xx_eth.o
                0x0800460c                ETH_Init
 .text.ETH_StructInit
                0x08005110      0x1a8 /home/simpleon/tmp/VM-temp/rt-thread/drivers/stm32f4xx_eth.o
                0x08005110                ETH_StructInit
 .text.ETH_Start
                0x080052b8       0x2c /home/simpleon/tmp/VM-temp/rt-thread/drivers/stm32f4xx_eth.o
                0x080052b8                ETH_Start
 .text.ETH_ReadPHYRegister
                0x080052e4       0xf0 /home/simpleon/tmp/VM-temp/rt-thread/drivers/stm32f4xx_eth.o
                0x080052e4                ETH_ReadPHYRegister
 .text.ETH_WritePHYRegister
                0x080053d4       0xf8 /home/simpleon/tmp/VM-temp/rt-thread/drivers/stm32f4xx_eth.o
                0x080053d4                ETH_WritePHYRegister
 .text.ETH_MACTransmissionCmd
                0x080054cc       0x68 /home/simpleon/tmp/VM-temp/rt-thread/drivers/stm32f4xx_eth.o
                0x080054cc                ETH_MACTransmissionCmd
 .text.ETH_MACReceptionCmd
                0x08005534       0x68 /home/simpleon/tmp/VM-temp/rt-thread/drivers/stm32f4xx_eth.o
                0x08005534                ETH_MACReceptionCmd
 .text.ETH_MACAddressConfig
                0x0800559c       0xa4 /home/simpleon/tmp/VM-temp/rt-thread/drivers/stm32f4xx_eth.o
                0x0800559c                ETH_MACAddressConfig
 .text.ETH_DMATxDescChainInit
                0x08005640       0xa4 /home/simpleon/tmp/VM-temp/rt-thread/drivers/stm32f4xx_eth.o
                0x08005640                ETH_DMATxDescChainInit
 .text.ETH_DMARxDescChainInit
                0x080056e4       0xac /home/simpleon/tmp/VM-temp/rt-thread/drivers/stm32f4xx_eth.o
                0x080056e4                ETH_DMARxDescChainInit
 .text.ETH_SoftwareReset
                0x08005790       0x2c /home/simpleon/tmp/VM-temp/rt-thread/drivers/stm32f4xx_eth.o
                0x08005790                ETH_SoftwareReset
 .text.ETH_GetSoftwareResetStatus
                0x080057bc       0x40 /home/simpleon/tmp/VM-temp/rt-thread/drivers/stm32f4xx_eth.o
                0x080057bc                ETH_GetSoftwareResetStatus
 .text.ETH_DMAClearITPendingBit
                0x080057fc       0x4c /home/simpleon/tmp/VM-temp/rt-thread/drivers/stm32f4xx_eth.o
                0x080057fc                ETH_DMAClearITPendingBit
 .text.ETH_FlushTransmitFIFO
                0x08005848       0x34 /home/simpleon/tmp/VM-temp/rt-thread/drivers/stm32f4xx_eth.o
                0x08005848                ETH_FlushTransmitFIFO
 .text.ETH_DMATransmissionCmd
                0x0800587c       0x88 /home/simpleon/tmp/VM-temp/rt-thread/drivers/stm32f4xx_eth.o
                0x0800587c                ETH_DMATransmissionCmd
 .text.ETH_DMAReceptionCmd
                0x08005904       0x88 /home/simpleon/tmp/VM-temp/rt-thread/drivers/stm32f4xx_eth.o
                0x08005904                ETH_DMAReceptionCmd
 .text.ETH_DMAITConfig
                0x0800598c       0xb4 /home/simpleon/tmp/VM-temp/rt-thread/drivers/stm32f4xx_eth.o
                0x0800598c                ETH_DMAITConfig
 .text.ETH_IRQHandler
                0x08005a40      0x16c /home/simpleon/tmp/VM-temp/rt-thread/drivers/stm32f4xx_eth.o
                0x08005a40                ETH_IRQHandler
 .text.rt_stm32_eth_init
                0x08005bac      0x150 /home/simpleon/tmp/VM-temp/rt-thread/drivers/stm32f4xx_eth.o
 .text.rt_stm32_eth_open
                0x08005cfc       0x1c /home/simpleon/tmp/VM-temp/rt-thread/drivers/stm32f4xx_eth.o
 .text.rt_stm32_eth_close
                0x08005d18       0x18 /home/simpleon/tmp/VM-temp/rt-thread/drivers/stm32f4xx_eth.o
 .text.rt_stm32_eth_read
                0x08005d30       0x24 /home/simpleon/tmp/VM-temp/rt-thread/drivers/stm32f4xx_eth.o
 .text.rt_stm32_eth_write
                0x08005d54       0x24 /home/simpleon/tmp/VM-temp/rt-thread/drivers/stm32f4xx_eth.o
 .text.rt_stm32_eth_control
                0x08005d78       0x44 /home/simpleon/tmp/VM-temp/rt-thread/drivers/stm32f4xx_eth.o
 .text.rt_stm32_eth_tx
                0x08005dbc      0x1fc /home/simpleon/tmp/VM-temp/rt-thread/drivers/stm32f4xx_eth.o
                0x08005dbc                rt_stm32_eth_tx
 .text.rt_stm32_eth_rx
                0x08005fb8      0x1dc /home/simpleon/tmp/VM-temp/rt-thread/drivers/stm32f4xx_eth.o
                0x08005fb8                rt_stm32_eth_rx
 .text.NVIC_Configuration
                0x08006194       0x30 /home/simpleon/tmp/VM-temp/rt-thread/drivers/stm32f4xx_eth.o
 .text.GPIO_Configuration
                0x080061c4      0x16c /home/simpleon/tmp/VM-temp/rt-thread/drivers/stm32f4xx_eth.o
 .text.phy_monitor_thread_entry
                0x08006330      0x1a4 /home/simpleon/tmp/VM-temp/rt-thread/drivers/stm32f4xx_eth.o
 .text.rt_hw_stm32_eth_init
                0x080064d4      0x214 /home/simpleon/tmp/VM-temp/rt-thread/drivers/stm32f4xx_eth.o
                0x080064d4                rt_hw_stm32_eth_init
 .text.rt_init_thread_entry
                0x080066e8       0x64 build/applications/application.o
                0x080066e8                rt_init_thread_entry
 .text.rt_application_init
                0x0800674c       0x4c build/applications/application.o
                0x0800674c                rt_application_init
 .text.assert_failed
                0x08006798       0x34 build/applications/startup.o
                0x08006798                assert_failed
 .text.rtthread_startup
                0x080067cc       0x58 build/applications/startup.o
                0x080067cc                rtthread_startup
 .text.main     0x08006824       0x14 build/applications/startup.o
                0x08006824                main
 .text.tcpclient
                0x08006838      0x164 build/applications/tcpclient.o
                0x08006838                tcpclient
 .text.rt_system_tick_init
                0x0800699c        0xc build/src/clock.o
                0x0800699c                rt_system_tick_init
 .text.rt_tick_get
                0x080069a8       0x18 build/src/clock.o
                0x080069a8                rt_tick_get
 .text.rt_tick_increase
                0x080069c0       0x50 build/src/clock.o
                0x080069c0                rt_tick_increase
 .text.rt_device_register
                0x08006a10       0x58 build/src/device.o
                0x08006a10                rt_device_register
 .text.rt_device_unregister
                0x08006a68       0x54 build/src/device.o
                0x08006a68                rt_device_unregister
 .text.rt_device_init_all
                0x08006abc       0x84 build/src/device.o
                0x08006abc                rt_device_init_all
 .text.rt_device_find
                0x08006b40       0x84 build/src/device.o
                0x08006b40                rt_device_find
 .text.rt_device_init
                0x08006bc4       0x94 build/src/device.o
                0x08006bc4                rt_device_init
 .text.rt_device_open
                0x08006c58      0x12c build/src/device.o
                0x08006c58                rt_device_open
 .text.rt_device_close
                0x08006d84       0xa0 build/src/device.o
                0x08006d84                rt_device_close
 .text.rt_device_read
                0x08006e24       0x88 build/src/device.o
                0x08006e24                rt_device_read
 .text.rt_device_write
                0x08006eac       0x88 build/src/device.o
                0x08006eac                rt_device_write
 .text.rt_device_control
                0x08006f34       0x6c build/src/device.o
                0x08006f34                rt_device_control
 .text.rt_device_set_rx_indicate
                0x08006fa0       0x54 build/src/device.o
                0x08006fa0                rt_device_set_rx_indicate
 .text.rt_list_remove
                0x08006ff4       0x34 build/src/idle.o
 .text.rt_list_isempty
                0x08007028       0x24 build/src/idle.o
 .text.rt_thread_idle_excute
                0x0800704c       0xf0 build/src/idle.o
                0x0800704c                rt_thread_idle_excute
 .text.rt_thread_idle_entry
                0x0800713c       0x28 build/src/idle.o
 .text.rt_thread_idle_init
                0x08007164       0x54 build/src/idle.o
                0x08007164                rt_thread_idle_init
 .text.rt_list_init
                0x080071b8       0x20 build/src/ipc.o
 .text.rt_list_insert_before
                0x080071d8       0x30 build/src/ipc.o
 .text.rt_list_isempty
                0x08007208       0x24 build/src/ipc.o
 .text.rt_ipc_object_init
                0x0800722c       0x24 build/src/ipc.o
 .text.rt_ipc_list_suspend
                0x08007250       0x9c build/src/ipc.o
 .text.rt_ipc_list_resume
                0x080072ec       0x28 build/src/ipc.o
 .text.rt_ipc_list_resume_all
                0x08007314       0x4c build/src/ipc.o
 .text.rt_sem_init
                0x08007360       0x74 build/src/ipc.o
                0x08007360                rt_sem_init
 .text.rt_sem_detach
                0x080073d4       0x60 build/src/ipc.o
                0x080073d4                rt_sem_detach
 .text.rt_sem_create
                0x08007434       0xa0 build/src/ipc.o
                0x08007434                rt_sem_create
 .text.rt_sem_delete
                0x080074d4       0xb8 build/src/ipc.o
                0x080074d4                rt_sem_delete
 .text.rt_sem_take
                0x0800758c      0x1d0 build/src/ipc.o
                0x0800758c                rt_sem_take
 .text.rt_sem_release
                0x0800775c       0x80 build/src/ipc.o
                0x0800775c                rt_sem_release
 .text.rt_mutex_take
                0x080077dc      0x23c build/src/ipc.o
                0x080077dc                rt_mutex_take
 .text.rt_mutex_release
                0x08007a18      0x1cc build/src/ipc.o
                0x08007a18                rt_mutex_release
 .text.rt_mb_init
                0x08007be4       0xa0 build/src/ipc.o
                0x08007be4                rt_mb_init
 .text.rt_mb_create
                0x08007c84       0xec build/src/ipc.o
                0x08007c84                rt_mb_create
 .text.rt_mb_delete
                0x08007d70       0xcc build/src/ipc.o
                0x08007d70                rt_mb_delete
 .text.rt_mb_send_wait
                0x08007e3c      0x288 build/src/ipc.o
                0x08007e3c                rt_mb_send_wait
 .text.rt_mb_send
                0x080080c4       0x24 build/src/ipc.o
                0x080080c4                rt_mb_send
 .text.rt_mb_recv
                0x080080e8      0x2c8 build/src/ipc.o
                0x080080e8                rt_mb_recv
 .text.rt_interrupt_enter
                0x080083b0       0x38 build/src/irq.o
                0x080083b0                rt_interrupt_enter
 .text.rt_interrupt_leave
                0x080083e8       0x38 build/src/irq.o
                0x080083e8                rt_interrupt_leave
 .text.rt_interrupt_get_nest
                0x08008420       0x18 build/src/irq.o
                0x08008420                rt_interrupt_get_nest
 .text.rt_set_errno
                0x08008438       0x48 build/src/kservice.o
                0x08008438                rt_set_errno
 .text._rt_errno
                0x08008480       0x40 build/src/kservice.o
                0x08008480                _rt_errno
 .text.rt_memset
                0x080084c0       0xe8 build/src/kservice.o
                0x080084c0                memset
                0x080084c0                rt_memset
 .text.rt_memcpy
                0x080085a8      0x118 build/src/kservice.o
                0x080085a8                memcpy
                0x080085a8                rt_memcpy
 .text.rt_memmove
                0x080086c0       0xb0 build/src/kservice.o
                0x080086c0                memmove
                0x080086c0                rt_memmove
 .text.rt_strncpy
                0x08008770       0x84 build/src/kservice.o
                0x08008770                rt_strncpy
 .text.rt_strncmp
                0x080087f4       0x70 build/src/kservice.o
                0x080087f4                rt_strncmp
 .text.rt_strlen
                0x08008864       0x30 build/src/kservice.o
                0x08008864                rt_strlen
                0x08008864                strlen
 .text.rt_strdup
                0x08008894       0x40 build/src/kservice.o
                0x08008894                strdup
                0x08008894                rt_strdup
 .text.rt_show_version
                0x080088d4       0x50 build/src/kservice.o
                0x080088d4                rt_show_version
 .text.divide   0x08008924       0x7c build/src/kservice.o
 .text.skip_atoi
                0x080089a0       0x4c build/src/kservice.o
 .text.print_number
                0x080089ec      0x244 build/src/kservice.o
 .text.rt_vsnprintf
                0x08008c30      0x5d0 build/src/kservice.o
                0x08008c30                rt_vsnprintf
 .text.rt_snprintf
                0x08009200       0x34 build/src/kservice.o
                0x08009200                snprintf
                0x08009200                rt_snprintf
 .text.rt_console_get_device
                0x08009234       0x18 build/src/kservice.o
                0x08009234                rt_console_get_device
 .text.rt_console_set_device
                0x0800924c       0x6c build/src/kservice.o
                0x0800924c                rt_console_set_device
 .text.rt_hw_console_output
                0x080092b8       0x14 build/src/kservice.o
                0x080092b8                rt_hw_console_output
 .text.rt_kprintf
                0x080092cc       0xb4 build/src/kservice.o
                0x080092cc                rt_kprintf
 .text.__rt_ffs
                0x08009380       0x98 build/src/kservice.o
                0x08009380                __rt_ffs
 .text.plug_holes
                0x08009418      0x1a0 build/src/mem.o
 .text.rt_system_heap_init
                0x080095b8      0x1a0 build/src/mem.o
                0x080095b8                rt_system_heap_init
 .text.rt_malloc
                0x08009758      0x40c build/src/mem.o
                0x08009758                rt_malloc
 .text.rt_free  0x08009b64      0x22c build/src/mem.o
                0x08009b64                rt_free
 .text.list_mem
                0x08009d90       0x50 build/src/mem.o
                0x08009d90                list_mem
 .text.rt_list_insert_after
                0x08009de0       0x30 build/src/object.o
 .text.rt_list_remove
                0x08009e10       0x34 build/src/object.o
 .text.rt_system_object_init
                0x08009e44        0xc build/src/object.o
                0x08009e44                rt_system_object_init
 .text.rt_object_init
                0x08009e50       0x80 build/src/object.o
                0x08009e50                rt_object_init
 .text.rt_object_detach
                0x08009ed0       0x78 build/src/object.o
                0x08009ed0                rt_object_detach
 .text.rt_object_allocate
                0x08009f48       0xf4 build/src/object.o
                0x08009f48                rt_object_allocate
 .text.rt_object_delete
                0x0800a03c       0xb8 build/src/object.o
                0x0800a03c                rt_object_delete
 .text.rt_object_is_systemobject
                0x0800a0f4       0x5c build/src/object.o
                0x0800a0f4                rt_object_is_systemobject
 .text.rt_list_init
                0x0800a150       0x20 build/src/scheduler.o
 .text.rt_list_insert_before
                0x0800a170       0x30 build/src/scheduler.o
 .text.rt_list_remove
                0x0800a1a0       0x34 build/src/scheduler.o
 .text.rt_list_isempty
                0x0800a1d4       0x24 build/src/scheduler.o
 .text._rt_scheduler_stack_check
                0x0800a1f8       0xb0 build/src/scheduler.o
 .text.rt_system_scheduler_init
                0x0800a2a8       0x6c build/src/scheduler.o
                0x0800a2a8                rt_system_scheduler_init
 .text.rt_system_scheduler_start
                0x0800a314       0x44 build/src/scheduler.o
                0x0800a314                rt_system_scheduler_start
 .text.rt_schedule
                0x0800a358       0xe8 build/src/scheduler.o
                0x0800a358                rt_schedule
 .text.rt_schedule_insert_thread
                0x0800a440       0x98 build/src/scheduler.o
                0x0800a440                rt_schedule_insert_thread
 .text.rt_schedule_remove_thread
                0x0800a4d8       0x9c build/src/scheduler.o
                0x0800a4d8                rt_schedule_remove_thread
 .text.rt_enter_critical
                0x0800a574       0x2c build/src/scheduler.o
                0x0800a574                rt_enter_critical
 .text.rt_exit_critical
                0x0800a5a0       0x58 build/src/scheduler.o
                0x0800a5a0                rt_exit_critical
 .text.rt_list_init
                0x0800a5f8       0x20 build/src/thread.o
 .text.rt_list_insert_after
                0x0800a618       0x30 build/src/thread.o
 .text.rt_list_insert_before
                0x0800a648       0x30 build/src/thread.o
 .text.rt_list_remove
                0x0800a678       0x34 build/src/thread.o
 .text.rt_thread_exit
                0x0800a6ac       0x78 build/src/thread.o
 .text._rt_thread_init
                0x0800a724      0x124 build/src/thread.o
 .text.rt_thread_init
                0x0800a848       0xac build/src/thread.o
                0x0800a848                rt_thread_init
 .text.rt_thread_self
                0x0800a8f4       0x18 build/src/thread.o
                0x0800a8f4                rt_thread_self
 .text.rt_thread_startup
                0x0800a90c       0xc0 build/src/thread.o
                0x0800a90c                rt_thread_startup
 .text.rt_thread_create
                0x0800a9cc       0x6c build/src/thread.o
                0x0800a9cc                rt_thread_create
 .text.rt_thread_delete
                0x0800aa38       0x88 build/src/thread.o
                0x0800aa38                rt_thread_delete
 .text.rt_thread_yield
                0x0800aac0       0x80 build/src/thread.o
                0x0800aac0                rt_thread_yield
 .text.rt_thread_sleep
                0x0800ab40       0xa0 build/src/thread.o
                0x0800ab40                rt_thread_sleep
 .text.rt_thread_delay
                0x0800abe0       0x1c build/src/thread.o
                0x0800abe0                rt_thread_delay
 .text.rt_thread_control
                0x0800abfc       0xd8 build/src/thread.o
                0x0800abfc                rt_thread_control
 .text.rt_thread_suspend
                0x0800acd4       0x84 build/src/thread.o
                0x0800acd4                rt_thread_suspend
 .text.rt_thread_resume
                0x0800ad58       0x84 build/src/thread.o
                0x0800ad58                rt_thread_resume
 .text.rt_thread_timeout
                0x0800addc       0xa0 build/src/thread.o
                0x0800addc                rt_thread_timeout
 .text.rt_thread_find
                0x0800ae7c       0x84 build/src/thread.o
                0x0800ae7c                rt_thread_find
 .text.rt_list_init
                0x0800af00       0x20 build/src/timer.o
 .text.rt_list_insert_after
                0x0800af20       0x30 build/src/timer.o
 .text.rt_list_remove
                0x0800af50       0x34 build/src/timer.o
 .text.rt_list_isempty
                0x0800af84       0x24 build/src/timer.o
 .text._rt_timer_init
                0x0800afa8       0x74 build/src/timer.o
 .text._rt_timer_remove
                0x0800b01c       0x40 build/src/timer.o
 .text.rt_timer_init
                0x0800b05c       0x68 build/src/timer.o
                0x0800b05c                rt_timer_init
 .text.rt_timer_detach
                0x0800b0c4       0x64 build/src/timer.o
                0x0800b0c4                rt_timer_detach
 .text.rt_timer_start
                0x0800b128      0x260 build/src/timer.o
                0x0800b128                rt_timer_start
 .text.rt_timer_stop
                0x0800b388       0x9c build/src/timer.o
                0x0800b388                rt_timer_stop
 .text.rt_timer_control
                0x0800b424       0xa4 build/src/timer.o
                0x0800b424                rt_timer_control
 .text.rt_timer_check
                0x0800b4c8       0xcc build/src/timer.o
                0x0800b4c8                rt_timer_check
 .text.rt_system_timer_init
                0x0800b594       0x3c build/src/timer.o
                0x0800b594                rt_system_timer_init
 .text.rt_system_timer_thread_init
                0x0800b5d0        0xc build/src/timer.o
                0x0800b5d0                rt_system_timer_thread_init
 .text.rt_hw_stack_init
                0x0800b5dc       0xa4 build/libcpu/arm/cortex-m4/cpuport.o
                0x0800b5dc                rt_hw_stack_init
 .text.rt_hw_hard_fault_exception
                0x0800b680       0xe0 build/libcpu/arm/cortex-m4/cpuport.o
                0x0800b680                rt_hw_hard_fault_exception
 .text.rt_list_init
                0x0800b760       0x20 build/components/drivers/sdio/block_dev.o
 .text.rt_list_insert_after
                0x0800b780       0x30 build/components/drivers/sdio/block_dev.o
 .text.rt_list_remove
                0x0800b7b0       0x34 build/components/drivers/sdio/block_dev.o
 .text.rt_mmcsd_req_blk
                0x0800b7e4      0x210 build/components/drivers/sdio/block_dev.o
 .text.rt_mmcsd_init
                0x0800b9f4       0x18 build/components/drivers/sdio/block_dev.o
 .text.rt_mmcsd_open
                0x0800ba0c       0x1c build/components/drivers/sdio/block_dev.o
 .text.rt_mmcsd_close
                0x0800ba28       0x18 build/components/drivers/sdio/block_dev.o
 .text.rt_mmcsd_control
                0x0800ba40       0x40 build/components/drivers/sdio/block_dev.o
 .text.rt_mmcsd_read
                0x0800ba80       0x88 build/components/drivers/sdio/block_dev.o
 .text.rt_mmcsd_write
                0x0800bb08       0x88 build/components/drivers/sdio/block_dev.o
 .text.mmcsd_set_blksize
                0x0800bb90       0x84 build/components/drivers/sdio/block_dev.o
 .text.rt_mmcsd_blk_probe
                0x0800bc14      0x2f8 build/components/drivers/sdio/block_dev.o
                0x0800bc14                rt_mmcsd_blk_probe
 .text.rt_mmcsd_blk_remove
                0x0800bf0c       0x64 build/components/drivers/sdio/block_dev.o
                0x0800bf0c                rt_mmcsd_blk_remove
 .text.rt_mmcsd_blk_init
                0x0800bf70       0x14 build/components/drivers/sdio/block_dev.o
                0x0800bf70                rt_mmcsd_blk_init
 .text.mmcsd_delay_ms
                0x0800bf84       0x38 build/components/drivers/sdio/mmcsd_core.o
 .text.fls      0x0800bfbc       0xac build/components/drivers/sdio/mmcsd_core.o
 .text.mmcsd_host_lock
                0x0800c068       0x20 build/components/drivers/sdio/mmcsd_core.o
                0x0800c068                mmcsd_host_lock
 .text.mmcsd_host_unlock
                0x0800c088       0x1c build/components/drivers/sdio/mmcsd_core.o
                0x0800c088                mmcsd_host_unlock
 .text.mmcsd_req_complete
                0x0800c0a4       0x1c build/components/drivers/sdio/mmcsd_core.o
                0x0800c0a4                mmcsd_req_complete
 .text.mmcsd_send_request
                0x0800c0c0       0x88 build/components/drivers/sdio/mmcsd_core.o
                0x0800c0c0                mmcsd_send_request
 .text.mmcsd_send_cmd
                0x0800c148       0x58 build/components/drivers/sdio/mmcsd_core.o
                0x0800c148                mmcsd_send_cmd
 .text.mmcsd_go_idle
                0x0800c1a0       0x90 build/components/drivers/sdio/mmcsd_core.o
                0x0800c1a0                mmcsd_go_idle
 .text.mmcsd_spi_read_ocr
                0x0800c230       0x60 build/components/drivers/sdio/mmcsd_core.o
                0x0800c230                mmcsd_spi_read_ocr
 .text.mmcsd_all_get_cid
                0x0800c290       0x6c build/components/drivers/sdio/mmcsd_core.o
                0x0800c290                mmcsd_all_get_cid
 .text.mmcsd_get_cid
                0x0800c2fc      0x188 build/components/drivers/sdio/mmcsd_core.o
                0x0800c2fc                mmcsd_get_cid
 .text.mmcsd_get_csd
                0x0800c484      0x184 build/components/drivers/sdio/mmcsd_core.o
                0x0800c484                mmcsd_get_csd
 .text._mmcsd_select_card
                0x0800c608       0x70 build/components/drivers/sdio/mmcsd_core.o
 .text.mmcsd_select_card
                0x0800c678       0x20 build/components/drivers/sdio/mmcsd_core.o
                0x0800c678                mmcsd_select_card
 .text.mmcsd_spi_use_crc
                0x0800c698       0x58 build/components/drivers/sdio/mmcsd_core.o
                0x0800c698                mmcsd_spi_use_crc
 .text.mmcsd_set_iocfg
                0x0800c6f0       0x24 build/components/drivers/sdio/mmcsd_core.o
 .text.mmcsd_set_chip_select
                0x0800c714       0x20 build/components/drivers/sdio/mmcsd_core.o
                0x0800c714                mmcsd_set_chip_select
 .text.mmcsd_set_clock
                0x0800c734       0x34 build/components/drivers/sdio/mmcsd_core.o
                0x0800c734                mmcsd_set_clock
 .text.mmcsd_set_bus_mode
                0x0800c768       0x20 build/components/drivers/sdio/mmcsd_core.o
                0x0800c768                mmcsd_set_bus_mode
 .text.mmcsd_set_bus_width
                0x0800c788       0x20 build/components/drivers/sdio/mmcsd_core.o
                0x0800c788                mmcsd_set_bus_width
 .text.mmcsd_set_data_timeout
                0x0800c7a8      0x170 build/components/drivers/sdio/mmcsd_core.o
                0x0800c7a8                mmcsd_set_data_timeout
 .text.mmcsd_select_voltage
                0x0800c918       0x68 build/components/drivers/sdio/mmcsd_core.o
                0x0800c918                mmcsd_select_voltage
 .text.mmcsd_power_up
                0x0800c980       0x94 build/components/drivers/sdio/mmcsd_core.o
 .text.mmcsd_power_off
                0x0800ca14       0x54 build/components/drivers/sdio/mmcsd_core.o
 .text.mmcsd_change
                0x0800ca68       0x20 build/components/drivers/sdio/mmcsd_core.o
                0x0800ca68                mmcsd_change
 .text.mmcsd_detect
                0x0800ca88       0xe0 build/components/drivers/sdio/mmcsd_core.o
                0x0800ca88                mmcsd_detect
 .text.mmcsd_alloc_host
                0x0800cb68       0x9c build/components/drivers/sdio/mmcsd_core.o
                0x0800cb68                mmcsd_alloc_host
 .text.mmcsd_free_host
                0x0800cc04       0x30 build/components/drivers/sdio/mmcsd_core.o
                0x0800cc04                mmcsd_free_host
 .text.rt_mmcsd_core_init
                0x0800cc34       0xc0 build/components/drivers/sdio/mmcsd_core.o
                0x0800cc34                rt_mmcsd_core_init
 .text.mmcsd_delay_ms
                0x0800ccf4       0x38 build/components/drivers/sdio/sd.o
 .text.GET_BITS
                0x0800cd2c       0xac build/components/drivers/sdio/sd.o
 .text.mmcsd_parse_csd
                0x0800cdd8      0x440 build/components/drivers/sdio/sd.o
 .text.mmcsd_parse_scr
                0x0800d218       0x60 build/components/drivers/sdio/sd.o
 .text.mmcsd_switch
                0x0800d278      0x1ec build/components/drivers/sdio/sd.o
 .text.mmcsd_app_cmd
                0x0800d464       0xec build/components/drivers/sdio/sd.o
 .text.mmcsd_send_app_cmd
                0x0800d550       0xdc build/components/drivers/sdio/sd.o
                0x0800d550                mmcsd_send_app_cmd
 .text.mmcsd_app_set_bus_width
                0x0800d62c       0x7c build/components/drivers/sdio/sd.o
                0x0800d62c                mmcsd_app_set_bus_width
 .text.mmcsd_send_app_op_cond
                0x0800d6a8       0xe0 build/components/drivers/sdio/sd.o
                0x0800d6a8                mmcsd_send_app_op_cond
 .text.mmcsd_send_if_cond
                0x0800d788       0x84 build/components/drivers/sdio/sd.o
                0x0800d788                mmcsd_send_if_cond
 .text.mmcsd_get_card_addr
                0x0800d80c       0x64 build/components/drivers/sdio/sd.o
                0x0800d80c                mmcsd_get_card_addr
 .text.mmcsd_get_scr
                0x0800d870      0x144 build/components/drivers/sdio/sd.o
                0x0800d870                mmcsd_get_scr
 .text.mmcsd_sd_init_card
                0x0800d9b4      0x234 build/components/drivers/sdio/sd.o
 .text.init_sd  0x0800dbe8       0xe4 build/components/drivers/sdio/sd.o
                0x0800dbe8                init_sd
 .text.rt_list_init
                0x0800dccc       0x20 build/components/drivers/sdio/sdio.o
 .text.rt_list_insert_after
                0x0800dcec       0x30 build/components/drivers/sdio/sdio.o
 .text.rt_list_isempty
                0x0800dd1c       0x24 build/components/drivers/sdio/sdio.o
 .text.mmcsd_delay_ms
                0x0800dd40       0x38 build/components/drivers/sdio/sdio.o
 .text.sdio_io_send_op_cond
                0x0800dd78      0x10c build/components/drivers/sdio/sdio.o
                0x0800dd78                sdio_io_send_op_cond
 .text.sdio_io_rw_direct
                0x0800de84      0x194 build/components/drivers/sdio/sdio.o
                0x0800de84                sdio_io_rw_direct
 .text.sdio_io_readb
                0x0800e018       0x48 build/components/drivers/sdio/sdio.o
                0x0800e018                sdio_io_readb
 .text.sdio_io_writeb
                0x0800e060       0x3c build/components/drivers/sdio/sdio.o
                0x0800e060                sdio_io_writeb
 .text.sdio_read_cccr
                0x0800e09c      0x17c build/components/drivers/sdio/sdio.o
 .text.cistpl_funce_func0
                0x0800e218       0x94 build/components/drivers/sdio/sdio.o
 .text.cistpl_funce_func
                0x0800e2ac       0xa8 build/components/drivers/sdio/sdio.o
 .text.sdio_read_cis
                0x0800e354      0x348 build/components/drivers/sdio/sdio.o
 .text.sdio_free_cis
                0x0800e69c       0x50 build/components/drivers/sdio/sdio.o
                0x0800e69c                sdio_free_cis
 .text.sdio_read_fbr
                0x0800e6ec       0x80 build/components/drivers/sdio/sdio.o
 .text.sdio_initialize_function
                0x0800e76c       0xdc build/components/drivers/sdio/sdio.o
 .text.sdio_set_highspeed
                0x0800e848       0x9c build/components/drivers/sdio/sdio.o
 .text.sdio_set_bus_wide
                0x0800e8e4       0xa8 build/components/drivers/sdio/sdio.o
 .text.sdio_register_card
                0x0800e98c       0xb0 build/components/drivers/sdio/sdio.o
 .text.sdio_init_card
                0x0800ea3c      0x2fc build/components/drivers/sdio/sdio.o
 .text.init_sdio
                0x0800ed38       0xd4 build/components/drivers/sdio/sdio.o
                0x0800ed38                init_sdio
 .text.sdio_irq_wakeup
                0x0800ee0c       0x28 build/components/drivers/sdio/sdio.o
                0x0800ee0c                sdio_irq_wakeup
 .text.sdio_match_card
                0x0800ee34       0x5c build/components/drivers/sdio/sdio.o
 .text.rt_sdio_init
                0x0800ee90       0x20 build/components/drivers/sdio/sdio.o
                0x0800ee90                rt_sdio_init
 .text.serial_ringbuffer_init
                0x0800eeb0       0x34 build/components/drivers/serial/serial.o
 .text.serial_ringbuffer_putc
                0x0800eee4       0x6c build/components/drivers/serial/serial.o
 .text.serial_ringbuffer_putchar
                0x0800ef50       0x64 build/components/drivers/serial/serial.o
 .text.serial_ringbuffer_getc
                0x0800efb4       0x5c build/components/drivers/serial/serial.o
 .text.serial_ringbuffer_size
                0x0800f010       0x38 build/components/drivers/serial/serial.o
 .text.rt_serial_init
                0x0800f048       0xd8 build/components/drivers/serial/serial.o
 .text.rt_serial_open
                0x0800f120       0x94 build/components/drivers/serial/serial.o
 .text.rt_serial_close
                0x0800f1b4       0x90 build/components/drivers/serial/serial.o
 .text.rt_serial_read
                0x0800f244       0xe8 build/components/drivers/serial/serial.o
 .text.rt_serial_write
                0x0800f32c      0x1b0 build/components/drivers/serial/serial.o
 .text.rt_serial_control
                0x0800f4dc       0xa4 build/components/drivers/serial/serial.o
 .text.rt_hw_serial_register
                0x0800f580       0xc8 build/components/drivers/serial/serial.o
                0x0800f580                rt_hw_serial_register
 .text.rt_hw_serial_isr
                0x0800f648       0x98 build/components/drivers/serial/serial.o
                0x0800f648                rt_hw_serial_isr
 .text.rt_list_init
                0x0800f6e0       0x20 build/components/drivers/src/dataqueue.o
 .text.rt_list_insert_before
                0x0800f700       0x30 build/components/drivers/src/dataqueue.o
 .text.rt_list_isempty
                0x0800f730       0x24 build/components/drivers/src/dataqueue.o
 .text.rt_data_queue_init
                0x0800f754       0xb8 build/components/drivers/src/dataqueue.o
                0x0800f754                rt_data_queue_init
 .text.rt_data_queue_push
                0x0800f80c      0x1ec build/components/drivers/src/dataqueue.o
                0x0800f80c                rt_data_queue_push
 .text.finsh_rx_ind
                0x0800f9f8       0x64 build/components/finsh/shell.o
 .text.finsh_set_device
                0x0800fa5c       0xe8 build/components/finsh/shell.o
                0x0800fa5c                finsh_set_device
 .text.shell_auto_complete
                0x0800fb44       0x38 build/components/finsh/shell.o
 .text.finsh_run_line
                0x0800fb7c       0xcc build/components/finsh/shell.o
                0x0800fb7c                finsh_run_line
 .text.shell_handle_history
                0x0800fc48       0x40 build/components/finsh/shell.o
 .text.shell_push_history
                0x0800fc88      0x158 build/components/finsh/shell.o
 .text.finsh_thread_entry
                0x0800fde0      0x938 build/components/finsh/shell.o
                0x0800fde0                finsh_thread_entry
 .text.finsh_system_function_init
                0x08010718       0x2c build/components/finsh/shell.o
                0x08010718                finsh_system_function_init
 .text.finsh_system_var_init
                0x08010744       0x2c build/components/finsh/shell.o
                0x08010744                finsh_system_var_init
 .text.finsh_system_init
                0x08010770       0xf8 build/components/finsh/shell.o
                0x08010770                finsh_system_init
 .text.rt_list_isempty
                0x08010868       0x24 build/components/finsh/cmd.o
 .text.rt_list_len
                0x0801088c       0x3c build/components/finsh/cmd.o
 .text.hello    0x080108c8       0x18 build/components/finsh/cmd.o
                0x080108c8                hello
 .text.version  0x080108e0       0x10 build/components/finsh/cmd.o
                0x080108e0                version
 .text._list_thread
                0x080108f0      0x120 build/components/finsh/cmd.o
 .text.list_thread
                0x08010a10       0x14 build/components/finsh/cmd.o
                0x08010a10                list_thread
 .text.show_wait_queue
                0x08010a24       0x54 build/components/finsh/cmd.o
 .text._list_sem
                0x08010a78       0xd0 build/components/finsh/cmd.o
 .text.list_sem
                0x08010b48       0x14 build/components/finsh/cmd.o
                0x08010b48                list_sem
 .text._list_event
                0x08010b5c       0xb8 build/components/finsh/cmd.o
 .text.list_event
                0x08010c14       0x14 build/components/finsh/cmd.o
                0x08010c14                list_event
 .text._list_mutex
                0x08010c28       0x84 build/components/finsh/cmd.o
 .text.list_mutex
                0x08010cac       0x14 build/components/finsh/cmd.o
                0x08010cac                list_mutex
 .text._list_mailbox
                0x08010cc0       0xe0 build/components/finsh/cmd.o
 .text.list_mailbox
                0x08010da0       0x14 build/components/finsh/cmd.o
                0x08010da0                list_mailbox
 .text._list_msgqueue
                0x08010db4       0xd0 build/components/finsh/cmd.o
 .text.list_msgqueue
                0x08010e84       0x14 build/components/finsh/cmd.o
                0x08010e84                list_msgqueue
 .text._list_mempool
                0x08010e98       0xc0 build/components/finsh/cmd.o
 .text.list_mempool
                0x08010f58       0x14 build/components/finsh/cmd.o
                0x08010f58                list_mempool
 .text._list_timer
                0x08010f6c       0xa4 build/components/finsh/cmd.o
 .text.list_timer
                0x08011010       0x14 build/components/finsh/cmd.o
                0x08011010                list_timer
 .text._list_device
                0x08011024       0x98 build/components/finsh/cmd.o
 .text.list_device
                0x080110bc       0x14 build/components/finsh/cmd.o
                0x080110bc                list_device
 .text.list     0x080110d0      0x120 build/components/finsh/cmd.o
                0x080110d0                list
 .text.str_is_prefix
                0x080111f0       0x50 build/components/finsh/cmd.o
 .text.str_common
                0x08011240       0x50 build/components/finsh/cmd.o
 .text.list_prefix
                0x08011290      0x2d4 build/components/finsh/cmd.o
                0x08011290                list_prefix
 .text.finsh_compile
                0x08011564     0x2b30 build/components/finsh/finsh_compiler.o
 .text.finsh_type_check
                0x08014094      0x24c build/components/finsh/finsh_compiler.o
 .text.finsh_compiler_run
                0x080142e0       0xc0 build/components/finsh/finsh_compiler.o
                0x080142e0                finsh_compiler_run
 .text.finsh_error_init
                0x080143a0       0x20 build/components/finsh/finsh_error.o
                0x080143a0                finsh_error_init
 .text.finsh_error_set
                0x080143c0       0x28 build/components/finsh/finsh_error.o
                0x080143c0                finsh_error_set
 .text.finsh_errno
                0x080143e8       0x18 build/components/finsh/finsh_error.o
                0x080143e8                finsh_errno
 .text.finsh_error_string
                0x08014400       0x24 build/components/finsh/finsh_error.o
                0x08014400                finsh_error_string
 .text.finsh_heap_init
                0x08014424       0x60 build/components/finsh/finsh_heap.o
                0x08014424                finsh_heap_init
 .text.finsh_heap_allocate
                0x08014484       0xc8 build/components/finsh/finsh_heap.o
                0x08014484                finsh_heap_allocate
 .text.finsh_heap_free
                0x0801454c       0x44 build/components/finsh/finsh_heap.o
                0x0801454c                finsh_heap_free
 .text.finsh_heap_gc
                0x08014590       0xa8 build/components/finsh/finsh_heap.o
 .text.finsh_block_insert
                0x08014638       0x84 build/components/finsh/finsh_heap.o
 .text.finsh_block_remove
                0x080146bc       0x5c build/components/finsh/finsh_heap.o
 .text.finsh_block_split
                0x08014718       0x44 build/components/finsh/finsh_heap.o
 .text.finsh_block_merge
                0x0801475c       0xf0 build/components/finsh/finsh_heap.o
 .text.finsh_init
                0x0801484c       0x2c build/components/finsh/finsh_init.o
                0x0801484c                finsh_init
 .text.finsh_stack_bottom
                0x08014878       0x18 build/components/finsh/finsh_init.o
                0x08014878                finsh_stack_bottom
 .text.finsh_flush
                0x08014890       0x24 build/components/finsh/finsh_init.o
                0x08014890                finsh_flush
 .text.finsh_node_init
                0x080148b4       0x20 build/components/finsh/finsh_node.o
                0x080148b4                finsh_node_init
 .text.finsh_node_allocate
                0x080148d4       0x90 build/components/finsh/finsh_node.o
                0x080148d4                finsh_node_allocate
 .text.finsh_node_new_id
                0x08014964       0xc0 build/components/finsh/finsh_node.o
                0x08014964                finsh_node_new_id
 .text.finsh_node_new_char
                0x08014a24       0x3c build/components/finsh/finsh_node.o
                0x08014a24                finsh_node_new_char
 .text.finsh_node_new_int
                0x08014a60       0x38 build/components/finsh/finsh_node.o
                0x08014a60                finsh_node_new_int
 .text.finsh_node_new_long
                0x08014a98       0x38 build/components/finsh/finsh_node.o
                0x08014a98                finsh_node_new_long
 .text.finsh_node_new_string
                0x08014ad0       0x74 build/components/finsh/finsh_node.o
                0x08014ad0                finsh_node_new_string
 .text.finsh_node_new_ptr
                0x08014b44       0x38 build/components/finsh/finsh_node.o
                0x08014b44                finsh_node_new_ptr
 .text.OP_no_op
                0x08014b7c        0xc build/components/finsh/finsh_ops.o
                0x08014b7c                OP_no_op
 .text.OP_add_byte
                0x08014b88       0x58 build/components/finsh/finsh_ops.o
                0x08014b88                OP_add_byte
 .text.OP_add_word
                0x08014be0       0x60 build/components/finsh/finsh_ops.o
                0x08014be0                OP_add_word
 .text.OP_add_dword
                0x08014c40       0x58 build/components/finsh/finsh_ops.o
                0x08014c40                OP_add_dword
 .text.OP_sub_byte
                0x08014c98       0x58 build/components/finsh/finsh_ops.o
                0x08014c98                OP_sub_byte
 .text.OP_sub_word
                0x08014cf0       0x60 build/components/finsh/finsh_ops.o
                0x08014cf0                OP_sub_word
 .text.OP_sub_dword
                0x08014d50       0x58 build/components/finsh/finsh_ops.o
                0x08014d50                OP_sub_dword
 .text.OP_div_byte
                0x08014da8       0x5c build/components/finsh/finsh_ops.o
                0x08014da8                OP_div_byte
 .text.OP_div_word
                0x08014e04       0x60 build/components/finsh/finsh_ops.o
                0x08014e04                OP_div_word
 .text.OP_div_dword
                0x08014e64       0x58 build/components/finsh/finsh_ops.o
                0x08014e64                OP_div_dword
 .text.OP_mod_byte
                0x08014ebc       0x60 build/components/finsh/finsh_ops.o
                0x08014ebc                OP_mod_byte
 .text.OP_mod_word
                0x08014f1c       0x64 build/components/finsh/finsh_ops.o
                0x08014f1c                OP_mod_word
 .text.OP_mod_dword
                0x08014f80       0x60 build/components/finsh/finsh_ops.o
                0x08014f80                OP_mod_dword
 .text.OP_mul_byte
                0x08014fe0       0x5c build/components/finsh/finsh_ops.o
                0x08014fe0                OP_mul_byte
 .text.OP_mul_word
                0x0801503c       0x60 build/components/finsh/finsh_ops.o
                0x0801503c                OP_mul_word
 .text.OP_mul_dword
                0x0801509c       0x58 build/components/finsh/finsh_ops.o
                0x0801509c                OP_mul_dword
 .text.OP_and_byte
                0x080150f4       0x58 build/components/finsh/finsh_ops.o
                0x080150f4                OP_and_byte
 .text.OP_and_word
                0x0801514c       0x58 build/components/finsh/finsh_ops.o
                0x0801514c                OP_and_word
 .text.OP_and_dword
                0x080151a4       0x58 build/components/finsh/finsh_ops.o
                0x080151a4                OP_and_dword
 .text.OP_or_byte
                0x080151fc       0x58 build/components/finsh/finsh_ops.o
                0x080151fc                OP_or_byte
 .text.OP_or_word
                0x08015254       0x58 build/components/finsh/finsh_ops.o
                0x08015254                OP_or_word
 .text.OP_or_dword
                0x080152ac       0x58 build/components/finsh/finsh_ops.o
                0x080152ac                OP_or_dword
 .text.OP_xor_byte
                0x08015304       0x58 build/components/finsh/finsh_ops.o
                0x08015304                OP_xor_byte
 .text.OP_xor_word
                0x0801535c       0x58 build/components/finsh/finsh_ops.o
                0x0801535c                OP_xor_word
 .text.OP_xor_dword
                0x080153b4       0x58 build/components/finsh/finsh_ops.o
                0x080153b4                OP_xor_dword
 .text.OP_bw_byte
                0x0801540c       0x34 build/components/finsh/finsh_ops.o
                0x0801540c                OP_bw_byte
 .text.OP_bw_word
                0x08015440       0x34 build/components/finsh/finsh_ops.o
                0x08015440                OP_bw_word
 .text.OP_bw_dword
                0x08015474       0x30 build/components/finsh/finsh_ops.o
                0x08015474                OP_bw_dword
 .text.OP_shl_byte
                0x080154a4       0x5c build/components/finsh/finsh_ops.o
                0x080154a4                OP_shl_byte
 .text.OP_shl_word
                0x08015500       0x60 build/components/finsh/finsh_ops.o
                0x08015500                OP_shl_word
 .text.OP_shl_dword
                0x08015560       0x58 build/components/finsh/finsh_ops.o
                0x08015560                OP_shl_dword
 .text.OP_shr_byte
                0x080155b8       0x5c build/components/finsh/finsh_ops.o
                0x080155b8                OP_shr_byte
 .text.OP_shr_word
                0x08015614       0x60 build/components/finsh/finsh_ops.o
                0x08015614                OP_shr_word
 .text.OP_shr_dword
                0x08015674       0x58 build/components/finsh/finsh_ops.o
                0x08015674                OP_shr_dword
 .text.OP_ld_byte
                0x080156cc       0x54 build/components/finsh/finsh_ops.o
                0x080156cc                OP_ld_byte
 .text.OP_ld_word
                0x08015720       0x70 build/components/finsh/finsh_ops.o
                0x08015720                OP_ld_word
 .text.OP_ld_dword
                0x08015790       0x98 build/components/finsh/finsh_ops.o
                0x08015790                OP_ld_dword
 .text.OP_ld_value_byte
                0x08015828       0xa4 build/components/finsh/finsh_ops.o
                0x08015828                OP_ld_value_byte
 .text.OP_ld_value_byte_stack
                0x080158cc       0x38 build/components/finsh/finsh_ops.o
                0x080158cc                OP_ld_value_byte_stack
 .text.OP_ld_value_word
                0x08015904       0xa4 build/components/finsh/finsh_ops.o
                0x08015904                OP_ld_value_word
 .text.OP_ld_value_word_stack
                0x080159a8       0x38 build/components/finsh/finsh_ops.o
                0x080159a8                OP_ld_value_word_stack
 .text.OP_ld_value_dword
                0x080159e0       0xa4 build/components/finsh/finsh_ops.o
                0x080159e0                OP_ld_value_dword
 .text.OP_ld_value_dword_stack
                0x08015a84       0x38 build/components/finsh/finsh_ops.o
                0x08015a84                OP_ld_value_dword_stack
 .text.OP_st_byte
                0x08015abc       0x48 build/components/finsh/finsh_ops.o
                0x08015abc                OP_st_byte
 .text.OP_st_word
                0x08015b04       0x48 build/components/finsh/finsh_ops.o
                0x08015b04                OP_st_word
 .text.OP_st_dword
                0x08015b4c       0x48 build/components/finsh/finsh_ops.o
                0x08015b4c                OP_st_dword
 .text.OP_pop   0x08015b94       0x24 build/components/finsh/finsh_ops.o
                0x08015b94                OP_pop
 .text.OP_call  0x08015bb8      0x42c build/components/finsh/finsh_ops.o
                0x08015bb8                OP_call
 .text.proc_variable_decl
                0x08015fe4      0x2f4 build/components/finsh/finsh_parser.o
 .text.proc_type
                0x080162d8      0x1d8 build/components/finsh/finsh_parser.o
 .text.proc_identifier
                0x080164b0       0x50 build/components/finsh/finsh_parser.o
 .text.proc_expr_statement
                0x08016500       0x68 build/components/finsh/finsh_parser.o
 .text.proc_expr
                0x08016568       0x1c build/components/finsh/finsh_parser.o
 .text.proc_assign_expr
                0x08016584       0x54 build/components/finsh/finsh_parser.o
 .text.proc_inclusive_or_expr
                0x080165d8       0x74 build/components/finsh/finsh_parser.o
 .text.proc_exclusive_or_expr
                0x0801664c       0x74 build/components/finsh/finsh_parser.o
 .text.proc_and_expr
                0x080166c0       0x74 build/components/finsh/finsh_parser.o
 .text.proc_shift_expr
                0x08016734       0xa0 build/components/finsh/finsh_parser.o
 .text.proc_additive_expr
                0x080167d4       0xa0 build/components/finsh/finsh_parser.o
 .text.proc_multiplicative_expr
                0x08016874       0xb8 build/components/finsh/finsh_parser.o
 .text.proc_cast_expr
                0x0801692c       0x80 build/components/finsh/finsh_parser.o
 .text.proc_unary_expr
                0x080169ac      0x124 build/components/finsh/finsh_parser.o
 .text.proc_postfix_expr
                0x08016ad0       0xf0 build/components/finsh/finsh_parser.o
 .text.proc_primary_expr
                0x08016bc0      0x164 build/components/finsh/finsh_parser.o
 .text.proc_param_list
                0x08016d24       0x80 build/components/finsh/finsh_parser.o
 .text.make_sys_node
                0x08016da4       0x48 build/components/finsh/finsh_parser.o
 .text.finsh_parser_run
                0x08016dec      0x170 build/components/finsh/finsh_parser.o
                0x08016dec                finsh_parser_run
 .text.finsh_parser_init
                0x08016f5c       0x24 build/components/finsh/finsh_parser.o
                0x08016f5c                finsh_parser_init
 .text.finsh_var_init
                0x08016f80       0x20 build/components/finsh/finsh_var.o
                0x08016f80                finsh_var_init
 .text.finsh_var_insert
                0x08016fa0       0xe8 build/components/finsh/finsh_var.o
                0x08016fa0                finsh_var_insert
 .text.finsh_var_lookup
                0x08017088       0x7c build/components/finsh/finsh_var.o
                0x08017088                finsh_var_lookup
 .text.finsh_sysvar_lookup
                0x08017104       0x90 build/components/finsh/finsh_var.o
                0x08017104                finsh_sysvar_lookup
 .text.finsh_vm_run
                0x08017194       0x94 build/components/finsh/finsh_vm.o
                0x08017194                finsh_vm_run
 .text.finsh_syscall_lookup
                0x08017228       0x90 build/components/finsh/finsh_vm.o
                0x08017228                finsh_syscall_lookup
 .text.finsh_token_init
                0x080172b8       0x28 build/components/finsh/finsh_token.o
                0x080172b8                finsh_token_init
 .text.finsh_token_token
                0x080172e0       0x30 build/components/finsh/finsh_token.o
                0x080172e0                finsh_token_token
 .text.token_get_string
                0x08017310       0xb4 build/components/finsh/finsh_token.o
                0x08017310                token_get_string
 .text.token_next_char
                0x080173c4       0x78 build/components/finsh/finsh_token.o
 .text.token_prev_char
                0x0801743c       0x38 build/components/finsh/finsh_token.o
 .text.token_run
                0x08017474      0x384 build/components/finsh/finsh_token.o
 .text.token_match_name
                0x080177f8       0x68 build/components/finsh/finsh_token.o
 .text.token_trim_space
                0x08017860       0x34 build/components/finsh/finsh_token.o
 .text.token_proc_char
                0x08017894       0xf0 build/components/finsh/finsh_token.o
 .text.token_proc_string
                0x08017984       0x84 build/components/finsh/finsh_token.o
 .text.token_proc_escape
                0x08017a08      0x148 build/components/finsh/finsh_token.o
 .text.token_proc_number
                0x08017b50      0x1f8 build/components/finsh/finsh_token.o
 .text.token_spec_number
                0x08017d48      0x128 build/components/finsh/finsh_token.o
 .text.dfs_lock
                0x08017e70       0x54 build/components/dfs/src/dfs.o
                0x08017e70                dfs_lock
 .text.dfs_unlock
                0x08017ec4       0x14 build/components/dfs/src/dfs.o
                0x08017ec4                dfs_unlock
 .text.fd_new   0x08017ed8       0x7c build/components/dfs/src/dfs.o
                0x08017ed8                fd_new
 .text.fd_get   0x08017f54       0x64 build/components/dfs/src/dfs.o
                0x08017f54                fd_get
 .text.fd_put   0x08017fb8       0x70 build/components/dfs/src/dfs.o
                0x08017fb8                fd_put
 .text.fd_is_open
                0x08018028       0xe0 build/components/dfs/src/dfs.o
                0x08018028                fd_is_open
 .text.dfs_subdir
                0x08018108       0x58 build/components/dfs/src/dfs.o
                0x08018108                dfs_subdir
 .text.dfs_normalize_path
                0x08018160      0x278 build/components/dfs/src/dfs.o
                0x08018160                dfs_normalize_path
 .text.dfs_filesystem_lookup
                0x080183d8       0xb4 build/components/dfs/src/dfs_fs.o
                0x080183d8                dfs_filesystem_lookup
 .text.dfs_filesystem_get_partition
                0x0801848c      0x1dc build/components/dfs/src/dfs_fs.o
                0x0801848c                dfs_filesystem_get_partition
 .text.dfs_mount
                0x08018668      0x244 build/components/dfs/src/dfs_fs.o
                0x08018668                dfs_mount
 .text.dfs_mkfs
                0x080188ac       0xd8 build/components/dfs/src/dfs_fs.o
                0x080188ac                dfs_mkfs
 .text.dfs_statfs
                0x08018984       0x40 build/components/dfs/src/dfs_fs.o
                0x08018984                dfs_statfs
 .text.mkfs     0x080189c4       0x1c build/components/dfs/src/dfs_fs.o
                0x080189c4                mkfs
 .text.df       0x080189e0       0x64 build/components/dfs/src/dfs_fs.o
                0x080189e0                df
 .text.dfs_file_open
                0x08018a44      0x158 build/components/dfs/src/dfs_file.o
                0x08018a44                dfs_file_open
 .text.dfs_file_close
                0x08018b9c       0x5c build/components/dfs/src/dfs_file.o
                0x08018b9c                dfs_file_close
 .text.dfs_file_read
                0x08018bf8       0x64 build/components/dfs/src/dfs_file.o
                0x08018bf8                dfs_file_read
 .text.dfs_file_getdents
                0x08018c5c       0x50 build/components/dfs/src/dfs_file.o
                0x08018c5c                dfs_file_getdents
 .text.dfs_file_unlink
                0x08018cac       0xd0 build/components/dfs/src/dfs_file.o
                0x08018cac                dfs_file_unlink
 .text.dfs_file_write
                0x08018d7c       0x48 build/components/dfs/src/dfs_file.o
                0x08018d7c                dfs_file_write
 .text.dfs_file_stat
                0x08018dc4      0x110 build/components/dfs/src/dfs_file.o
                0x08018dc4                dfs_file_stat
 .text.ls       0x08018ed4      0x150 build/components/dfs/src/dfs_file.o
                0x08018ed4                ls
 .text.rm       0x08019024       0x2c build/components/dfs/src/dfs_file.o
                0x08019024                rm
 .text.cat      0x08019050       0x90 build/components/dfs/src/dfs_file.o
                0x08019050                cat
 .text.copyfile
                0x080190e0       0xe0 build/components/dfs/src/dfs_file.o
 .text.copydir  0x080191c0      0x1c4 build/components/dfs/src/dfs_file.o
 .text._get_path_lastname
                0x08019384       0x34 build/components/dfs/src/dfs_file.o
 .text.copy     0x080193b8      0x174 build/components/dfs/src/dfs_file.o
                0x080193b8                copy
 .text.mkdir    0x0801952c       0x74 build/components/dfs/src/dfs_posix.o
                0x0801952c                mkdir
 .text.netconn_new_with_proto_and_callback
                0x080195a0      0x124 build/components/net/lwip-1.4.1/src/api/api_lib.o
                0x080195a0                netconn_new_with_proto_and_callback
 .text.netconn_delete
                0x080196c4       0x44 build/components/net/lwip-1.4.1/src/api/api_lib.o
                0x080196c4                netconn_delete
 .text.netconn_getaddr
                0x08019708       0xe4 build/components/net/lwip-1.4.1/src/api/api_lib.o
                0x08019708                netconn_getaddr
 .text.netconn_connect
                0x080197ec       0x8c build/components/net/lwip-1.4.1/src/api/api_lib.o
                0x080197ec                netconn_connect
 .text.netconn_disconnect
                0x08019878       0x80 build/components/net/lwip-1.4.1/src/api/api_lib.o
                0x08019878                netconn_disconnect
 .text.netconn_recv_data
                0x080198f8      0x1e4 build/components/net/lwip-1.4.1/src/api/api_lib.o
 .text.netconn_recv_tcp_pbuf
                0x08019adc       0x50 build/components/net/lwip-1.4.1/src/api/api_lib.o
                0x08019adc                netconn_recv_tcp_pbuf
 .text.netconn_recv
                0x08019b2c      0x16c build/components/net/lwip-1.4.1/src/api/api_lib.o
                0x08019b2c                netconn_recv
 .text.netconn_recved
                0x08019c98       0x4c build/components/net/lwip-1.4.1/src/api/api_lib.o
                0x08019c98                netconn_recved
 .text.netconn_send
                0x08019ce4       0x84 build/components/net/lwip-1.4.1/src/api/api_lib.o
                0x08019ce4                netconn_send
 .text.netconn_write_partly
                0x08019d68      0x128 build/components/net/lwip-1.4.1/src/api/api_lib.o
                0x08019d68                netconn_write_partly
 .text.netconn_gethostbyname
                0x08019e90       0xc8 build/components/net/lwip-1.4.1/src/api/api_lib.o
                0x08019e90                netconn_gethostbyname
 .text.recv_raw
                0x08019f58       0xf8 build/components/net/lwip-1.4.1/src/api/api_msg.o
 .text.recv_udp
                0x0801a050      0x124 build/components/net/lwip-1.4.1/src/api/api_msg.o
 .text.recv_tcp
                0x0801a174      0x12c build/components/net/lwip-1.4.1/src/api/api_msg.o
 .text.poll_tcp
                0x0801a2a0       0xb8 build/components/net/lwip-1.4.1/src/api/api_msg.o
 .text.sent_tcp
                0x0801a358       0xb4 build/components/net/lwip-1.4.1/src/api/api_msg.o
 .text.err_tcp  0x0801a40c      0x198 build/components/net/lwip-1.4.1/src/api/api_msg.o
 .text.setup_tcp
                0x0801a5a4       0x5c build/components/net/lwip-1.4.1/src/api/api_msg.o
 .text.pcb_new  0x0801a600      0x118 build/components/net/lwip-1.4.1/src/api/api_msg.o
 .text.do_newconn
                0x0801a718       0x38 build/components/net/lwip-1.4.1/src/api/api_msg.o
                0x0801a718                do_newconn
 .text.netconn_alloc
                0x0801a750      0x120 build/components/net/lwip-1.4.1/src/api/api_msg.o
                0x0801a750                netconn_alloc
 .text.netconn_free
                0x0801a870       0xb0 build/components/net/lwip-1.4.1/src/api/api_msg.o
                0x0801a870                netconn_free
 .text.netconn_drain
                0x0801a920      0x130 build/components/net/lwip-1.4.1/src/api/api_msg.o
 .text.do_close_internal
                0x0801aa50      0x29c build/components/net/lwip-1.4.1/src/api/api_msg.o
 .text.do_delconn
                0x0801acec      0x1ac build/components/net/lwip-1.4.1/src/api/api_msg.o
                0x0801acec                do_delconn
 .text.do_connected
                0x0801ae98      0x134 build/components/net/lwip-1.4.1/src/api/api_msg.o
 .text.do_connect
                0x0801afcc      0x170 build/components/net/lwip-1.4.1/src/api/api_msg.o
                0x0801afcc                do_connect
 .text.do_disconnect
                0x0801b13c       0x4c build/components/net/lwip-1.4.1/src/api/api_msg.o
                0x0801b13c                do_disconnect
 .text.do_send  0x0801b188      0x118 build/components/net/lwip-1.4.1/src/api/api_msg.o
                0x0801b188                do_send
 .text.do_recv  0x0801b2a0       0x74 build/components/net/lwip-1.4.1/src/api/api_msg.o
                0x0801b2a0                do_recv
 .text.do_writemore
                0x0801b314      0x2d4 build/components/net/lwip-1.4.1/src/api/api_msg.o
 .text.do_write
                0x0801b5e8       0xf0 build/components/net/lwip-1.4.1/src/api/api_msg.o
                0x0801b5e8                do_write
 .text.do_getaddr
                0x0801b6d8      0x118 build/components/net/lwip-1.4.1/src/api/api_msg.o
                0x0801b6d8                do_getaddr
 .text.do_dns_found
                0x0801b7f0       0x78 build/components/net/lwip-1.4.1/src/api/api_msg.o
 .text.do_gethostbyname
                0x0801b868       0x50 build/components/net/lwip-1.4.1/src/api/api_msg.o
                0x0801b868                do_gethostbyname
 .text.netbuf_delete
                0x0801b8b8       0x40 build/components/net/lwip-1.4.1/src/api/netbuf.o
                0x0801b8b8                netbuf_delete
 .text.netbuf_free
                0x0801b8f8       0x58 build/components/net/lwip-1.4.1/src/api/netbuf.o
                0x0801b8f8                netbuf_free
 .text.netbuf_ref
                0x0801b950       0xa4 build/components/net/lwip-1.4.1/src/api/netbuf.o
                0x0801b950                netbuf_ref
 .text.lwip_gethostbyname
                0x0801b9f4       0xc0 build/components/net/lwip-1.4.1/src/api/netdb.o
                0x0801b9f4                lwip_gethostbyname
 .text.do_netifapi_netif_add
                0x0801bab4       0x58 build/components/net/lwip-1.4.1/src/api/netifapi.o
                0x0801bab4                do_netifapi_netif_add
 .text.netifapi_netif_add
                0x0801bb0c       0x4c build/components/net/lwip-1.4.1/src/api/netifapi.o