ARM Linker, 5.03 [Build 76] [MDK-ARM Professional]

==============================================================================

Section Cross References

    system_stm32f4xx.o(.text) refers to system_stm32f4xx.o(.data) for SystemCoreClock
    misc.o(.text) refers to startup.o(.text) for assert_failed
    stm32f4xx_adc.o(.text) refers to stm32f4xx_rcc.o(.text) for RCC_APB2PeriphResetCmd
    stm32f4xx_adc.o(.text) refers to startup.o(.text) for assert_failed
    stm32f4xx_adc.o(.text) refers to stm32f4xx_adc.o(.constdata) for .constdata
    stm32f4xx_can.o(.text) refers to startup.o(.text) for assert_failed
    stm32f4xx_can.o(.text) refers to stm32f4xx_rcc.o(.text) for RCC_APB1PeriphResetCmd
    stm32f4xx_can.o(.text) refers to stm32f4xx_can.o(.constdata) for .constdata
    stm32f4xx_cryp.o(.text) refers to stm32f4xx_rcc.o(.text) for RCC_AHB2PeriphResetCmd
    stm32f4xx_cryp.o(.text) refers to startup.o(.text) for assert_failed
    stm32f4xx_cryp.o(.text) refers to stm32f4xx_cryp.o(.constdata) for .constdata
    stm32f4xx_cryp_aes.o(.text) refers to stm32f4xx_cryp.o(.text) for CRYP_KeyStructInit
    stm32f4xx_cryp_des.o(.text) refers to stm32f4xx_cryp.o(.text) for CRYP_KeyStructInit
    stm32f4xx_cryp_tdes.o(.text) refers to stm32f4xx_cryp.o(.text) for CRYP_KeyStructInit
    stm32f4xx_dac.o(.text) refers to stm32f4xx_rcc.o(.text) for RCC_APB1PeriphResetCmd
    stm32f4xx_dac.o(.text) refers to startup.o(.text) for assert_failed
    stm32f4xx_dac.o(.text) refers to stm32f4xx_dac.o(.constdata) for .constdata
    stm32f4xx_dbgmcu.o(.text) refers to startup.o(.text) for assert_failed
    stm32f4xx_dbgmcu.o(.text) refers to stm32f4xx_dbgmcu.o(.constdata) for .constdata
    stm32f4xx_dcmi.o(.text) refers to startup.o(.text) for assert_failed
    stm32f4xx_dcmi.o(.text) refers to stm32f4xx_dcmi.o(.constdata) for .constdata
    stm32f4xx_dma.o(.text) refers to startup.o(.text) for assert_failed
    stm32f4xx_dma.o(.text) refers to stm32f4xx_dma.o(.constdata) for .constdata
    stm32f4xx_exti.o(.text) refers to startup.o(.text) for assert_failed
    stm32f4xx_exti.o(.text) refers to stm32f4xx_exti.o(.constdata) for .constdata
    stm32f4xx_flash.o(.text) refers to startup.o(.text) for assert_failed
    stm32f4xx_flash.o(.text) refers to stm32f4xx_flash.o(.constdata) for .constdata
    stm32f4xx_fsmc.o(.text) refers to startup.o(.text) for assert_failed
    stm32f4xx_fsmc.o(.text) refers to stm32f4xx_fsmc.o(.constdata) for .constdata
    stm32f4xx_gpio.o(.text) refers to startup.o(.text) for assert_failed
    stm32f4xx_gpio.o(.text) refers to stm32f4xx_rcc.o(.text) for RCC_AHB1PeriphResetCmd
    stm32f4xx_gpio.o(.text) refers to stm32f4xx_gpio.o(.constdata) for .constdata
    stm32f4xx_hash.o(.text) refers to stm32f4xx_rcc.o(.text) for RCC_AHB2PeriphResetCmd
    stm32f4xx_hash.o(.text) refers to startup.o(.text) for assert_failed
    stm32f4xx_hash.o(.text) refers to stm32f4xx_hash.o(.constdata) for .constdata
    stm32f4xx_hash_md5.o(.text) refers to stm32f4xx_hash.o(.text) for HASH_DeInit
    stm32f4xx_hash_sha1.o(.text) refers to stm32f4xx_hash.o(.text) for HASH_DeInit
    stm32f4xx_i2c.o(.text) refers to startup.o(.text) for assert_failed
    stm32f4xx_i2c.o(.text) refers to stm32f4xx_rcc.o(.text) for RCC_APB1PeriphResetCmd
    stm32f4xx_i2c.o(.text) refers to stm32f4xx_i2c.o(.constdata) for .constdata
    stm32f4xx_iwdg.o(.text) refers to startup.o(.text) for assert_failed
    stm32f4xx_iwdg.o(.text) refers to stm32f4xx_iwdg.o(.constdata) for .constdata
    stm32f4xx_pwr.o(.text) refers to stm32f4xx_rcc.o(.text) for RCC_APB1PeriphResetCmd
    stm32f4xx_pwr.o(.text) refers to startup.o(.text) for assert_failed
    stm32f4xx_pwr.o(.text) refers to stm32f4xx_pwr.o(.constdata) for .constdata
    stm32f4xx_rcc.o(.text) refers to startup.o(.text) for assert_failed
    stm32f4xx_rcc.o(.text) refers to stm32f4xx_rcc.o(.constdata) for .constdata
    stm32f4xx_rcc.o(.text) refers to stm32f4xx_rcc.o(.data) for APBAHBPrescTable
    stm32f4xx_rng.o(.text) refers to stm32f4xx_rcc.o(.text) for RCC_AHB2PeriphResetCmd
    stm32f4xx_rng.o(.text) refers to startup.o(.text) for assert_failed
    stm32f4xx_rng.o(.text) refers to stm32f4xx_rng.o(.constdata) for .constdata
    stm32f4xx_rtc.o(.text) refers to startup.o(.text) for assert_failed
    stm32f4xx_rtc.o(.text) refers to stm32f4xx_rtc.o(.constdata) for .constdata
    stm32f4xx_sdio.o(.text) refers to stm32f4xx_rcc.o(.text) for RCC_APB2PeriphResetCmd
    stm32f4xx_sdio.o(.text) refers to startup.o(.text) for assert_failed
    stm32f4xx_sdio.o(.text) refers to stm32f4xx_sdio.o(.constdata) for .constdata
    stm32f4xx_spi.o(.text) refers to startup.o(.text) for assert_failed
    stm32f4xx_spi.o(.text) refers to stm32f4xx_rcc.o(.text) for RCC_APB2PeriphResetCmd
    stm32f4xx_spi.o(.text) refers to stm32f4xx_spi.o(.constdata) for .constdata
[...]
    dfs_mount                                0x08015d35   Thumb Code   400  dfs_fs.o(.text)
    dfs_unmount                              0x08015ec5   Thumb Code   154  dfs_fs.o(.text)
    dfs_mkfs                                 0x08015f5f   Thumb Code   296  dfs_fs.o(.text)
    dfs_statfs                               0x08016087   Thumb Code    40  dfs_fs.o(.text)
    mkfs                                     0x080160af   Thumb Code    16  dfs_fs.o(.text)
    df                                       0x080160bf   Thumb Code    60  dfs_fs.o(.text)
    dfs_file_open                            0x0801617d   Thumb Code   220  dfs_file.o(.text)
    dfs_file_close                           0x08016259   Thumb Code    56  dfs_file.o(.text)
    dfs_file_ioctl                           0x08016291   Thumb Code    52  dfs_file.o(.text)
    dfs_file_read                            0x080162c5   Thumb Code    68  dfs_file.o(.text)
    dfs_file_getdents                        0x08016309   Thumb Code    54  dfs_file.o(.text)
    dfs_file_unlink                          0x0801633f   Thumb Code   148  dfs_file.o(.text)
    dfs_file_write                           0x080163d3   Thumb Code    48  dfs_file.o(.text)
    dfs_file_flush                           0x08016403   Thumb Code    36  dfs_file.o(.text)
    dfs_file_lseek                           0x08016427   Thumb Code    54  dfs_file.o(.text)
    dfs_file_stat                            0x0801645d   Thumb Code   188  dfs_file.o(.text)
    dfs_file_rename                          0x08016519   Thumb Code   176  dfs_file.o(.text)
    ls                                       0x080165c9   Thumb Code   212  dfs_file.o(.text)
    rm                                       0x0801669d   Thumb Code    24  dfs_file.o(.text)
    cat                                      0x080166b5   Thumb Code    80  dfs_file.o(.text)
    copy                                     0x080168b3   Thumb Code   598  dfs_file.o(.text)
    open                                     0x08016b09   Thumb Code    94  dfs_posix.o(.text)
    close                                    0x08016b67   Thumb Code    68  dfs_posix.o(.text)
    read                                     0x08016bab   Thumb Code    80  dfs_posix.o(.text)
    write                                    0x08016bfb   Thumb Code    80  dfs_posix.o(.text)
    lseek                                    0x08016c4b   Thumb Code   138  dfs_posix.o(.text)
    rename                                   0x08016cd5   Thumb Code    36  dfs_posix.o(.text)
    unlink                                   0x08016cf9   Thumb Code    32  dfs_posix.o(.text)
    stat                                     0x08016d19   Thumb Code    36  dfs_posix.o(.text)
    fstat                                    0x08016d3d   Thumb Code    88  dfs_posix.o(.text)
    statfs                                   0x08016d95   Thumb Code    36  dfs_posix.o(.text)
    mkdir                                    0x08016db9   Thumb Code    92  dfs_posix.o(.text)
    rmdir                                    0x08016e15   Thumb Code    32  dfs_posix.o(.text)
    opendir                                  0x08016e35   Thumb Code   130  dfs_posix.o(.text)
    readdir                                  0x08016eb7   Thumb Code   116  dfs_posix.o(.text)
    telldir                                  0x08016f2b   Thumb Code    50  dfs_posix.o(.text)
    seekdir                                  0x08016f5d   Thumb Code    58  dfs_posix.o(.text)
    rewinddir                                0x08016f97   Thumb Code    56  dfs_posix.o(.text)
    closedir                                 0x08016fcf   Thumb Code    74  dfs_posix.o(.text)
    getcwd                                   0x08017019   Thumb Code    16  dfs_posix.o(.text)
    dfs_elm_mount                            0x080170d1   Thumb Code   222  dfs_elm.o(.text)
    dfs_elm_unmount                          0x080171af   Thumb Code    92  dfs_elm.o(.text)
    dfs_elm_mkfs                             0x0801720b   Thumb Code   166  dfs_elm.o(.text)
    dfs_elm_statfs                           0x080172b1   Thumb Code   156  dfs_elm.o(.text)
    dfs_elm_open                             0x0801734d   Thumb Code   504  dfs_elm.o(.text)
    dfs_elm_close                            0x08017545   Thumb Code   122  dfs_elm.o(.text)
    dfs_elm_ioctl                            0x080175bf   Thumb Code     8  dfs_elm.o(.text)
    dfs_elm_read                             0x080175c7   Thumb Code    92  dfs_elm.o(.text)
    dfs_elm_write                            0x08017623   Thumb Code    96  dfs_elm.o(.text)
    dfs_elm_flush                            0x08017683   Thumb Code    56  dfs_elm.o(.text)
    dfs_elm_lseek                            0x080176bb   Thumb Code   152  dfs_elm.o(.text)
    dfs_elm_getdents                         0x08017753   Thumb Code   228  dfs_elm.o(.text)
    dfs_elm_unlink                           0x08017837   Thumb Code    86  dfs_elm.o(.text)
    dfs_elm_rename                           0x0801788d   Thumb Code    94  dfs_elm.o(.text)
    dfs_elm_stat                             0x080178eb   Thumb Code   320  dfs_elm.o(.text)
    elm_init                                 0x08017a2b   Thumb Code    12  dfs_elm.o(.text)
    disk_initialize                          0x08017a37   Thumb Code     6  dfs_elm.o(.text)
    disk_status                              0x08017a3d   Thumb Code     6  dfs_elm.o(.text)
    disk_read                                0x08017a43   Thumb Code    46  dfs_elm.o(.text)
    disk_write                               0x08017a71   Thumb Code    46  dfs_elm.o(.text)
    disk_ioctl                               0x08017a9f   Thumb Code   156  dfs_elm.o(.text)
    get_fattime                              0x08017b3b   Thumb Code     4  dfs_elm.o(.text)
    ff_cre_syncobj                           0x08017b3f   Thumb Code    40  dfs_elm.o(.text)
    ff_del_syncobj                           0x08017b67   Thumb Code    16  dfs_elm.o(.text)
    ff_req_grant                             0x08017b77   Thumb Code    24  dfs_elm.o(.text)
    ff_rel_grant                             0x08017b8f   Thumb Code    12  dfs_elm.o(.text)
    clust2sect                               0x08017d55   Thumb Code    26  ff.o(.text)
    get_fat                                  0x08017d6f   Thumb Code   280  ff.o(.text)
    put_fat                                  0x08017e87   Thumb Code   340  ff.o(.text)
    f_mount                                  0x08018a45   Thumb Code    70  ff.o(.text)
    f_open                                   0x08018a8b   Thumb Code   294  ff.o(.text)
    f_read                                   0x08018bb1   Thumb Code   622  ff.o(.text)
    f_write                                  0x08018e1f   Thumb Code   670  ff.o(.text)
    f_sync                                   0x080190bd   Thumb Code   156  ff.o(.text)
    f_close                                  0x08019159   Thumb Code    22  ff.o(.text)
    f_lseek                                  0x0801916f   Thumb Code   910  ff.o(.text)
    f_opendir                                0x080194fd   Thumb Code   106  ff.o(.text)
    f_readdir                                0x08019567   Thumb Code    96  ff.o(.text)
    f_seekdir                                0x080195c7   Thumb Code    60  ff.o(.text)
    f_stat                                   0x08019603   Thumb Code    66  ff.o(.text)
    f_getfree                                0x08019645   Thumb Code   262  ff.o(.text)
    f_truncate                               0x0801974b   Thumb Code   164  ff.o(.text)
    f_unlink                                 0x080197ef   Thumb Code   174  ff.o(.text)
    f_mkdir                                  0x0801989d   Thumb Code   334  ff.o(.text)
    f_chmod                                  0x080199eb   Thumb Code    92  ff.o(.text)
    f_utime                                  0x08019a47   Thumb Code    82  ff.o(.text)
    f_rename                                 0x08019a99   Thumb Code   274  ff.o(.text)
    f_mkfs                                   0x08019bab   Thumb Code  1238  ff.o(.text)
    elm_get_vol                              0x0801a081   Thumb Code    32  ff.o(.text)
    netconn_new_with_proto_and_callback      0x0801a0ad   Thumb Code   198  api_lib.o(.text)
    netconn_delete                           0x0801a173   Thumb Code    36  api_lib.o(.text)
    netconn_getaddr                          0x0801a197   Thumb Code   162  api_lib.o(.text)
    netconn_bind                             0x0801a239   Thumb Code    98  api_lib.o(.text)
    netconn_connect                          0x0801a29b   Thumb Code    98  api_lib.o(.text)
    netconn_disconnect                       0x0801a2fd   Thumb Code    86  api_lib.o(.text)
    netconn_listen_with_backlog              0x0801a353   Thumb Code    86  api_lib.o(.text)
    netconn_accept                           0x0801a3a9   Thumb Code   790  api_lib.o(.text)
    netconn_recv_tcp_pbuf                    0x0801a82b   Thumb Code    56  api_lib.o(.text)
    netconn_recv                             0x0801a863   Thumb Code   264  api_lib.o(.text)
    netconn_recved                           0x0801a96b   Thumb Code    46  api_lib.o(.text)
    netconn_send                             0x0801a999   Thumb Code    92  api_lib.o(.text)
    netconn_sendto                           0x0801a9f5   Thumb Code    44  api_lib.o(.text)
    netconn_write_partly                     0x0801aa21   Thumb Code   442  api_lib.o(.text)
    netconn_close                            0x0801ac39   Thumb Code    14  api_lib.o(.text)
    netconn_shutdown                         0x0801ac47   Thumb Code    36  api_lib.o(.text)
    netconn_gethostbyname                    0x0801ac6b   Thumb Code   146  api_lib.o(.text)
    netconn_free                             0x0801b80b   Thumb Code   136  api_msg.o(.text)
    netconn_alloc                            0x0801b893   Thumb Code   172  api_msg.o(.text)
    do_newconn                               0x0801ba97   Thumb Code    32  api_msg.o(.text)
    do_delconn                               0x0801bb7f   Thumb Code   626  api_msg.o(.text)
    do_bind                                  0x0801bdf1   Thumb Code   116  api_msg.o(.text)
    do_connect                               0x0801bf37   Thumb Code   230  api_msg.o(.text)
    do_disconnect                            0x0801c01d   Thumb Code    46  api_msg.o(.text)
    do_listen                                0x0801c04b   Thumb Code   424  api_msg.o(.text)
    do_send                                  0x0801c1f3   Thumb Code   166  api_msg.o(.text)
    do_recv                                  0x0801c299   Thumb Code    72  api_msg.o(.text)
    do_write                                 0x0801c2e1   Thumb Code   166  api_msg.o(.text)
    do_getaddr                               0x0801c387   Thumb Code   198  api_msg.o(.text)
    do_close                                 0x0801c44d   Thumb Code   184  api_msg.o(.text)
    do_gethostbyname                         0x0801c553   Thumb Code    40  api_msg.o(.text)
    netbuf_new                               0x0801c5d9   Thumb Code    32  netbuf.o(.text)
    netbuf_delete                            0x0801c5f9   Thumb Code    30  netbuf.o(.text)
    netbuf_alloc                             0x0801c617   Thumb Code   104  netbuf.o(.text)
    netbuf_free                              0x0801c67f   Thumb Code    50  netbuf.o(.text)
    netbuf_ref                               0x0801c6b1   Thumb Code    92  netbuf.o(.text)
    netbuf_chain                             0x0801c70d   Thumb Code    80  netbuf.o(.text)
    netbuf_data                              0x0801c75d   Thumb Code   124  netbuf.o(.text)
    netbuf_next                              0x0801c7d9   Thumb Code    66  netbuf.o(.text)
    netbuf_first                             0x0801c81b   Thumb Code    38  netbuf.o(.text)
    lwip_gethostbyname                       0x0801c989   Thumb Code    66  netdb.o(.text)
    lwip_gethostbyname_r                     0x0801c9cb   Thumb Code   192  netdb.o(.text)
    lwip_freeaddrinfo                        0x0801ca8b   Thumb Code    22  netdb.o(.text)
    lwip_getaddrinfo                         0x0801caa1   Thumb Code   274  netdb.o(.text)
    do_netifapi_netif_add                    0x0801cc45   Thumb Code    46  netifapi.o(.text)
    do_netifapi_netif_set_addr               0x0801cc73   Thumb Code    26  netifapi.o(.text)
    do_netifapi_netif_common                 0x0801cc8d   Thumb Code    36  netifapi.o(.text)
    netifapi_netif_add                       0x0801ccb1   Thumb Code    64  netifapi.o(.text)
    netifapi_netif_set_addr                  0x0801ccf1   Thumb Code    40  netifapi.o(.text)
    netifapi_netif_common                    0x0801cd19   Thumb Code    36  netifapi.o(.text)
    lwip_socket_init                         0x0801cd3d   Thumb Code     2  sockets.o(.text)
    lwip_accept                              0x0801cff5   Thumb Code   670  sockets.o(.text)
    lwip_bind                                0x0801d293   Thumb Code   188  sockets.o(.text)
    lwip_close                               0x0801d34f   Thumb Code    98  sockets.o(.text)
    lwip_connect                             0x0801d3b1   Thumb Code   204  sockets.o(.text)
    lwip_listen                              0x0801d47d   Thumb Code   154  sockets.o(.text)
    lwip_recvfrom                            0x0801d517   Thumb Code   804  sockets.o(.text)
    lwip_read                                0x0801d83b   Thumb Code    28  sockets.o(.text)
    lwip_recv                                0x0801d857   Thumb Code    34  sockets.o(.text)
    lwip_sendto                              0x0801d879   Thumb Code   280  sockets.o(.text)
    lwip_send                                0x0801d991   Thumb Code   156  sockets.o(.text)
    lwip_socket                              0x0801da2d   Thumb Code   304  sockets.o(.text)
    lwip_write                               0x0801db5d   Thumb Code    22  sockets.o(.text)
    lwip_select                              0x0801dce3   Thumb Code   860  sockets.o(.text)
    lwip_shutdown                            0x0801e03f   Thumb Code   332  sockets.o(.text)
    lwip_getpeername                         0x0801e209   Thumb Code    22  sockets.o(.text)
    lwip_getsockname                         0x0801e21f   Thumb Code    22  sockets.o(.text)
    lwip_getsockopt                          0x0801e405   Thumb Code   418  sockets.o(.text)
    lwip_setsockopt                          0x0801e743   Thumb Code   322  sockets.o(.text)
    lwip_ioctl                               0x0801e885   Thumb Code   126  sockets.o(.text)
    lwip_fcntl                               0x0801e903   Thumb Code   122  sockets.o(.text)
    tcpip_input                              0x0801ea5f   Thumb Code    72  tcpip.o(.text)
    tcpip_callback_with_block                0x0801eaa7   Thumb Code    90  tcpip.o(.text)
    tcpip_timeout                            0x0801eb01   Thumb Code    66  tcpip.o(.text)
    tcpip_untimeout                          0x0801eb43   Thumb Code    58  tcpip.o(.text)
    tcpip_apimsg                             0x0801eb7d   Thumb Code    56  tcpip.o(.text)
    tcpip_netifapi                           0x0801ebb5   Thumb Code    76  tcpip.o(.text)
    tcpip_callbackmsg_new                    0x0801ec01   Thumb Code    34  tcpip.o(.text)
    tcpip_callbackmsg_delete                 0x0801ec23   Thumb Code    12  tcpip.o(.text)
    tcpip_trycallback                        0x0801ec2f   Thumb Code    28  tcpip.o(.text)
    tcpip_init                               0x0801ec4b   Thumb Code    74  tcpip.o(.text)
    pbuf_free_callback                       0x0801eca3   Thumb Code    16  tcpip.o(.text)
    mem_free_callback                        0x0801ecb3   Thumb Code    16  tcpip.o(.text)
    sys_arch_assert                          0x0801ed97   Thumb Code    54  sys_arch.o(.text)
    lwip_system_init                         0x0801ee69   Thumb Code   146  sys_arch.o(.text)
    sys_init                                 0x0801eefb   Thumb Code     2  sys_arch.o(.text)
    lwip_sys_init                            0x0801eefd   Thumb Code     8  sys_arch.o(.text)
    sys_sem_new                              0x0801ef05   Thumb Code   118  sys_arch.o(.text)
    sys_sem_free                             0x0801ef7b   Thumb Code    70  sys_arch.o(.text)
    sys_sem_signal                           0x0801efc1   Thumb Code    12  sys_arch.o(.text)
    sys_arch_sem_wait                        0x0801efcd   Thumb Code   140  sys_arch.o(.text)
    sys_sem_valid                            0x0801f059   Thumb Code     6  sys_arch.o(.text)
    sys_sem_set_invalid                      0x0801f05f   Thumb Code     6  sys_arch.o(.text)
    sys_mutex_new                            0x0801f065   Thumb Code   116  sys_arch.o(.text)
    sys_mutex_lock                           0x0801f0d9   Thumb Code    76  sys_arch.o(.text)
    sys_mutex_unlock                         0x0801f125   Thumb Code    12  sys_arch.o(.text)
    sys_mutex_free                           0x0801f131   Thumb Code   344  sys_arch.o(.text)
    sys_mutex_valid                          0x0801f289   Thumb Code     6  sys_arch.o(.text)
    sys_mutex_set_invalid                    0x0801f28f   Thumb Code     6  sys_arch.o(.text)
    sys_mbox_new                             0x0801f295   Thumb Code   128  sys_arch.o(.text)
    sys_mbox_free                            0x0801f315   Thumb Code    78  sys_arch.o(.text)
    sys_mbox_post                            0x0801f363   Thumb Code    86  sys_arch.o(.text)
    sys_mbox_trypost                         0x0801f3b9   Thumb Code    26  sys_arch.o(.text)
    sys_arch_mbox_fetch                      0x0801f3d3   Thumb Code   174  sys_arch.o(.text)
    sys_arch_mbox_tryfetch                   0x0801f481   Thumb Code    34  sys_arch.o(.text)
    sys_mbox_valid                           0x0801f4a3   Thumb Code     6  sys_arch.o(.text)
    sys_mbox_set_invalid                     0x0801f4a9   Thumb Code     6  sys_arch.o(.text)
    sys_thread_new                           0x0801f4af   Thumb Code   152  sys_arch.o(.text)
    sys_arch_protect                         0x0801f547   Thumb Code    12  sys_arch.o(.text)
    sys_arch_unprotect                       0x0801f553   Thumb Code    12  sys_arch.o(.text)
    sys_jiffies                              0x0801f55f   Thumb Code     8  sys_arch.o(.text)
    sys_now                                  0x0801f567   Thumb Code    14  sys_arch.o(.text)
    lwip_htons                               0x0801f5c9   Thumb Code    12  def.o(.text)
    lwip_ntohs                               0x0801f5d5   Thumb Code    12  def.o(.text)
    lwip_htonl                               0x0801f5e1   Thumb Code    26  def.o(.text)
    lwip_ntohl                               0x0801f5fb   Thumb Code    12  def.o(.text)
    dns_setserver                            0x0801f609   Thumb Code    28  dns.o(.text)
    dns_init                                 0x0801f7e7   Thumb Code    78  dns.o(.text)
    dns_getserver                            0x0801f835   Thumb Code    20  dns.o(.text)
    dns_tmr                                  0x0801fb91   Thumb Code    14  dns.o(.text)
    dns_gethostbyname                        0x0801fccf   Thumb Code    86  dns.o(.text)
    lwip_init                                0x0801fd55   Thumb Code    32  init.o(.text)
    netif_init                               0x0801fd75   Thumb Code     2  netif.o(.text)
    netif_set_gw                             0x0801fd77   Thumb Code    12  netif.o(.text)
    netif_set_netmask                        0x0801fd83   Thumb Code    12  netif.o(.text)
    netif_set_ipaddr                         0x0801fd8f   Thumb Code   110  netif.o(.text)
    netif_set_addr                           0x0801fdfd   Thumb Code    40  netif.o(.text)
    netif_add                                0x0801fe25   Thumb Code   120  netif.o(.text)
    netif_set_default                        0x0801fe9d   Thumb Code     6  netif.o(.text)
    netif_set_down                           0x0801fea3   Thumb Code    42  netif.o(.text)
    netif_remove                             0x0801fecd   Thumb Code    90  netif.o(.text)
    netif_find                               0x0801ff27   Thumb Code    64  netif.o(.text)
    netif_set_up                             0x0801ff67   Thumb Code    54  netif.o(.text)
    netif_set_link_up                        0x0801ff9d   Thumb Code    54  netif.o(.text)
    netif_set_link_down                      0x0801ffd3   Thumb Code    24  netif.o(.text)
    pbuf_free                                0x080200d5   Thumb Code   208  pbuf.o(.text)
    pbuf_alloc                               0x080201a5   Thumb Code  1136  pbuf.o(.text)
    pbuf_realloc                             0x08020615   Thumb Code   252  pbuf.o(.text)
    pbuf_header                              0x08020711   Thumb Code   206  pbuf.o(.text)
    pbuf_clen                                0x080207df   Thumb Code    18  pbuf.o(.text)
    pbuf_ref                                 0x080207f1   Thumb Code    26  pbuf.o(.text)
    pbuf_cat                                 0x0802080b   Thumb Code   138  pbuf.o(.text)
    pbuf_chain                               0x08020895   Thumb Code    22  pbuf.o(.text)
    pbuf_dechain                             0x080208ab   Thumb Code   122  pbuf.o(.text)
    pbuf_copy                                0x08020925   Thumb Code   814  pbuf.o(.text)
    pbuf_copy_partial                        0x08020c53   Thumb Code   190  pbuf.o(.text)
    pbuf_take                                0x08020d11   Thumb Code   210  pbuf.o(.text)
    pbuf_coalesce                            0x08020de3   Thumb Code    84  pbuf.o(.text)
    pbuf_get_at                              0x08020e37   Thumb Code    46  pbuf.o(.text)
    pbuf_memcmp                              0x08020e65   Thumb Code    96  pbuf.o(.text)
    pbuf_memfind                             0x08020ec5   Thumb Code    76  pbuf.o(.text)
    pbuf_strstr                              0x08020f11   Thumb Code    60  pbuf.o(.text)
    raw_input                                0x08021035   Thumb Code   102  raw.o(.text)
    raw_bind                                 0x0802109b   Thumb Code    16  raw.o(.text)
    raw_connect                              0x080210ab   Thumb Code    16  raw.o(.text)
    raw_recv                                 0x080210bb   Thumb Code     6  raw.o(.text)
    raw_sendto                               0x080210c1   Thumb Code   178  raw.o(.text)
    raw_send                                 0x08021173   Thumb Code    18  raw.o(.text)
    raw_remove                               0x08021185   Thumb Code    58  raw.o(.text)
    raw_new                                  0x080211bf   Thumb Code    44  raw.o(.text)
    tcp_init                                 0x08021261   Thumb Code     2  tcp.o(.text)
    tcp_seg_free                             0x08021263   Thumb Code    24  tcp.o(.text)
    tcp_segs_free                            0x0802127b   Thumb Code    24  tcp.o(.text)
    tcp_pcb_purge                            0x08021293   Thumb Code    72  tcp.o(.text)
    tcp_slowtmr                              0x080212db   Thumb Code  1428  tcp.o(.text)
    tcp_pcb_remove                           0x0802186f   Thumb Code   222  tcp.o(.text)
    tcp_close                                0x08021b0f   Thumb Code    28  tcp.o(.text)
    tcp_update_rcv_ann_wnd                   0x08021b2b   Thumb Code   106  tcp.o(.text)
    tcp_recved                               0x08021b95   Thumb Code   446  tcp.o(.text)
    tcp_recv_null                            0x08021d53   Thumb Code    46  tcp.o(.text)
    tcp_process_refused_data                 0x08021d81   Thumb Code   142  tcp.o(.text)
    tcp_fasttmr                              0x08021e0f   Thumb Code   110  tcp.o(.text)
    tcp_tmr                                  0x08021e7d   Thumb Code    30  tcp.o(.text)
    tcp_shutdown                             0x08021e9b   Thumb Code    98  tcp.o(.text)
    tcp_abandon                              0x08021efd   Thumb Code   170  tcp.o(.text)
    tcp_abort                                0x08021fa7   Thumb Code    14  tcp.o(.text)
    tcp_bind                                 0x08022015   Thumb Code   166  tcp.o(.text)
    tcp_listen_with_backlog                  0x080220c3   Thumb Code   220  tcp.o(.text)
    tcp_eff_send_mss                         0x0802219f   Thumb Code    46  tcp.o(.text)
    tcp_next_iss                             0x080221cd   Thumb Code    20  tcp.o(.text)
    tcp_connect                              0x080221e1   Thumb Code   538  tcp.o(.text)
    tcp_setprio                              0x080223fb   Thumb Code     4  tcp.o(.text)
    tcp_seg_copy                             0x080223ff   Thumb Code    38  tcp.o(.text)
    tcp_alloc                                0x080224a3   Thumb Code   200  tcp.o(.text)
    tcp_new                                  0x0802256b   Thumb Code    10  tcp.o(.text)
    tcp_arg                                  0x08022575   Thumb Code     4  tcp.o(.text)
    tcp_recv                                 0x08022579   Thumb Code    44  tcp.o(.text)
    tcp_sent                                 0x080225a5   Thumb Code    42  tcp.o(.text)
    tcp_err                                  0x080225cf   Thumb Code    44  tcp.o(.text)
    tcp_accept                               0x080225fb   Thumb Code     4  tcp.o(.text)
    tcp_poll                                 0x080225ff   Thumb Code    50  tcp.o(.text)
    tcp_debug_state_str                      0x08022631   Thumb Code    10  tcp.o(.text)
    tcp_input                                0x08023d81   Thumb Code  1640  tcp_in.o(.text)
    tcp_enqueue_flags                        0x08024551   Thumb Code   406  tcp_out.o(.text)
    tcp_send_fin                             0x080246e7   Thumb Code    74  tcp_out.o(.text)
    tcp_write                                0x080249ad   Thumb Code  1566  tcp_out.o(.text)
    tcp_send_empty_ack                       0x08024fcb   Thumb Code    78  tcp_out.o(.text)
    tcp_output                               0x080250e1   Thumb Code   660  tcp_out.o(.text)
    tcp_rst                                  0x08025375   Thumb Code   152  tcp_out.o(.text)
    tcp_rexmit_rto                           0x0802540d   Thumb Code    58  tcp_out.o(.text)
    tcp_rexmit                               0x08025447   Thumb Code    90  tcp_out.o(.text)
    tcp_rexmit_fast                          0x080254a1   Thumb Code   112  tcp_out.o(.text)
    tcp_keepalive                            0x08025511   Thumb Code    68  tcp_out.o(.text)
    tcp_zero_window_probe                    0x08025555   Thumb Code   164  tcp_out.o(.text)
    sys_timeout                              0x080255f9   Thumb Code   178  timers.o(.text)
    tcp_timer_needed                         0x080256d3   Thumb Code    38  timers.o(.text)
    sys_timeouts_init                        0x08025725   Thumb Code    28  timers.o(.text)
    sys_untimeout                            0x08025741   Thumb Code    88  timers.o(.text)
    sys_timeouts_mbox_fetch                  0x08025799   Thumb Code   130  timers.o(.text)
    udp_init                                 0x080258bd   Thumb Code     2  udp.o(.text)
    udp_input                                0x0802590f   Thumb Code   438  udp.o(.text)
    udp_bind                                 0x08025ac5   Thumb Code   148  udp.o(.text)
    udp_sendto_if                            0x08025b59   Thumb Code   232  udp.o(.text)
    udp_sendto                               0x08025c41   Thumb Code    46  udp.o(.text)
    udp_send                                 0x08025c6f   Thumb Code    20  udp.o(.text)
    udp_connect                              0x08025c83   Thumb Code   276  udp.o(.text)
    udp_disconnect                           0x08025d97   Thumb Code    16  udp.o(.text)
    udp_recv                                 0x08025da7   Thumb Code     6  udp.o(.text)
    udp_remove                               0x08025dad   Thumb Code    58  udp.o(.text)
    udp_new                                  0x08025de7   Thumb Code    30  udp.o(.text)
    icmp_input                               0x08025e0d   Thumb Code   484  icmp.o(.text)
    icmp_dest_unreach                        0x0802607b   Thumb Code    18  icmp.o(.text)
    inet_chksum_pseudo                       0x0802620f   Thumb Code   162  inet_chksum.o(.text)
    inet_chksum_pseudo_partial               0x080262b1   Thumb Code   212  inet_chksum.o(.text)
    inet_chksum                              0x08026385   Thumb Code    20  inet_chksum.o(.text)
    inet_chksum_pbuf                         0x08026399   Thumb Code    86  inet_chksum.o(.text)
    ip_route                                 0x08026401   Thumb Code    76  ip.o(.text)
    ip_input                                 0x0802644d   Thumb Code   370  ip.o(.text)
    ip_output_if                             0x080265bf   Thumb Code   222  ip.o(.text)
    ip_output                                0x0802669d   Thumb Code    82  ip.o(.text)
    ip4_addr_isbroadcast                     0x08026789   Thumb Code    78  ip_addr.o(.text)
    ip4_addr_netmask_valid                   0x080267d7   Thumb Code    52  ip_addr.o(.text)
    ipaddr_aton                              0x0802680b   Thumb Code   366  ip_addr.o(.text)
    ipaddr_addr                              0x08026979   Thumb Code    24  ip_addr.o(.text)
    ipaddr_ntoa_r                            0x08026991   Thumb Code   168  ip_addr.o(.text)
    ipaddr_ntoa                              0x08026a39   Thumb Code    16  ip_addr.o(.text)
    etharp_tmr                               0x08026aff   Thumb Code   138  etharp.o(.text)
    etharp_cleanup_netif                     0x08026fe7   Thumb Code    52  etharp.o(.text)
    etharp_find_addr                         0x0802701b   Thumb Code   108  etharp.o(.text)
    etharp_request                           0x080272c3   Thumb Code    36  etharp.o(.text)
    etharp_query                             0x0802741f   Thumb Code   506  etharp.o(.text)
    etharp_output                            0x08027619   Thumb Code   390  etharp.o(.text)
    ethernet_input                           0x0802779f   Thumb Code   338  etharp.o(.text)
    eth_device_init_with_flag                0x08027959   Thumb Code   178  ethernetif.o(.text)
    eth_device_init                          0x08027a0b   Thumb Code    20  ethernetif.o(.text)
    eth_device_ready                         0x08027a1f   Thumb Code    22  ethernetif.o(.text)
    eth_device_linkchange                    0x08027a35   Thumb Code    82  ethernetif.o(.text)
    eth_system_device_init                   0x08027ba1   Thumb Code   624  ethernetif.o(.text)
    set_if                                   0x08027e11   Thumb Code   140  ethernetif.o(.text)
    set_dns                                  0x08027e9d   Thumb Code    26  ethernetif.o(.text)
    list_if                                  0x08027eb7   Thumb Code   318  ethernetif.o(.text)
    list_tcps                                0x08027ff5   Thumb Code   254  ethernetif.o(.text)
    rt_components_board_init                 0x080282c9   Thumb Code    20  components.o(.text)
    rt_components_init                       0x080282dd   Thumb Code    20  components.o(.text)
    atoi                                     0x080282fd   Thumb Code    26  atoi.o(.text)
    memcmp                                   0x08028317   Thumb Code    88  memcmp.o(.text)
    strcpy                                   0x0802836f   Thumb Code    72  strcpy.o(.text)
    strrchr                                  0x080283b7   Thumb Code    22  strrchr.o(.text)
    strlen                                   0x080283cd   Thumb Code    62  strlen.o(.text)
    strncmp                                  0x0802840b   Thumb Code   150  strncmp.o(.text)
    __aeabi_memcpy                           0x080284a1   Thumb Code     0  rt_memcpy_v6.o(.text)
    __rt_memcpy                              0x080284a1   Thumb Code   138  rt_memcpy_v6.o(.text)
    _memcpy_lastbytes                        0x08028507   Thumb Code     0  rt_memcpy_v6.o(.text)
    __aeabi_memcpy4                          0x0802852b   Thumb Code     0  rt_memcpy_w.o(.text)
    __aeabi_memcpy8                          0x0802852b   Thumb Code     0  rt_memcpy_w.o(.text)
    __rt_memcpy_w                            0x0802852b   Thumb Code   100  rt_memcpy_w.o(.text)
    _memcpy_lastbytes_aligned                0x08028573   Thumb Code     0  rt_memcpy_w.o(.text)
    __aeabi_memclr                           0x0802858f   Thumb Code     0  rt_memclr.o(.text)
    __rt_memclr                              0x0802858f   Thumb Code    68  rt_memclr.o(.text)
    _memset                                  0x08028593   Thumb Code     0  rt_memclr.o(.text)
    __aeabi_memclr4                          0x080285d3   Thumb Code     0  rt_memclr_w.o(.text)
    __aeabi_memclr8                          0x080285d3   Thumb Code     0  rt_memclr_w.o(.text)
    __rt_memclr_w                            0x080285d3   Thumb Code    78  rt_memclr_w.o(.text)
    _memset_w                                0x080285d7   Thumb Code     0  rt_memclr_w.o(.text)
    strncpy                                  0x08028621   Thumb Code    86  strncpy.o(.text)
    strcmp                                   0x08028679   Thumb Code   128  strcmpv7m.o(.text)
    mktime                                   0x0802872f   Thumb Code   358  mktime.o(.text)
    __use_two_region_memory                  0x0802889d   Thumb Code     2  heapauxi.o(.text)
    __rt_heap_escrow$2region                 0x0802889f   Thumb Code     2  heapauxi.o(.text)
    __rt_heap_expand$2region                 0x080288a1   Thumb Code     2  heapauxi.o(.text)
    __aeabi_errno_addr                       0x080288a5   Thumb Code     8  rt_errno_addr_intlibspace.o(.text)
    __errno$intlibspace                      0x080288a5   Thumb Code     0  rt_errno_addr_intlibspace.o(.text)
    __rt_errno_addr$intlibspace              0x080288a5   Thumb Code     0  rt_errno_addr_intlibspace.o(.text)
    strtol                                   0x080288ad   Thumb Code   112  strtol.o(.text)
    __user_libspace                          0x0802891d   Thumb Code     8  libspace.o(.text)
    __user_perproc_libspace                  0x0802891d   Thumb Code     0  libspace.o(.text)
    __user_perthread_libspace                0x0802891d   Thumb Code     0  libspace.o(.text)
    __rt_ctype_table                         0x08028925   Thumb Code    16  rt_ctype_table.o(.text)
    _strtoul                                 0x08028935   Thumb Code   158  _strtoul.o(.text)
    __user_setup_stackheap                   0x080289d3   Thumb Code    74  sys_stackheap_outer.o(.text)
    __rt_locale                              0x08028a1d   Thumb Code     8  rt_locale_intlibspace.o(.text)
    _chval                                   0x08028a25   Thumb Code    28  _chval.o(.text)
    exit                                     0x08028a41   Thumb Code    12  exit.o(.text)
    _sys_exit                                0x08028a4d   Thumb Code     8  sys_exit.o(.text)
    __I$use$semihosting                      0x08028a59   Thumb Code     0  use_no_semi.o(.text)
    __use_no_semihosting_swi                 0x08028a59   Thumb Code     2  use_no_semi.o(.text)
    __semihosting_library_function           0x08028a5b   Thumb Code     0  indicate_semi.o(.text)
    _get_lc_ctype                            0x08028a5d   Thumb Code    44  lc_ctype_c.o(locale$$code)
    _fp_init                                 0x08028a89   Thumb Code    10  fpinit.o(x$fpl$fpinit)
    __fplib_config_fpu_vfp                   0x08028a91   Thumb Code     0  fpinit.o(x$fpl$fpinit)
    __fplib_config_pureend_doubles           0x08028a91   Thumb Code     0  fpinit.o(x$fpl$fpinit)
    __fsym_reset_name                        0x08028c90   Data           6  board.o(.constdata)
    __fsym_reset_desc                        0x08028c96   Data           6  board.o(.constdata)
    __fsym_dp83483_name                      0x08028cf4   Data           8  stm32f4xx_eth.o(.constdata)
    __fsym_dp83483_desc                      0x08028cfc   Data          19  stm32f4xx_eth.o(.constdata)
    __fsym_tcpclient_name                    0x08028d32   Data          10  tcpclient.o(.constdata)
    __fsym_tcpclient_desc                    0x08028d3c   Data          19  tcpclient.o(.constdata)
    __fsym_tcpserv_name                      0x08028d73   Data           8  tcpserver.o(.constdata)
    __fsym_tcpserv_desc                      0x08028d7b   Data          19  tcpserver.o(.constdata)
    __lowest_bit_bitmap                      0x08029023   Data         256  kservice.o(.constdata)
    __fsym_list_mem_name                     0x08029148   Data           9  mem.o(.constdata)
    __fsym_list_mem_desc                     0x08029151   Data          30  mem.o(.constdata)
    __fsym_hello_name                        0x08029790   Data           6  cmd.o(.constdata)
    __fsym_hello_desc                        0x08029796   Data          16  cmd.o(.constdata)
    __fsym_version_name                      0x080297a6   Data           8  cmd.o(.constdata)
    __fsym_version_desc                      0x080297ae   Data          35  cmd.o(.constdata)
    __fsym_list_thread_name                  0x080297d1   Data          12  cmd.o(.constdata)
    __fsym_list_thread_desc                  0x080297dd   Data          12  cmd.o(.constdata)
    __fsym_list_sem_name                     0x080297e9   Data           9  cmd.o(.constdata)
    __fsym_list_sem_desc                     0x080297f2   Data          25  cmd.o(.constdata)
    __fsym_list_event_name                   0x0802980b   Data          11  cmd.o(.constdata)
    __fsym_list_event_desc                   0x08029816   Data          21  cmd.o(.constdata)
    __fsym_list_mutex_name                   0x0802982b   Data          11  cmd.o(.constdata)
    __fsym_list_mutex_desc                   0x08029836   Data          21  cmd.o(.constdata)
    __fsym_list_mailbox_name                 0x0802984b   Data          13  cmd.o(.constdata)
    __fsym_list_mailbox_desc                 0x08029858   Data          24  cmd.o(.constdata)
    __fsym_list_msgqueue_name                0x08029870   Data          14  cmd.o(.constdata)
    __fsym_list_msgqueue_desc                0x0802987e   Data          29  cmd.o(.constdata)
    __fsym_list_mempool_name                 0x0802989b   Data          13  cmd.o(.constdata)
    __fsym_list_mempool_desc                 0x080298a8   Data          27  cmd.o(.constdata)
    __fsym_list_timer_name                   0x080298c3   Data          11  cmd.o(.constdata)
    __fsym_list_timer_desc                   0x080298ce   Data          21  cmd.o(.constdata)
    __fsym_list_device_name                  0x080298e3   Data          12  cmd.o(.constdata)
    __fsym_list_device_desc                  0x080298ef   Data          22  cmd.o(.constdata)
    __fsym_list_name                         0x08029905   Data           5  cmd.o(.constdata)
    __fsym_list_desc                         0x0802990a   Data          26  cmd.o(.constdata)
    __vsym_dummy_name                        0x08029924   Data           6  cmd.o(.constdata)
    __vsym_dummy_desc                        0x0802992a   Data          25  cmd.o(.constdata)
    op_table                                 0x08029a24   Data         196  finsh_ops.o(.constdata)
    __fsym_mkfs_name                         0x08029b4b   Data           5  dfs_fs.o(.constdata)
    __fsym_mkfs_desc                         0x08029b50   Data          19  dfs_fs.o(.constdata)
    __fsym_df_name                           0x08029b63   Data           3  dfs_fs.o(.constdata)
    __fsym_df_desc                           0x08029b66   Data          14  dfs_fs.o(.constdata)
    __fsym_ls_name                           0x08029b91   Data           3  dfs_file.o(.constdata)
    __fsym_ls_desc                           0x08029b94   Data          24  dfs_file.o(.constdata)
    __fsym_rm_name                           0x08029bac   Data           3  dfs_file.o(.constdata)
    __fsym_rm_desc                           0x08029baf   Data          28  dfs_file.o(.constdata)
    __fsym_cat_name                          0x08029bcb   Data           4  dfs_file.o(.constdata)
    __fsym_cat_desc                          0x08029bcf   Data          11  dfs_file.o(.constdata)
    __fsym_copy_name                         0x08029bda   Data           5  dfs_file.o(.constdata)
    __fsym_copy_desc                         0x08029bdf   Data          17  dfs_file.o(.constdata)
    __fsym_mkdir_name                        0x08029bf0   Data           6  dfs_posix.o(.constdata)
    __fsym_mkdir_desc                        0x08029bf6   Data          19  dfs_posix.o(.constdata)
    memp_sizes                               0x08029e70   Data          28  memp.o(.constdata)
    tcp_state_str                            0x08029e8c   Data          44  tcp.o(.constdata)
    tcp_backoff                              0x08029eb8   Data          13  tcp.o(.constdata)
    tcp_persist_backoff                      0x08029ec5   Data           7  tcp.o(.constdata)
    tcp_pcb_lists                            0x08029ecc   Data          16  tcp.o(.constdata)
    ip_addr_any                              0x08029fc4   Data           4  ip_addr.o(.constdata)
    ip_addr_broadcast                        0x08029fc8   Data           4  ip_addr.o(.constdata)
    ethbroadcast                             0x0802a014   Data           6  etharp.o(.constdata)
    ethzero                                  0x0802a01a   Data           6  etharp.o(.constdata)
    __fsym_set_if_name                       0x0802a064   Data           7  ethernetif.o(.constdata)
    __fsym_set_if_desc                       0x0802a06b   Data          30  ethernetif.o(.constdata)
    __fsym_set_dns_name                      0x0802a089   Data           8  ethernetif.o(.constdata)
    __fsym_set_dns_desc                      0x0802a091   Data          23  ethernetif.o(.constdata)
    __fsym_list_if_name                      0x0802a0a8   Data           8  ethernetif.o(.constdata)
    __fsym_list_if_desc                      0x0802a0b0   Data          35  ethernetif.o(.constdata)
    __fsym_list_tcps_name                    0x0802a0d3   Data          10  ethernetif.o(.constdata)
    __fsym_list_tcps_desc                    0x0802a0dd   Data          28  ethernetif.o(.constdata)
    _monlen                                  0x0802a180   Data          12  _monlen.o(.constdata)
    __rt_init_rti_start                      0x0802a3e8   Data           4  components.o(.rti_fn.0)
    __rt_init_rti_board_end                  0x0802a3ec   Data           4  components.o(.rti_fn.1.post)
    __rt_init_eth_system_device_init         0x0802a3f0   Data           4  ethernetif.o(.rti_fn.2)
    __rt_init_finsh_system_init              0x0802a3f4   Data           4  shell.o(.rti_fn.3)
    __rt_init_dfs_init                       0x0802a3f8   Data           4  dfs.o(.rti_fn.3)
    __rt_init_lwip_system_init               0x0802a3fc   Data           4  sys_arch.o(.rti_fn.3)
    __rt_init_elm_init                       0x0802a400   Data           4  dfs_elm.o(.rti_fn.4)
    __rt_init_rti_end                        0x0802a404   Data           4  components.o(.rti_fn.7)
    FSymTab$$Base                            0x0802a408   Number         0  board.o(FSymTab)
    __fsym_reset                             0x0802a408   Data          12  board.o(FSymTab)
    __fsym_dp83483                           0x0802a414   Data          12  stm32f4xx_eth.o(FSymTab)
    __fsym_tcpclient                         0x0802a420   Data          12  tcpclient.o(FSymTab)
    __fsym_tcpserv                           0x0802a42c   Data          12  tcpserver.o(FSymTab)
    __fsym_list_mem                          0x0802a438   Data          12  mem.o(FSymTab)
    __fsym_hello                             0x0802a444   Data          12  cmd.o(FSymTab)
    __fsym_version                           0x0802a450   Data          12  cmd.o(FSymTab)
    __fsym_list_thread                       0x0802a45c   Data          12  cmd.o(FSymTab)
    __fsym_list_sem                          0x0802a468   Data          12  cmd.o(FSymTab)
    __fsym_list_event                        0x0802a474   Data          12  cmd.o(FSymTab)
    __fsym_list_mutex                        0x0802a480   Data          12  cmd.o(FSymTab)
    __fsym_list_mailbox                      0x0802a48c   Data          12  cmd.o(FSymTab)
    __fsym_list_msgqueue                     0x0802a498   Data          12  cmd.o(FSymTab)
    __fsym_list_mempool                      0x0802a4a4   Data          12  cmd.o(FSymTab)
    __fsym_list_timer                        0x0802a4b0   Data          12  cmd.o(FSymTab)
    __fsym_list_device                       0x0802a4bc   Data          12  cmd.o(FSymTab)
    __fsym_list                              0x0802a4c8   Data          12  cmd.o(FSymTab)
    __fsym_mkfs                              0x0802a4d4   Data          12  dfs_fs.o(FSymTab)
    __fsym_df                                0x0802a4e0   Data          12  dfs_fs.o(FSymTab)
    __fsym_ls                                0x0802a4ec   Data          12  dfs_file.o(FSymTab)
    __fsym_rm                                0x0802a4f8   Data          12  dfs_file.o(FSymTab)
    __fsym_cat                               0x0802a504   Data          12  dfs_file.o(FSymTab)
    __fsym_copy                              0x0802a510   Data          12  dfs_file.o(FSymTab)
    __fsym_mkdir                             0x0802a51c   Data          12  dfs_posix.o(FSymTab)
    __fsym_set_if                            0x0802a528   Data          12  ethernetif.o(FSymTab)
    __fsym_set_dns                           0x0802a534   Data          12  ethernetif.o(FSymTab)
    __fsym_list_if                           0x0802a540   Data          12  ethernetif.o(FSymTab)
    __fsym_list_tcps                         0x0802a54c   Data          12  ethernetif.o(FSymTab)
    FSymTab$$Limit                           0x0802a558   Number         0  ethernetif.o(FSymTab)
    Region$$Table$$Base                      0x0802a558   Number         0  anon$$obj.o(Region$$Table)
    Region$$Table$$Limit                     0x0802a578   Number         0  anon$$obj.o(Region$$Table)
    VSymTab$$Base                            0x0802a578   Number         0  cmd.o(VSymTab)
    __vsym_dummy                             0x0802a578   Data          16  cmd.o(VSymTab)
    VSymTab$$Limit                           0x0802a588   Number         0  cmd.o(VSymTab)
    __ctype                                  0x0802a595   Data           0  lc_ctype_c.o(locale$$data)
    SystemCoreClock                          0x20000000   Data           4  system_stm32f4xx.o(.data)
    AHBPrescTable                            0x20000004   Data          16  system_stm32f4xx.o(.data)
    uart1                                    0x20000024   Data           8  usart.o(.data)
    DMATxDescToSet                           0x20000038   Data           4  stm32f4xx_eth.o(.data)
    DMARxDescToGet                           0x2000003c   Data           4  stm32f4xx_eth.o(.data)
    DMAPTPTxDescToSet                        0x20000040   Data           4  stm32f4xx_eth.o(.data)
    DMAPTPRxDescToGet                        0x20000044   Data           4  stm32f4xx_eth.o(.data)
    rt_interrupt_nest                        0x20000050   Data           1  irq.o(.data)
    rt_object_container                      0x2000007c   Data         144  object.o(.data)
    rt_object_trytake_hook                   0x20000114   Data           4  object.o(.data)
    rt_object_take_hook                      0x20000118   Data           4  object.o(.data)
    rt_object_put_hook                       0x2000011c   Data           4  object.o(.data)
    rt_current_thread                        0x20000124   Data           4  scheduler.o(.data)
    rt_current_priority                      0x20000128   Data           1  scheduler.o(.data)
    rt_thread_ready_priority_group           0x2000012c   Data           4  scheduler.o(.data)
    rt_thread_defunct                        0x20000130   Data           8  scheduler.o(.data)
    rt_interrupt_from_thread                 0x20000150   Data           4  cpuport.o(.data)
    rt_interrupt_to_thread                   0x20000154   Data           4  cpuport.o(.data)
    rt_thread_switch_interrupt_flag          0x20000158   Data           4  cpuport.o(.data)
    shell                                    0x20000174   Data           4  shell.o(.data)
    _syscall_table_begin                     0x20000178   Data           4  symbol.o(.data)
    _syscall_table_end                       0x2000017c   Data           4  symbol.o(.data)
    _sysvar_table_begin                      0x20000180   Data           4  symbol.o(.data)
    _sysvar_table_end                        0x20000184   Data           4  symbol.o(.data)
    finsh_compile_sp                         0x2000018c   Data           4  finsh_compiler.o(.data)
    finsh_compile_pc                         0x20000190   Data           4  finsh_compiler.o(.data)
    global_errno                             0x200001d0   Data           1  finsh_error.o(.data)
    global_sysvar_list                       0x200001dc   Data           4  finsh_var.o(.data)
    global_syscall_list                      0x200001e0   Data           4  finsh_vm.o(.data)
    finsh_sp                                 0x200001e4   Data           4  finsh_vm.o(.data)
    finsh_pc                                 0x200001e8   Data           4  finsh_vm.o(.data)
    h_errno                                  0x20000210   Data           4  netdb.o(.data)
    netif_list                               0x20000244   Data           4  netif.o(.data)
    netif_default                            0x20000248   Data           4  netif.o(.data)
    pbuf_free_ooseq_pending                  0x2000024d   Data           1  pbuf.o(.data)
    tcp_ticks                                0x2000025c   Data           4  tcp.o(.data)
    tcp_bound_pcbs                           0x20000260   Data           4  tcp.o(.data)
    tcp_listen_pcbs                          0x20000264   Data           4  tcp.o(.data)
    tcp_active_pcbs                          0x20000268   Data           4  tcp.o(.data)
    tcp_tw_pcbs                              0x2000026c   Data           4  tcp.o(.data)
    tcp_tmp_pcb                              0x20000270   Data           4  tcp.o(.data)
    tcp_active_pcbs_changed                  0x20000274   Data           1  tcp.o(.data)
    tcp_input_pcb                            0x20000294   Data           4  tcp_in.o(.data)
    udp_pcbs                                 0x200002a4   Data           4  udp.o(.data)
    current_netif                            0x200002a8   Data           4  ip.o(.data)
    current_header                           0x200002ac   Data           4  ip.o(.data)
    current_iphdr_src                        0x200002b0   Data           4  ip.o(.data)
    current_iphdr_dest                       0x200002b4   Data           4  ip.o(.data)
    uart1_int_rx                             0x200002bc   Data          68  usart.o(.bss)
    serial1                                  0x20000300   Data         124  usart.o(.bss)
    SDIO_InitStructure                       0x2000037c   Data          24  stm32f4xx_sd.o(.bss)
    SDIO_CmdInitStructure                    0x20000394   Data          20  stm32f4xx_sd.o(.bss)
    SDIO_DataInitStructure                   0x200003a8   Data          24  stm32f4xx_sd.o(.bss)
    rt_thread_priority_table                 0x20002de0   Data         256  scheduler.o(.bss)
    finsh_heap                               0x20003c20   Data         128  finsh_heap.o(.bss)
    global_node_table                        0x20003ca0   Data         320  finsh_node.o(.bss)
    global_variable                          0x20003de0   Data         192  finsh_var.o(.bss)
    finsh_vm_stack                           0x20003ea0   Data         256  finsh_vm.o(.bss)
    text_segment                             0x20003fa0   Data         128  finsh_vm.o(.bss)
    filesystem_operation_table               0x20004020   Data          16  dfs.o(.bss)
    filesystem_table                         0x20004030   Data          32  dfs.o(.bss)
    fd_table                                 0x20004074   Data         128  dfs.o(.bss)
    __libspace_start                         0x20004f58   Data          96  libspace.o(.bss)
    __temporary_stack_top$libspace           0x20004fb8   Data           0  libspace.o(.bss)
    Image$$RW_IRAM1$$ZI$$Limit               0x200055b8   Number         0  startup_stm32f4xx.o(STACK)



==============================================================================

Memory Map of the image

  Image Entry point : 0x08000189

  Load Region LR_IROM1 (Base: 0x08000000, Size: 0x0002a954, Max: 0x00080000, ABSOLUTE, COMPRESSED[0x0002a73c])

    Execution Region ER_IROM1 (Base: 0x08000000, Size: 0x0002a698, Max: 0x00080000, ABSOLUTE)

    Base Addr    Size         Type   Attr      Idx    E Section Name        Object

    0x08000000   0x00000188   Data   RO          751    RESET               startup_stm32f4xx.o
    0x08000188   0x00000008   Code   RO         3038  * !!!main             c_w.l(__main.o)
    0x08000190   0x00000034   Code   RO         3216    !!!scatter          c_w.l(__scatter.o)
    0x080001c4   0x0000005a   Code   RO         3214    !!dczerorl2         c_w.l(__dczerorl2.o)
    0x0800021e   0x00000002   PAD
    0x08000220   0x0000001c   Code   RO         3218    !!handler_zi        c_w.l(__scatter_zi.o)
    0x0800023c   0x00000002   Code   RO         3090    .ARM.Collect$$libinit$$00000000  c_w.l(libinit.o)
    0x0800023e   0x00000004   Code   RO         3093    .ARM.Collect$$libinit$$00000001  c_w.l(libinit2.o)
    0x08000242   0x00000000   Code   RO         3097    .ARM.Collect$$libinit$$00000008  c_w.l(libinit2.o)
    0x08000242   0x00000000   Code   RO         3099    .ARM.Collect$$libinit$$0000000A  c_w.l(libinit2.o)
    0x08000242   0x00000000   Code   RO         3101    .ARM.Collect$$libinit$$0000000C  c_w.l(libinit2.o)
    0x08000242   0x00000006   Code   RO         3102    .ARM.Collect$$libinit$$0000000D  c_w.l(libinit2.o)
    0x08000248   0x00000000   Code   RO         3104    .ARM.Collect$$libinit$$0000000F  c_w.l(libinit2.o)
    0x08000248   0x0000000c   Code   RO         3105    .ARM.Collect$$libinit$$00000010  c_w.l(libinit2.o)
    0x08000254   0x00000000   Code   RO         3106    .ARM.Collect$$libinit$$00000011  c_w.l(libinit2.o)
    0x08000254   0x00000000   Code   RO         3108    .ARM.Collect$$libinit$$00000013  c_w.l(libinit2.o)
    0x08000254   0x00000000   Code   RO         3110    .ARM.Collect$$libinit$$00000015  c_w.l(libinit2.o)
    0x08000254   0x00000000   Code   RO         3112    .ARM.Collect$$libinit$$00000017  c_w.l(libinit2.o)
    0x08000254   0x00000000   Code   RO         3114    .ARM.Collect$$libinit$$00000019  c_w.l(libinit2.o)
    0x08000254   0x00000000   Code   RO         3116    .ARM.Collect$$libinit$$0000001B  c_w.l(libinit2.o)
    0x08000254   0x00000000   Code   RO         3118    .ARM.Collect$$libinit$$0000001D  c_w.l(libinit2.o)
    0x08000254   0x00000000   Code   RO         3120    .ARM.Collect$$libinit$$0000001F  c_w.l(libinit2.o)
    0x08000254   0x00000000   Code   RO         3122    .ARM.Collect$$libinit$$00000021  c_w.l(libinit2.o)
    0x08000254   0x00000000   Code   RO         3124    .ARM.Collect$$libinit$$00000023  c_w.l(libinit2.o)
    0x08000254   0x00000000   Code   RO         3128    .ARM.Collect$$libinit$$0000002A  c_w.l(libinit2.o)
    0x08000254   0x00000000   Code   RO         3130    .ARM.Collect$$libinit$$0000002C  c_w.l(libinit2.o)
    0x08000254   0x00000000   Code   RO         3132    .ARM.Collect$$libinit$$0000002E  c_w.l(libinit2.o)
    0x08000254   0x00000000   Code   RO         3134    .ARM.Collect$$libinit$$00000030  c_w.l(libinit2.o)
    0x08000254   0x00000002   Code   RO         3135    .ARM.Collect$$libinit$$00000031  c_w.l(libinit2.o)
    0x08000256   0x00000002   Code   RO         3155    .ARM.Collect$$libshutdown$$00000000  c_w.l(libshutdown.o)
    0x08000258   0x00000000   Code   RO         3169    .ARM.Collect$$libshutdown$$00000003  c_w.l(libshutdown2.o)
    0x08000258   0x00000000   Code   RO         3172    .ARM.Collect$$libshutdown$$00000006  c_w.l(libshutdown2.o)
    0x08000258   0x00000000   Code   RO         3175    .ARM.Collect$$libshutdown$$00000009  c_w.l(libshutdown2.o)
    0x08000258   0x00000000   Code   RO         3177    .ARM.Collect$$libshutdown$$0000000B  c_w.l(libshutdown2.o)
    0x08000258   0x00000000   Code   RO         3180    .ARM.Collect$$libshutdown$$0000000E  c_w.l(libshutdown2.o)
    0x08000258   0x00000002   Code   RO         3181    .ARM.Collect$$libshutdown$$0000000F  c_w.l(libshutdown2.o)
    0x0800025a   0x00000000   Code   RO         3040    .ARM.Collect$$rtentry$$00000000  c_w.l(rtentry.o)
    0x0800025a   0x00000000   Code   RO         3053    .ARM.Collect$$rtentry$$00000002  c_w.l(rtentry2.o)
    0x0800025a   0x00000006   Code   RO         3065    .ARM.Collect$$rtentry$$00000004  c_w.l(rtentry4.o)
    0x08000260   0x00000000   Code   RO         3055    .ARM.Collect$$rtentry$$00000009  c_w.l(rtentry2.o)
    0x08000260   0x00000004   Code   RO         3056    .ARM.Collect$$rtentry$$0000000A  c_w.l(rtentry2.o)
    0x08000264   0x00000000   Code   RO         3058    .ARM.Collect$$rtentry$$0000000C  c_w.l(rtentry2.o)
    0x08000264   0x00000008   Code   RO         3059    .ARM.Collect$$rtentry$$0000000D  c_w.l(rtentry2.o)
    0x0800026c   0x00000002   Code   RO         3091    .ARM.Collect$$rtexit$$00000000  c_w.l(rtexit.o)
    0x0800026e   0x00000000   Code   RO         3137    .ARM.Collect$$rtexit$$00000002  c_w.l(rtexit2.o)
    0x0800026e   0x00000004   Code   RO         3138    .ARM.Collect$$rtexit$$00000003  c_w.l(rtexit2.o)
    0x08000272   0x00000006   Code   RO         3139    .ARM.Collect$$rtexit$$00000004  c_w.l(rtexit2.o)
    0x08000278   0x0000020c   Code   RO            2    .text               system_stm32f4xx.o
    0x08000484   0x000001fc   Code   RO          127    .text               misc.o
    0x08000680   0x00001358   Code   RO          410    .text               stm32f4xx_dma.o
    0x080019d8   0x000002d4   Code   RO          427    .text               stm32f4xx_exti.o
    0x08001cac   0x000008c8   Code   RO          478    .text               stm32f4xx_gpio.o
    0x08002574   0x00000cfc   Code   RO          595    .text               stm32f4xx_rcc.o
    0x08003270   0x00000624   Code   RO          648    .text               stm32f4xx_sdio.o
    0x08003894   0x0000014c   Code   RO          682    .text               stm32f4xx_syscfg.o
    0x080039e0   0x00000e20   Code   RO          716    .text               stm32f4xx_usart.o
    0x08004800   0x00000040   Code   RO          752    .text               startup_stm32f4xx.o
    0x08004840   0x000003ac   Code   RO          757    .text               board.o
    0x08004bec   0x00000020   Code   RO          919    .text               platform.o
    0x08004c0c   0x00000338   Code   RO          939    .text               usart.o
    0x08004f44   0x00000070   Code   RO         1010    .text               stm32f4xx_it.o
    0x08004fb4   0x000006e4   Code   RO         1047    .text               stm32f4xx_sd.o
    0x08005698   0x00002764   Code   RO         1071    .text               stm32f4xx_eth.o
    0x08007dfc   0x000000ac   Code   RO         1142    .text               application.o
    0x08007ea8   0x000000d0   Code   RO         1237    .text               startup.o
    0x08007f78   0x00000158   Code   RO         1253    .text               tcpclient.o
    0x080080d0   0x0000021c   Code   RO         1286    .text               tcpserver.o
    0x080082ec   0x00000064   Code   RO         1305    .text               clock.o
    0x08008350   0x00000438   Code   RO         1319    .text               device.o
    0x08008788   0x00000168   Code   RO         1333    .text               idle.o
    0x080088f0   0x00001af8   Code   RO         1353    .text               ipc.o
    0x0800a3e8   0x00000048   Code   RO         1370    .text               irq.o
    0x0800a430   0x000009b0   Code   RO         1385    .text               kservice.o
    0x0800ade0   0x000009b0   Code   RO         1402    .text               mem.o
    0x0800b790   0x00000348   Code   RO         1438    .text               object.o
    0x0800bad8   0x00000334   Code   RO         1458    .text               scheduler.o
    0x0800be0c   0x000006b8   Code   RO         1479    .text               thread.o
    0x0800c4c4   0x00000560   Code   RO         1496    .text               timer.o
    0x0800ca24   0x000001c0   Code   RO         1515    .text               cpuport.o
    0x0800cbe4   0x00000110   Code   RO         1531    .text               context_rvds.o
    0x0800ccf4   0x000006b4   Code   RO         1569    .text               block_dev.o
    0x0800d3a8   0x0000088c   Code   RO         1586    .text               mmcsd_core.o
    0x0800dc34   0x00000a28   Code   RO         1610    .text               sd.o
    0x0800e65c   0x000017c8   Code   RO         1633    .text               sdio.o
    0x0800fe24   0x000005e8   Code   RO         1651    .text               serial.o
    0x0801040c   0x000004c4   Code   RO         1680    .text               dataqueue.o
    0x080108d0   0x000009f4   Code   RO         1753    .text               shell.o
    0x080112c4   0x00000b90   Code   RO         1785    .text               cmd.o
    0x08011e54   0x00001818   Code   RO         1808    .text               finsh_compiler.o
    0x0801366c   0x0000002c   Code   RO         1845    .text               finsh_error.o
    0x08013698   0x00000210   Code   RO         1861    .text               finsh_heap.o
    0x080138a8   0x00000058   Code   RO         1877    .text               finsh_init.o
    0x08013900   0x00000184   Code   RO         1895    .text               finsh_node.o
    0x08013a84   0x00000adc   Code   RO         1910    .text               finsh_ops.o
    0x08014560   0x0000097c   Code   RO         1928    .text               finsh_parser.o
    0x08014edc   0x00000198   Code   RO         1943    .text               finsh_var.o
    0x08015074   0x000000e4   Code   RO         1966    .text               finsh_vm.o
    0x08015158   0x0000063c   Code   RO         1993    .text               finsh_token.o
    0x08015794   0x000003fc   Code   RO         2008    .text               dfs.o
    0x08015b90   0x000005ec   Code   RO         2042    .text               dfs_fs.o
    0x0801617c   0x0000098c   Code   RO         2058    .text               dfs_file.o
    0x08016b08   0x00000550   Code   RO         2078    .text               dfs_posix.o
    0x08017058   0x00000b54   Code   RO         2097    .text               dfs_elm.o
    0x08017bac   0x00002500   Code   RO         2130    .text               ff.o
    0x0801a0ac   0x00000cbc   Code   RO         2145    .text               api_lib.o
    0x0801ad68   0x00001870   Code   RO         2221    .text               api_msg.o
    0x0801c5d8   0x000003b0   Code   RO         2276    .text               netbuf.o
    0x0801c988   0x000002bc   Code   RO         2291    .text               netdb.o
    0x0801cc44   0x000000f8   Code   RO         2328    .text               netifapi.o
    0x0801cd3c   0x00001c4c   Code   RO         2358    .text               sockets.o
    0x0801e988   0x000003e4   Code   RO         2400    .text               tcpip.o
    0x0801ed6c   0x0000085c   Code   RO         2450    .text               sys_arch.o
    0x0801f5c8   0x0000003e   Code   RO         2496    .text               def.o
    0x0801f606   0x00000002   PAD
    0x0801f608   0x0000074c   Code   RO         2514    .text               dns.o
    0x0801fd54   0x00000020   Code   RO         2533    .text               init.o
    0x0801fd74   0x000002e4   Code   RO         2618    .text               netif.o
    0x08020058   0x00000fdc   Code   RO         2654    .text               pbuf.o
    0x08021034   0x0000022c   Code   RO         2681    .text               raw.o
    0x08021260   0x000014cc   Code   RO         2713    .text               tcp.o
    0x0802272c   0x00001ce0   Code   RO         2740    .text               tcp_in.o
    0x0802440c   0x000011ec   Code   RO         2766    .text               tcp_out.o
    0x080255f8   0x000002c4   Code   RO         2779    .text               timers.o
    0x080258bc   0x00000550   Code   RO         2805    .text               udp.o
    0x08025e0c   0x000003a4   Code   RO         2829    .text               icmp.o
    0x080261b0   0x00000250   Code   RO         2854    .text               inet_chksum.o
    0x08026400   0x00000388   Code   RO         2867    .text               ip.o
    0x08026788   0x000002d4   Code   RO         2891    .text               ip_addr.o
    0x08026a5c   0x00000e94   Code   RO         2920    .text               etharp.o
    0x080278f0   0x000009cc   Code   RO         2940    .text               ethernetif.o
    0x080282bc   0x00000040   Code   RO         2987    .text               components.o
    0x080282fc   0x0000001a   Code   RO         3010    .text               c_w.l(atoi.o)
    0x08028316   0x00000058   Code   RO         3012    .text               c_w.l(memcmp.o)
    0x0802836e   0x00000048   Code   RO         3014    .text               c_w.l(strcpy.o)
    0x080283b6   0x00000016   Code   RO         3016    .text               c_w.l(strrchr.o)
    0x080283cc   0x0000003e   Code   RO         3018    .text               c_w.l(strlen.o)
    0x0802840a   0x00000096   Code   RO         3020    .text               c_w.l(strncmp.o)
    0x080284a0   0x0000008a   Code   RO         3022    .text               c_w.l(rt_memcpy_v6.o)
    0x0802852a   0x00000064   Code   RO         3024    .text               c_w.l(rt_memcpy_w.o)
    0x0802858e   0x00000044   Code   RO         3026    .text               c_w.l(rt_memclr.o)
    0x080285d2   0x0000004e   Code   RO         3028    .text               c_w.l(rt_memclr_w.o)
    0x08028620   0x00000056   Code   RO         3030    .text               c_w.l(strncpy.o)
    0x08028676   0x00000002   PAD
    0x08028678   0x00000080   Code   RO         3032    .text               c_w.l(strcmpv7m.o)
    0x080286f8   0x000001a4   Code   RO         3034    .text               c_w.l(mktime.o)
    0x0802889c   0x00000006   Code   RO         3036    .text               c_w.l(heapauxi.o)
    0x080288a2   0x00000002   PAD
    0x080288a4   0x00000008   Code   RO         3044    .text               c_w.l(rt_errno_addr_intlibspace.o)
    0x080288ac   0x00000070   Code   RO         3046    .text               c_w.l(strtol.o)
    0x0802891c   0x00000008   Code   RO         3049    .text               c_w.l(libspace.o)
    0x08028924   0x00000010   Code   RO         3067    .text               c_w.l(rt_ctype_table.o)
    0x08028934   0x0000009e   Code   RO         3069    .text               c_w.l(_strtoul.o)
    0x080289d2   0x0000004a   Code   RO         3071    .text               c_w.l(sys_stackheap_outer.o)
    0x08028a1c   0x00000008   Code   RO         3076    .text               c_w.l(rt_locale_intlibspace.o)
    0x08028a24   0x0000001c   Code   RO         3078    .text               c_w.l(_chval.o)
    0x08028a40   0x0000000c   Code   RO         3083    .text               c_w.l(exit.o)
    0x08028a4c   0x0000000c   Code   RO         3147    .text               c_w.l(sys_exit.o)
    0x08028a58   0x00000002   Code   RO         3158    .text               c_w.l(use_no_semi.o)
    0x08028a5a   0x00000000   Code   RO         3160    .text               c_w.l(indicate_semi.o)
    0x08028a5a   0x00000002   PAD
    0x08028a5c   0x0000002c   Code   RO         3081    locale$$code        c_w.l(lc_ctype_c.o)
    0x08028a88   0x0000000a   Code   RO         3145    x$fpl$fpinit        fz_wm.l(fpinit.o)
    0x08028a92   0x00000002   PAD
    0x08028a94   0x00000048   Data   RO          411    .constdata          stm32f4xx_dma.o
    0x08028adc   0x00000048   Data   RO          428    .constdata          stm32f4xx_exti.o
    0x08028b24   0x00000048   Data   RO          479    .constdata          stm32f4xx_gpio.o
    0x08028b6c   0x00000048   Data   RO          596    .constdata          stm32f4xx_rcc.o
    0x08028bb4   0x00000048   Data   RO          649    .constdata          stm32f4xx_sdio.o
    0x08028bfc   0x0000004c   Data   RO          683    .constdata          stm32f4xx_syscfg.o
    0x08028c48   0x00000048   Data   RO          717    .constdata          stm32f4xx_usart.o
    0x08028c90   0x0000000c   Data   RO          758    .constdata          board.o
    0x08028c9c   0x00000048   Data   RO          941    .constdata          usart.o
    0x08028ce4   0x00000010   Data   RO         1049    .constdata          stm32f4xx_sd.o
    0x08028cf4   0x0000001b   Data   RO         1073    .constdata          stm32f4xx_eth.o
    0x08028d0f   0x00000040   Data   RO         1254    .constdata          tcpclient.o
    0x08028d4f   0x00000001   PAD
    0x08028d50   0x0000003e   Data   RO         1287    .constdata          tcpserver.o
    0x08028d8e   0x000000a8   Data   RO         1320    .constdata          device.o
    0x08028e36   0x00000016   Data   RO         1335    .constdata          idle.o
    0x08028e4c   0x000001d7   Data   RO         1354    .constdata          ipc.o
    0x08029023   0x00000122   Data   RO         1387    .constdata          kservice.o
    0x08029145   0x00000003   PAD
    0x08029148   0x00000160   Data   RO         1404    .constdata          mem.o
    0x080292a8   0x0000005e   Data   RO         1439    .constdata          object.o
    0x08029306   0x0000004e   Data   RO         1460    .constdata          scheduler.o
    0x08029354   0x000000aa   Data   RO         1480    .constdata          thread.o
    0x080293fe   0x0000005c   Data   RO         1497    .constdata          timer.o
    0x0802945a   0x00000013   Data   RO         1516    .constdata          cpuport.o
    0x0802946d   0x00000013   Data   RO         1588    .constdata          mmcsd_core.o
    0x08029480   0x000000c0   Data   RO         1611    .constdata          sd.o
    0x08029540   0x0000011d   Data   RO         1634    .constdata          sdio.o
    0x0802965d   0x00000086   Data   RO         1652    .constdata          serial.o
    0x080296e3   0x0000004b   Data   RO         1681    .constdata          dataqueue.o
    0x0802972e   0x00000060   Data   RO         1755    .constdata          shell.o
    0x0802978e   0x00000002   PAD
    0x08029790   0x00000293   Data   RO         1786    .constdata          cmd.o
    0x08029a23   0x00000001   PAD
    0x08029a24   0x000000c4   Data   RO         1911    .constdata          finsh_ops.o
    0x08029ae8   0x00000040   Data   RO         1994    .constdata          finsh_token.o
    0x08029b28   0x00000023   Data   RO         2010    .constdata          dfs.o
    0x08029b4b   0x00000046   Data   RO         2043    .constdata          dfs_fs.o
    0x08029b91   0x0000005f   Data   RO         2060    .constdata          dfs_file.o
    0x08029bf0   0x00000019   Data   RO         2079    .constdata          dfs_posix.o
    0x08029c09   0x00000003   PAD
    0x08029c0c   0x000000ff   Data   RO         2098    .constdata          dfs_elm.o
    0x08029d0b   0x00000001   PAD
    0x08029d0c   0x0000002c   Data   RO         2131    .constdata          ff.o
    0x08029d38   0x00000040   Data   RO         2360    .constdata          sockets.o
    0x08029d78   0x000000f8   Data   RO         2451    .constdata          sys_arch.o
    0x08029e70   0x0000001c   Data   RO         2585    .constdata          memp.o
    0x08029e8c   0x00000050   Data   RO         2714    .constdata          tcp.o
    0x08029edc   0x00000055   Data   RO         2767    .constdata          tcp_out.o
    0x08029f31   0x00000003   PAD
    0x08029f34   0x00000044   Data   RO         2830    .constdata          icmp.o
    0x08029f78   0x00000049   Data   RO         2855    .constdata          inet_chksum.o
    0x08029fc1   0x00000003   PAD
    0x08029fc4   0x0000004d   Data   RO         2893    .constdata          ip_addr.o
    0x0802a011   0x00000003   PAD
    0x0802a014   0x00000050   Data   RO         2922    .constdata          etharp.o
    0x0802a064   0x0000011c   Data   RO         2942    .constdata          ethernetif.o
    0x0802a180   0x0000000c   Data   RO         3048    .constdata          c_w.l(_monlen.o)
    0x0802a18c   0x000000e9   Data   RO         1787    .conststring        cmd.o
    0x0802a275   0x000000d8   Data   RO         1846    .conststring        finsh_error.o
    0x0802a34d   0x0000002c   Data   RO         1995    .conststring        finsh_token.o
    0x0802a379   0x00000004   Data   RO         2099    .conststring        dfs_elm.o
    0x0802a37d   0x00000068   Data   RO         2715    .conststring        tcp.o
    0x0802a3e5   0x00000003   PAD
    0x0802a3e8   0x00000004   Data   RO         2988    .rti_fn.0           components.o
    0x0802a3ec   0x00000004   Data   RO         2989    .rti_fn.1.post      components.o
    0x0802a3f0   0x00000004   Data   RO         2943    .rti_fn.2           ethernetif.o
    0x0802a3f4   0x00000004   Data   RO         1757    .rti_fn.3           shell.o
    0x0802a3f8   0x00000004   Data   RO         2011    .rti_fn.3           dfs.o
    0x0802a3fc   0x00000004   Data   RO         2453    .rti_fn.3           sys_arch.o
    0x0802a400   0x00000004   Data   RO         2101    .rti_fn.4           dfs_elm.o
    0x0802a404   0x00000004   Data   RO         2990    .rti_fn.7           components.o
    0x0802a408   0x0000000c   Data   RO          759    FSymTab             board.o
    0x0802a414   0x0000000c   Data   RO         1075    FSymTab             stm32f4xx_eth.o
    0x0802a420   0x0000000c   Data   RO         1255    FSymTab             tcpclient.o
    0x0802a42c   0x0000000c   Data   RO         1288    FSymTab             tcpserver.o
    0x0802a438   0x0000000c   Data   RO         1406    FSymTab             mem.o
    0x0802a444   0x00000090   Data   RO         1789    FSymTab             cmd.o
    0x0802a4d4   0x00000018   Data   RO         2044    FSymTab             dfs_fs.o
    0x0802a4ec   0x00000030   Data   RO         2061    FSymTab             dfs_file.o
    0x0802a51c   0x0000000c   Data   RO         2080    FSymTab             dfs_posix.o
    0x0802a528   0x00000030   Data   RO         2944    FSymTab             ethernetif.o
    0x0802a558   0x00000020   Data   RO         3212    Region$$Table       anon$$obj.o
    0x0802a578   0x00000010   Data   RO         1790    VSymTab             cmd.o
    0x0802a588   0x00000110   Data   RO         3080    locale$$data        c_w.l(lc_ctype_c.o)


    Execution Region RW_IRAM1 (Base: 0x20000000, Size: 0x000055b8, Max: 0x00020000, ABSOLUTE, COMPRESSED[0x000000a4])

    Base Addr    Size         Type   Attr      Idx    E Section Name        Object

    0x20000000   0x00000014   Data   RW            3    .data               system_stm32f4xx.o
    0x20000014   0x00000010   Data   RW          597    .data               stm32f4xx_rcc.o
    0x20000024   0x00000008   Data   RW          942    .data               usart.o
    0x2000002c   0x00000004   Data   RW         1050    .data               stm32f4xx_sd.o
    0x20000030   0x00000018   Data   RW         1074    .data               stm32f4xx_eth.o
    0x20000048   0x00000004   Data   RW         1306    .data               clock.o
    0x2000004c   0x00000004   Data   RW         1336    .data               idle.o
    0x20000050   0x00000001   Data   RW         1371    .data               irq.o
    0x20000051   0x00000003   PAD
    0x20000054   0x00000008   Data   RW         1388    .data               kservice.o
    0x2000005c   0x00000020   Data   RW         1405    .data               mem.o
    0x2000007c   0x000000a4   Data   RW         1440    .data               object.o
    0x20000120   0x0000001c   Data   RW         1461    .data               scheduler.o
    0x2000013c   0x00000010   Data   RW         1498    .data               timer.o
    0x2000014c   0x00000010   Data   RW         1517    .data               cpuport.o
    0x2000015c   0x00000008   Data   RW         1570    .data               block_dev.o
    0x20000164   0x00000010   Data   RW         1635    .data               sdio.o
    0x20000174   0x00000004   Data   RW         1756    .data               shell.o
    0x20000178   0x00000010   Data   RW         1772    .data               symbol.o
    0x20000188   0x00000004   Data   RW         1788    .data               cmd.o
    0x2000018c   0x00000008   Data   RW         1809    .data               finsh_compiler.o
    0x20000194   0x0000003d   Data   RW         1847    .data               finsh_error.o
    0x200001d1   0x00000003   PAD
    0x200001d4   0x00000008   Data   RW         1863    .data               finsh_heap.o
    0x200001dc   0x00000004   Data   RW         1945    .data               finsh_var.o
    0x200001e0   0x0000000c   Data   RW         1968    .data               finsh_vm.o
    0x200001ec   0x00000008   Data   RW         2100    .data               dfs_elm.o
    0x200001f4   0x0000000a   Data   RW         2132    .data               ff.o
    0x200001fe   0x00000002   PAD
    0x20000200   0x00000014   Data   RW         2293    .data               netdb.o
    0x20000214   0x00000008   Data   RW         2361    .data               sockets.o
    0x2000021c   0x0000000c   Data   RW         2401    .data               tcpip.o
    0x20000228   0x00000006   Data   RW         2452    .data               sys_arch.o
    0x2000022e   0x00000002   PAD
    0x20000230   0x00000014   Data   RW         2516    .data               dns.o
    0x20000244   0x00000009   Data   RW         2619    .data               netif.o
    0x2000024d   0x00000001   Data   RW         2655    .data               pbuf.o
    0x2000024e   0x00000002   PAD
    0x20000250   0x00000004   Data   RW         2682    .data               raw.o
    0x20000254   0x00000023   Data   RW         2716    .data               tcp.o
    0x20000277   0x00000001   PAD
    0x20000278   0x00000020   Data   RW         2742    .data               tcp_in.o
    0x20000298   0x00000008   Data   RW         2780    .data               timers.o
    0x200002a0   0x00000008   Data   RW         2806    .data               udp.o
    0x200002a8   0x00000012   Data   RW         2868    .data               ip.o
    0x200002ba   0x00000001   Data   RW         2923    .data               etharp.o
    0x200002bb   0x00000001   PAD
    0x200002bc   0x000000c0   Zero   RW          940    .bss                usart.o
    0x2000037c   0x00000044   Zero   RW         1048    .bss                stm32f4xx_sd.o
    0x200003c0   0x00002500   Zero   RW         1072    .bss                stm32f4xx_eth.o
    0x200028c0   0x00000480   Zero   RW         1334    .bss                idle.o
    0x20002d40   0x00000080   Zero   RW         1386    .bss                kservice.o
    0x20002dc0   0x00000020   Zero   RW         1403    .bss                mem.o
    0x20002de0   0x00000100   Zero   RW         1459    .bss                scheduler.o
    0x20002ee0   0x000004c0   Zero   RW         1587    .bss                mmcsd_core.o
    0x200033a0   0x00000880   Zero   RW         1754    .bss                shell.o
    0x20003c20   0x00000080   Zero   RW         1862    .bss                finsh_heap.o
    0x20003ca0   0x00000140   Zero   RW         1896    .bss                finsh_node.o
    0x20003de0   0x000000c0   Zero   RW         1944    .bss                finsh_var.o
    0x20003ea0   0x00000180   Zero   RW         1967    .bss                finsh_vm.o
    0x20004020   0x000000d4   Zero   RW         2009    .bss                dfs.o
    0x200040f4   0x00000124   Zero   RW         2059    .bss                dfs_file.o
    0x20004218   0x00000014   Zero   RW         2292    .bss                netdb.o
    0x2000422c   0x00000060   Zero   RW         2359    .bss                sockets.o
    0x2000428c   0x00000663   Zero   RW         2515    .bss                dns.o
    0x200048ef   0x00000001   PAD
    0x200048f0   0x00000010   Zero   RW         2741    .bss                tcp_in.o
    0x20004900   0x00000010   Zero   RW         2892    .bss                ip_addr.o
    0x20004910   0x000000c8   Zero   RW         2921    .bss                etharp.o
    0x200049d8   0x00000580   Zero   RW         2941    .bss                ethernetif.o
    0x20004f58   0x00000060   Zero   RW         3050    .bss                c_w.l(libspace.o)
    0x20004fb8   0x00000200   Zero   RW          750    HEAP                startup_stm32f4xx.o
    0x200051b8   0x00000400   Zero   RW          749    STACK               startup_stm32f4xx.o


==============================================================================

Image component sizes


      Code (inc. data)   RO Data    RW Data    ZI Data      Debug   Object Name

      3260        878          0          0          0      26446   api_lib.o
      6256       1268          0          0          0      22123   api_msg.o
       172         84          0          0          0       9546   application.o
      1716        326          0          8          0       6655   block_dev.o
       940         46         24          0          0     291308   board.o
       100          6          0          4          0       1520   clock.o
      2960       1194       1052          4          0      10279   cmd.o
        64         12         12          0          0       1634   components.o
       272         24          0          0          0        792   context_rvds.o
       448        220         19         16          0       3663   cpuport.o
      1220        144         75          0          0       6301   dataqueue.o
        62          0          0          0          0       1230   def.o
      1080        166        168          0          0       5117   device.o
      1020        160         39          0        212       8567   dfs.o
      2900        262        263          8          0      17198   dfs_elm.o
      2444        324        143          0        292       8603   dfs_file.o
      1516        284         94          0          0       5368   dfs_fs.o
      1360         48         37          0          0       8587   dfs_posix.o
      1868        272          0         20       1635       7944   dns.o
      3732        614         80          1        200      10399   etharp.o
      2508        768        336          0       1408      21262   ethernetif.o
      9472        138         44         10          0      24649   ff.o
      6168        154          0          8          0      10574   finsh_compiler.o
        44         10        216         61          0       1617   finsh_error.o
       528         18          0          8        128       3307   finsh_heap.o
        88          6          0          0          0       1596   finsh_init.o
       388          4          0          0        320       3304   finsh_node.o
      2780         36        196          0          0       8760   finsh_ops.o
      2428         32          0          0          0       9461   finsh_parser.o
      1596         16        108          0          0       5748   finsh_token.o
       408         16          0          4        192       7065   finsh_var.o
       228         34          0         12        384       6710   finsh_vm.o
       932        292         68          0          0       2467   icmp.o
       360        104         22          4       1152       2751   idle.o
       592         18         73          0          0       3069   inet_chksum.o
        32          0          0          0          0      15152   init.o
       904        154          0         18          0       6291   ip.o
       724         26         77          0         16       9539   ip_addr.o
      6904        466        471          0          0      21267   ipc.o
        72          6          0          1          0       1326   irq.o
      2480        170        290          8        128      10920   kservice.o
      2480        586        364         32         32       5887   mem.o
         0          0         28          0          0       1185   memp.o
       508         88          0          0          0     260885   misc.o
      2188        234         19          0       1216      16584   mmcsd_core.o
       944        328          0          0          0       4109   netbuf.o
       700        146          0         20         20       9963   netdb.o
       740        110          0          9          0      15538   netif.o
       248          0          0          0          0       4069   netifapi.o
       840        184         94        164          0       5768   object.o
      4060       1164          0          1          0       9995   pbuf.o
        32          0          0          0          0        463   platform.o
       556        118          0          4          0       3469   raw.o
         0          0          0          0          0        376   ringbuffer.o
       820        180         78         28        256       4725   scheduler.o
      2600        208        192          0          0      14493   sd.o
      6088        906        285         16          0      21018   sdio.o
      1512        212        134          0          0       5769   serial.o
      2548        308        100          4       2176       5263   shell.o
      7244        644         64          8         96      29689   sockets.o
       208         98          0          0          0       1231   startup.o
        64         26        392          0       1536        900   startup_stm32f4xx.o
      4952        310         72          0          0       8697   stm32f4xx_dma.o
     10084        450         39         24       9472      83367   stm32f4xx_eth.o
       724         14         72          0          0       2767   stm32f4xx_exti.o
      2248         86         72          0          0       5257   stm32f4xx_gpio.o
       112          0          0          0          0       1326   stm32f4xx_it.o
      3324        218         72         16          0      12951   stm32f4xx_rcc.o
      1764        158         16          4         68       5701   stm32f4xx_sd.o
      1572         52         72          0          0       8288   stm32f4xx_sdio.o
       332         16         76          0          0       1835   stm32f4xx_syscfg.o
      3616        118         72          0          0       9624   stm32f4xx_usart.o
         0          0          0         16          0       4105   symbol.o
      2140        356        252          6          0      12640   sys_arch.o
       524         44          0         20          0       6295   system_stm32f4xx.o
      5324       1112        184         35          0      22128   tcp.o
      7392       1044          0         32         16      16311   tcp_in.o
      4588        848         85          0          0       9787   tcp_out.o
       344         96         76          0          0      12789   tcpclient.o
       996        178          0         12          0      17266   tcpip.o
       540        204         74          0          0       5763   tcpserver.o
      1720        246        170          0          0       7738   thread.o
      1376        150         92         16          0       7389   timer.o
       708        162          0          8          0       4311   timers.o
      1360        186          0          8          0       7186   udp.o
       824        118         72          8        192      33497   usart.o

    ----------------------------------------------------------------------
    163972      20506       7280        700      21148    1358512   Object Totals
         0          0         32          0          0          0   (incl. Generated)
         2          0         23         14          1          0   (incl. Padding)

    ----------------------------------------------------------------------

      Code (inc. data)   RO Data    RW Data    ZI Data      Debug   Library Member Name

        90          0          0          0          0          0   __dczerorl2.o
         8          0          0          0          0         68   __main.o
        52          8          0          0          0          0   __scatter.o
        28          0          0          0          0          0   __scatter_zi.o
        28          0          0          0          0         68   _chval.o
         0          0         12          0          0          0   _monlen.o
       158          0          0          0          0         92   _strtoul.o
        26          0          0          0          0         80   atoi.o
        12          0          0          0          0         72   exit.o
         6          0          0          0          0        152   heapauxi.o
         0          0          0          0          0          0   indicate_semi.o
        44         10        272          0          0         76   lc_ctype_c.o
         2          0          0          0          0          0   libinit.o
        24          0          0          0          0          0   libinit2.o
         2          0          0          0          0          0   libshutdown.o
         2          0          0          0          0          0   libshutdown2.o
         8          4          0          0         96         68   libspace.o
        88          0          0          0          0         76   memcmp.o
       420          8          0          0          0        128   mktime.o
        16          4          0          0          0         76   rt_ctype_table.o
         8          4          0          0          0         68   rt_errno_addr_intlibspace.o
         8          4          0          0          0         68   rt_locale_intlibspace.o
        68          0          0          0          0         68   rt_memclr.o
        78          0          0          0          0         80   rt_memclr_w.o
       138          0          0          0          0         68   rt_memcpy_v6.o
       100          0          0          0          0         80   rt_memcpy_w.o
         0          0          0          0          0          0   rtentry.o
        12          0          0          0          0          0   rtentry2.o
         6          0          0          0          0          0   rtentry4.o
         2          0          0          0          0          0   rtexit.o
        10          0          0          0          0          0   rtexit2.o
       128          0          0          0          0         68   strcmpv7m.o
        72          0          0          0          0         80   strcpy.o
        62          0          0          0          0         76   strlen.o
       150          0          0          0          0         80   strncmp.o
        86          0          0          0          0         76   strncpy.o
        22          0          0          0          0         68   strrchr.o
       112          0          0          0          0         88   strtol.o
        12          4          0          0          0         68   sys_exit.o
        74          0          0          0          0         80   sys_stackheap_outer.o
         2          0          0          0          0         68   use_no_semi.o
        10          0          0          0          0        116   fpinit.o

    ----------------------------------------------------------------------
      2184         46        284          0         96       2256   Library Totals
        10          0          0          0          0          0   (incl. Padding)

    ----------------------------------------------------------------------

      Code (inc. data)   RO Data    RW Data    ZI Data      Debug   Library Name

      2164         46        284          0         96       2140   c_w.l
        10          0          0          0          0        116   fz_wm.l

    ----------------------------------------------------------------------
      2184         46        284          0         96       2256   Library Totals

    ----------------------------------------------------------------------

==============================================================================


      Code (inc. data)   RO Data    RW Data    ZI Data      Debug   

    166156      20552       7564        700      21244    1344568   Grand Totals
    166156      20552       7564        164      21244    1344568   ELF Image Totals (compressed)
    166156      20552       7564        164          0          0   ROM Totals

==============================================================================

    Total RO  Size (Code + RO Data)               173720 ( 169.65kB)
    Total RW  Size (RW Data + ZI Data)             21944 (  21.43kB)
    Total ROM Size (Code + RO Data + RW Data)     173884 ( 169.81kB)

==============================================================================

